<?xml version="1.0" encoding="ISO-8859-1" ?>
<link_info>
   <banner>TI ARM Linker Unix v20.2.7.LTS</banner>
   <copyright>Copyright (c) 1996-2018 Texas Instruments Incorporated</copyright>
   <link_time>0x691bf82d</link_time>
   <link_errors>0x0</link_errors>
   <output_file>TWSBR_CodeBase.out</output_file>
   <entry_point>
      <name>_c_int00_noargs</name>
      <address>0x36fd</address>
   </entry_point>
   <input_file_list>
      <input_file id="fl-2">
         <path>./</path>
         <kind>object</kind>
         <file>main.obj</file>
         <name>main.obj</name>
      </input_file>
      <input_file id="fl-3">
         <path>./</path>
         <kind>object</kind>
         <file>tm4c123gh6pm_startup_ccs.obj</file>
         <name>tm4c123gh6pm_startup_ccs.obj</name>
      </input_file>
      <input_file id="fl-c">
         <kind>object</kind>
         <file>&lt;internal&gt;</file>
         <name>&lt;internal&gt;</name>
      </input_file>
      <input_file id="fl-d">
         <path>/home/akshat/workspace_v12/TWSBR_ESP01_Tuner/Debug/</path>
         <kind>archive</kind>
         <file>TWSBR_ESP01_Tuner.lib</file>
         <name>main.obj</name>
      </input_file>
      <input_file id="fl-e">
         <path>/home/akshat/workspace_v12/TWSBR_PIDController/Debug/</path>
         <kind>archive</kind>
         <file>TWSBR_PIDController.lib</file>
         <name>main.obj</name>
      </input_file>
      <input_file id="fl-f">
         <path>/home/akshat/workspace_v12/TWSBR_Wheel/Debug/</path>
         <kind>archive</kind>
         <file>TWSBR_Wheel.lib</file>
         <name>main.obj</name>
      </input_file>
      <input_file id="fl-10">
         <path>/home/akshat/ti/TivaWare_C_Series-2.2.0.295/driverlib/ccs/Debug/</path>
         <kind>archive</kind>
         <file>driverlib.lib</file>
         <name>gpio.obj</name>
      </input_file>
      <input_file id="fl-11">
         <path>/home/akshat/ti/TivaWare_C_Series-2.2.0.295/driverlib/ccs/Debug/</path>
         <kind>archive</kind>
         <file>driverlib.lib</file>
         <name>interrupt.obj</name>
      </input_file>
      <input_file id="fl-12">
         <path>/home/akshat/ti/TivaWare_C_Series-2.2.0.295/driverlib/ccs/Debug/</path>
         <kind>archive</kind>
         <file>driverlib.lib</file>
         <name>pwm.obj</name>
      </input_file>
      <input_file id="fl-13">
         <path>/home/akshat/ti/TivaWare_C_Series-2.2.0.295/driverlib/ccs/Debug/</path>
         <kind>archive</kind>
         <file>driverlib.lib</file>
         <name>qei.obj</name>
      </input_file>
      <input_file id="fl-14">
         <path>/home/akshat/ti/TivaWare_C_Series-2.2.0.295/driverlib/ccs/Debug/</path>
         <kind>archive</kind>
         <file>driverlib.lib</file>
         <name>sysctl.obj</name>
      </input_file>
      <input_file id="fl-15">
         <path>/home/akshat/ti/TivaWare_C_Series-2.2.0.295/driverlib/ccs/Debug/</path>
         <kind>archive</kind>
         <file>driverlib.lib</file>
         <name>timer.obj</name>
      </input_file>
      <input_file id="fl-16">
         <path>/home/akshat/ti/TivaWare_C_Series-2.2.0.295/driverlib/ccs/Debug/</path>
         <kind>archive</kind>
         <file>driverlib.lib</file>
         <name>uart.obj</name>
      </input_file>
      <input_file id="fl-17">
         <path>/home/akshat/ti/TivaWare_C_Series-2.2.0.295/driverlib/ccs/Debug/</path>
         <kind>archive</kind>
         <file>driverlib.lib</file>
         <name>cpu.obj</name>
      </input_file>
      <input_file id="fl-cd">
         <path>/home/akshat/ti/ccs1110/ccs/tools/compiler/ti-cgt-arm_20.2.7.LTS/lib/</path>
         <kind>archive</kind>
         <file>rtsv7M4_T_le_v4SPD16_eabi.lib</file>
         <name>e_atan2.c.obj</name>
      </input_file>
      <input_file id="fl-ce">
         <path>/home/akshat/ti/ccs1110/ccs/tools/compiler/ti-cgt-arm_20.2.7.LTS/lib/</path>
         <kind>archive</kind>
         <file>rtsv7M4_T_le_v4SPD16_eabi.lib</file>
         <name>s_atan.c.obj</name>
      </input_file>
      <input_file id="fl-cf">
         <path>/home/akshat/ti/ccs1110/ccs/tools/compiler/ti-cgt-arm_20.2.7.LTS/lib/</path>
         <kind>archive</kind>
         <file>rtsv7M4_T_le_v4SPD16_eabi.lib</file>
         <name>fd_add_t2.asm.obj</name>
      </input_file>
      <input_file id="fl-d0">
         <path>/home/akshat/ti/ccs1110/ccs/tools/compiler/ti-cgt-arm_20.2.7.LTS/lib/</path>
         <kind>archive</kind>
         <file>rtsv7M4_T_le_v4SPD16_eabi.lib</file>
         <name>fd_cmp_t2.asm.obj</name>
      </input_file>
      <input_file id="fl-d1">
         <path>/home/akshat/ti/ccs1110/ccs/tools/compiler/ti-cgt-arm_20.2.7.LTS/lib/</path>
         <kind>archive</kind>
         <file>rtsv7M4_T_le_v4SPD16_eabi.lib</file>
         <name>fd_div_t2.asm.obj</name>
      </input_file>
      <input_file id="fl-d2">
         <path>/home/akshat/ti/ccs1110/ccs/tools/compiler/ti-cgt-arm_20.2.7.LTS/lib/</path>
         <kind>archive</kind>
         <file>rtsv7M4_T_le_v4SPD16_eabi.lib</file>
         <name>fd_mul_t2.asm.obj</name>
      </input_file>
      <input_file id="fl-d3">
         <path>/home/akshat/ti/ccs1110/ccs/tools/compiler/ti-cgt-arm_20.2.7.LTS/lib/</path>
         <kind>archive</kind>
         <file>rtsv7M4_T_le_v4SPD16_eabi.lib</file>
         <name>fd_tos_t2.asm.obj</name>
      </input_file>
      <input_file id="fl-d4">
         <path>/home/akshat/ti/ccs1110/ccs/tools/compiler/ti-cgt-arm_20.2.7.LTS/lib/</path>
         <kind>archive</kind>
         <file>rtsv7M4_T_le_v4SPD16_eabi.lib</file>
         <name>fs_tod_t2.asm.obj</name>
      </input_file>
      <input_file id="fl-d5">
         <path>/home/akshat/ti/ccs1110/ccs/tools/compiler/ti-cgt-arm_20.2.7.LTS/lib/</path>
         <kind>archive</kind>
         <file>rtsv7M4_T_le_v4SPD16_eabi.lib</file>
         <name>copy_zero_init.c.obj</name>
      </input_file>
      <input_file id="fl-d6">
         <path>/home/akshat/ti/ccs1110/ccs/tools/compiler/ti-cgt-arm_20.2.7.LTS/lib/</path>
         <kind>archive</kind>
         <file>rtsv7M4_T_le_v4SPD16_eabi.lib</file>
         <name>copy_decompress_none.c.obj</name>
      </input_file>
      <input_file id="fl-d7">
         <path>/home/akshat/ti/ccs1110/ccs/tools/compiler/ti-cgt-arm_20.2.7.LTS/lib/</path>
         <kind>archive</kind>
         <file>rtsv7M4_T_le_v4SPD16_eabi.lib</file>
         <name>copy_decompress_lzss.c.obj</name>
      </input_file>
      <input_file id="fl-d8">
         <path>/home/akshat/ti/ccs1110/ccs/tools/compiler/ti-cgt-arm_20.2.7.LTS/lib/</path>
         <kind>archive</kind>
         <file>rtsv7M4_T_le_v4SPD16_eabi.lib</file>
         <name>atoi.c.obj</name>
      </input_file>
      <input_file id="fl-d9">
         <path>/home/akshat/ti/ccs1110/ccs/tools/compiler/ti-cgt-arm_20.2.7.LTS/lib/</path>
         <kind>archive</kind>
         <file>rtsv7M4_T_le_v4SPD16_eabi.lib</file>
         <name>ctype.c.obj</name>
      </input_file>
      <input_file id="fl-da">
         <path>/home/akshat/ti/ccs1110/ccs/tools/compiler/ti-cgt-arm_20.2.7.LTS/lib/</path>
         <kind>archive</kind>
         <file>rtsv7M4_T_le_v4SPD16_eabi.lib</file>
         <name>strchr.c.obj</name>
      </input_file>
      <input_file id="fl-db">
         <path>/home/akshat/ti/ccs1110/ccs/tools/compiler/ti-cgt-arm_20.2.7.LTS/lib/</path>
         <kind>archive</kind>
         <file>rtsv7M4_T_le_v4SPD16_eabi.lib</file>
         <name>strncpy.c.obj</name>
      </input_file>
      <input_file id="fl-dc">
         <path>/home/akshat/ti/ccs1110/ccs/tools/compiler/ti-cgt-arm_20.2.7.LTS/lib/</path>
         <kind>archive</kind>
         <file>rtsv7M4_T_le_v4SPD16_eabi.lib</file>
         <name>strstr.c.obj</name>
      </input_file>
      <input_file id="fl-dd">
         <path>/home/akshat/ti/ccs1110/ccs/tools/compiler/ti-cgt-arm_20.2.7.LTS/lib/</path>
         <kind>archive</kind>
         <file>rtsv7M4_T_le_v4SPD16_eabi.lib</file>
         <name>boot_cortex_m.c.obj</name>
      </input_file>
      <input_file id="fl-de">
         <path>/home/akshat/ti/ccs1110/ccs/tools/compiler/ti-cgt-arm_20.2.7.LTS/lib/</path>
         <kind>archive</kind>
         <file>rtsv7M4_T_le_v4SPD16_eabi.lib</file>
         <name>memcpy_t2.asm.obj</name>
      </input_file>
      <input_file id="fl-df">
         <path>/home/akshat/ti/ccs1110/ccs/tools/compiler/ti-cgt-arm_20.2.7.LTS/lib/</path>
         <kind>archive</kind>
         <file>rtsv7M4_T_le_v4SPD16_eabi.lib</file>
         <name>memset_t2.asm.obj</name>
      </input_file>
      <input_file id="fl-e0">
         <path>/home/akshat/ti/ccs1110/ccs/tools/compiler/ti-cgt-arm_20.2.7.LTS/lib/</path>
         <kind>archive</kind>
         <file>rtsv7M4_T_le_v4SPD16_eabi.lib</file>
         <name>autoinit.c.obj</name>
      </input_file>
      <input_file id="fl-e1">
         <path>/home/akshat/ti/ccs1110/ccs/tools/compiler/ti-cgt-arm_20.2.7.LTS/lib/</path>
         <kind>archive</kind>
         <file>rtsv7M4_T_le_v4SPD16_eabi.lib</file>
         <name>pre_init.c.obj</name>
      </input_file>
      <input_file id="fl-e2">
         <path>/home/akshat/ti/ccs1110/ccs/tools/compiler/ti-cgt-arm_20.2.7.LTS/lib/</path>
         <kind>archive</kind>
         <file>rtsv7M4_T_le_v4SPD16_eabi.lib</file>
         <name>cpy_tbl.c.obj</name>
      </input_file>
      <input_file id="fl-e3">
         <path>/home/akshat/ti/ccs1110/ccs/tools/compiler/ti-cgt-arm_20.2.7.LTS/lib/</path>
         <kind>archive</kind>
         <file>rtsv7M4_T_le_v4SPD16_eabi.lib</file>
         <name>exit.c.obj</name>
      </input_file>
      <input_file id="fl-e4">
         <path>/home/akshat/ti/ccs1110/ccs/tools/compiler/ti-cgt-arm_20.2.7.LTS/lib/</path>
         <kind>archive</kind>
         <file>rtsv7M4_T_le_v4SPD16_eabi.lib</file>
         <name>_lock.c.obj</name>
      </input_file>
      <input_file id="fl-e5">
         <path>/home/akshat/ti/ccs1110/ccs/tools/compiler/ti-cgt-arm_20.2.7.LTS/lib/</path>
         <kind>archive</kind>
         <file>rtsv7M4_T_le_v4SPD16_eabi.lib</file>
         <name>args_main.c.obj</name>
      </input_file>
      <input_file id="fl-e6">
         <path>/home/akshat/workspace_v12/TWSBR_MPU9250/Debug/</path>
         <kind>archive</kind>
         <file>TWSBR_MPU9250.lib</file>
         <name>main.obj</name>
      </input_file>
      <input_file id="fl-e7">
         <path>/home/akshat/ti/TivaWare_C_Series-2.2.0.295/driverlib/ccs/Debug/</path>
         <kind>archive</kind>
         <file>driverlib.lib</file>
         <name>i2c.obj</name>
      </input_file>
      <input_file id="fl-e8">
         <path>/home/akshat/ti/ccs1110/ccs/tools/compiler/ti-cgt-arm_20.2.7.LTS/lib/</path>
         <kind>archive</kind>
         <file>rtsv7M4_T_le_v4SPD16_eabi.lib</file>
         <name>e_atan2f.c.obj</name>
      </input_file>
      <input_file id="fl-e9">
         <path>/home/akshat/ti/ccs1110/ccs/tools/compiler/ti-cgt-arm_20.2.7.LTS/lib/</path>
         <kind>archive</kind>
         <file>rtsv7M4_T_le_v4SPD16_eabi.lib</file>
         <name>e_sqrtf.c.obj</name>
      </input_file>
      <input_file id="fl-ea">
         <path>/home/akshat/ti/ccs1110/ccs/tools/compiler/ti-cgt-arm_20.2.7.LTS/lib/</path>
         <kind>archive</kind>
         <file>rtsv7M4_T_le_v4SPD16_eabi.lib</file>
         <name>s_atanf.c.obj</name>
      </input_file>
      <input_file id="fl-eb">
         <path>/home/akshat/ti/ccs1110/ccs/tools/compiler/ti-cgt-arm_20.2.7.LTS/lib/</path>
         <kind>archive</kind>
         <file>rtsv7M4_T_le_v4SPD16_eabi.lib</file>
         <name>ull_div_t2.asm.obj</name>
      </input_file>
      <input_file id="fl-ec">
         <path>/home/akshat/ti/ccs1110/ccs/tools/compiler/ti-cgt-arm_20.2.7.LTS/lib/</path>
         <kind>archive</kind>
         <file>rtsv7M4_T_le_v4SPD16_eabi.lib</file>
         <name>errno.c.obj</name>
      </input_file>
      <input_file id="fl-ed">
         <path>/home/akshat/ti/ccs1110/ccs/tools/compiler/ti-cgt-arm_20.2.7.LTS/lib/</path>
         <kind>archive</kind>
         <file>rtsv7M4_T_le_v4SPD16_eabi.lib</file>
         <name>div0.asm.obj</name>
      </input_file>
   </input_file_list>
   <object_component_list>
      <object_component id="oc-12">
         <name>.intvecs</name>
         <load_address>0x0</load_address>
         <run_address>0x0</run_address>
         <size>0x26c</size>
         <input_file_ref idref="fl-3"/>
      </object_component>
      <object_component id="oc-e1">
         <name>.text</name>
         <load_address>0x26c</load_address>
         <run_address>0x26c</run_address>
         <size>0xe70</size>
         <input_file_ref idref="fl-e6"/>
      </object_component>
      <object_component id="oc-fc">
         <name>.text</name>
         <load_address>0x10dc</load_address>
         <run_address>0x10dc</run_address>
         <size>0x798</size>
         <input_file_ref idref="fl-d"/>
      </object_component>
      <object_component id="oc-f0">
         <name>.text</name>
         <load_address>0x1874</load_address>
         <run_address>0x1874</run_address>
         <size>0x444</size>
         <input_file_ref idref="fl-f"/>
      </object_component>
      <object_component id="oc-9b">
         <name>.text</name>
         <load_address>0x1cb8</load_address>
         <run_address>0x1cb8</run_address>
         <size>0x41c</size>
         <input_file_ref idref="fl-2"/>
      </object_component>
      <object_component id="oc-2f5">
         <name>.text:atan</name>
         <load_address>0x20d4</load_address>
         <run_address>0x20d4</run_address>
         <size>0x2ec</size>
         <input_file_ref idref="fl-ce"/>
      </object_component>
      <object_component id="oc-114">
         <name>.text:atan2</name>
         <load_address>0x23c0</load_address>
         <run_address>0x23c0</run_address>
         <size>0x1e4</size>
         <input_file_ref idref="fl-cd"/>
      </object_component>
      <object_component id="oc-2f0">
         <name>.text</name>
         <load_address>0x25a4</load_address>
         <run_address>0x25a4</run_address>
         <size>0x1b6</size>
         <input_file_ref idref="fl-cf"/>
      </object_component>
      <object_component id="oc-344">
         <name>.text</name>
         <load_address>0x275a</load_address>
         <run_address>0x275a</run_address>
         <size>0x2</size>
         <input_file_ref idref="fl-ed"/>
      </object_component>
      <object_component id="oc-17f">
         <name>.text:GPIOPadConfigSet</name>
         <load_address>0x275c</load_address>
         <run_address>0x275c</run_address>
         <size>0x16c</size>
         <input_file_ref idref="fl-10"/>
      </object_component>
      <object_component id="oc-1f3">
         <name>.text:atan2f</name>
         <load_address>0x28c8</load_address>
         <run_address>0x28c8</run_address>
         <size>0x158</size>
         <input_file_ref idref="fl-e8"/>
      </object_component>
      <object_component id="oc-36f">
         <name>.text:atanf</name>
         <load_address>0x2a20</load_address>
         <run_address>0x2a20</run_address>
         <size>0x150</size>
         <input_file_ref idref="fl-ea"/>
      </object_component>
      <object_component id="oc-2fb">
         <name>.text</name>
         <load_address>0x2b70</load_address>
         <run_address>0x2b70</run_address>
         <size>0x136</size>
         <input_file_ref idref="fl-d1"/>
      </object_component>
      <object_component id="oc-102">
         <name>.text:SysCtlClockGet</name>
         <load_address>0x2ca8</load_address>
         <run_address>0x2ca8</run_address>
         <size>0x118</size>
         <input_file_ref idref="fl-14"/>
      </object_component>
      <object_component id="oc-11a">
         <name>.text</name>
         <load_address>0x2dc0</load_address>
         <run_address>0x2dc0</run_address>
         <size>0xfc</size>
         <input_file_ref idref="fl-d2"/>
      </object_component>
      <object_component id="oc-ea">
         <name>.text:SysCtlClockSet</name>
         <load_address>0x2ebc</load_address>
         <run_address>0x2ebc</run_address>
         <size>0xf4</size>
         <input_file_ref idref="fl-14"/>
      </object_component>
      <object_component id="oc-10e">
         <name>.text</name>
         <load_address>0x2fb0</load_address>
         <run_address>0x2fb0</run_address>
         <size>0xd8</size>
         <input_file_ref idref="fl-e"/>
      </object_component>
      <object_component id="oc-3b">
         <name>.text</name>
         <load_address>0x3088</load_address>
         <run_address>0x3088</run_address>
         <size>0x9c</size>
         <input_file_ref idref="fl-de"/>
      </object_component>
      <object_component id="oc-18e">
         <name>.text</name>
         <load_address>0x3124</load_address>
         <run_address>0x3124</run_address>
         <size>0x96</size>
         <input_file_ref idref="fl-eb"/>
      </object_component>
      <object_component id="oc-3dd">
         <name>.text:__aeabi_cdrcmple</name>
         <load_address>0x31ba</load_address>
         <run_address>0x31ba</run_address>
         <size>0x86</size>
         <input_file_ref idref="fl-d0"/>
      </object_component>
      <object_component id="oc-11f">
         <name>.text</name>
         <load_address>0x3240</load_address>
         <run_address>0x3240</run_address>
         <size>0x6e</size>
         <input_file_ref idref="fl-d3"/>
      </object_component>
      <object_component id="oc-3b7">
         <name>.text:IntEnable</name>
         <load_address>0x32b0</load_address>
         <run_address>0x32b0</run_address>
         <size>0x68</size>
         <input_file_ref idref="fl-11"/>
      </object_component>
      <object_component id="oc-15">
         <name>.text:decompress:lzss:__TI_decompress_lzss</name>
         <load_address>0x3318</load_address>
         <run_address>0x3318</run_address>
         <size>0x68</size>
         <input_file_ref idref="fl-d7"/>
      </object_component>
      <object_component id="oc-293">
         <name>.text:TimerConfigure</name>
         <load_address>0x3380</load_address>
         <run_address>0x3380</run_address>
         <size>0x60</size>
         <input_file_ref idref="fl-15"/>
      </object_component>
      <object_component id="oc-1d5">
         <name>.text:SysCtlPeripheralReset</name>
         <load_address>0x33e0</load_address>
         <run_address>0x33e0</run_address>
         <size>0x50</size>
         <input_file_ref idref="fl-14"/>
      </object_component>
      <object_component id="oc-199">
         <name>.text:GPIOPinConfigure</name>
         <load_address>0x3430</load_address>
         <run_address>0x3430</run_address>
         <size>0x4c</size>
         <input_file_ref idref="fl-10"/>
      </object_component>
      <object_component id="oc-1b1">
         <name>.text:I2CMasterInitExpClk</name>
         <load_address>0x347c</load_address>
         <run_address>0x347c</run_address>
         <size>0x4c</size>
         <input_file_ref idref="fl-e7"/>
      </object_component>
      <object_component id="oc-3ab">
         <name>.text:_TimerIntNumberGet</name>
         <load_address>0x34c8</load_address>
         <run_address>0x34c8</run_address>
         <size>0x4c</size>
         <input_file_ref idref="fl-15"/>
      </object_component>
      <object_component id="oc-2c9">
         <name>.text:atoi</name>
         <load_address>0x3514</load_address>
         <run_address>0x3514</run_address>
         <size>0x4c</size>
         <input_file_ref idref="fl-d8"/>
      </object_component>
      <object_component id="oc-27b">
         <name>.text:UARTConfigSetExpClk</name>
         <load_address>0x3560</load_address>
         <run_address>0x3560</run_address>
         <size>0x46</size>
         <input_file_ref idref="fl-16"/>
      </object_component>
      <object_component id="oc-13e">
         <name>.text:__TI_auto_init_nobinit_nopinit:__TI_auto_init_nobinit_nopinit</name>
         <load_address>0x35a8</load_address>
         <run_address>0x35a8</run_address>
         <size>0x44</size>
         <input_file_ref idref="fl-e0"/>
      </object_component>
      <object_component id="oc-cf">
         <name>.text:SysCtlPeripheralReady</name>
         <load_address>0x35ec</load_address>
         <run_address>0x35ec</run_address>
         <size>0x38</size>
         <input_file_ref idref="fl-14"/>
      </object_component>
      <object_component id="oc-109">
         <name>.text</name>
         <load_address>0x3624</load_address>
         <run_address>0x3624</run_address>
         <size>0x38</size>
         <input_file_ref idref="fl-d4"/>
      </object_component>
      <object_component id="oc-2d8">
         <name>.text:strncpy</name>
         <load_address>0x365c</load_address>
         <run_address>0x365c</run_address>
         <size>0x36</size>
         <input_file_ref idref="fl-db"/>
      </object_component>
      <object_component id="oc-3b1">
         <name>.text:IntRegister</name>
         <load_address>0x3694</load_address>
         <run_address>0x3694</run_address>
         <size>0x34</size>
         <input_file_ref idref="fl-11"/>
      </object_component>
      <object_component id="oc-c9">
         <name>.text:SysCtlPeripheralEnable</name>
         <load_address>0x36c8</load_address>
         <run_address>0x36c8</run_address>
         <size>0x34</size>
         <input_file_ref idref="fl-14"/>
      </object_component>
      <object_component id="oc-59">
         <name>.text:_c_int00_noargs:_c_int00_noargs</name>
         <load_address>0x36fc</load_address>
         <run_address>0x36fc</run_address>
         <size>0x34</size>
         <input_file_ref idref="fl-dd"/>
      </object_component>
      <object_component id="oc-2c3">
         <name>.text:strstr</name>
         <load_address>0x3730</load_address>
         <run_address>0x3730</run_address>
         <size>0x34</size>
         <input_file_ref idref="fl-dc"/>
      </object_component>
      <object_component id="oc-185">
         <name>.text:GPIODirModeSet</name>
         <load_address>0x3764</load_address>
         <run_address>0x3764</run_address>
         <size>0x2c</size>
         <input_file_ref idref="fl-10"/>
      </object_component>
      <object_component id="oc-1ed">
         <name>.text:sqrtf</name>
         <load_address>0x3790</load_address>
         <run_address>0x3790</run_address>
         <size>0x28</size>
         <input_file_ref idref="fl-e9"/>
      </object_component>
      <object_component id="oc-241">
         <name>.text:PWMGenConfigure</name>
         <load_address>0x37b8</load_address>
         <run_address>0x37b8</run_address>
         <size>0x22</size>
         <input_file_ref idref="fl-12"/>
      </object_component>
      <object_component id="oc-39d">
         <name>.text:UARTDisable</name>
         <load_address>0x37dc</load_address>
         <run_address>0x37dc</run_address>
         <size>0x20</size>
         <input_file_ref idref="fl-16"/>
      </object_component>
      <object_component id="oc-24d">
         <name>.text:PWMPulseWidthSet</name>
         <load_address>0x37fc</load_address>
         <run_address>0x37fc</run_address>
         <size>0x1e</size>
         <input_file_ref idref="fl-12"/>
      </object_component>
      <object_component id="oc-47">
         <name>.text:decompress:ZI:__TI_zero_init_nomemset:__TI_zero_init_nomemset</name>
         <load_address>0x381a</load_address>
         <run_address>0x381a</run_address>
         <size>0x1c</size>
         <input_file_ref idref="fl-d5"/>
      </object_component>
      <object_component id="oc-d5">
         <name>.text:GPIOPinTypeGPIOOutput</name>
         <load_address>0x3836</load_address>
         <run_address>0x3836</run_address>
         <size>0x1a</size>
         <input_file_ref idref="fl-10"/>
      </object_component>
      <object_component id="oc-20b">
         <name>.text:SysCtlPWMClockGet</name>
         <load_address>0x3850</load_address>
         <run_address>0x3850</run_address>
         <size>0x18</size>
         <input_file_ref idref="fl-14"/>
      </object_component>
      <object_component id="oc-2bd">
         <name>.text:TimerDisable</name>
         <load_address>0x3868</load_address>
         <run_address>0x3868</run_address>
         <size>0x18</size>
         <input_file_ref idref="fl-15"/>
      </object_component>
      <object_component id="oc-29f">
         <name>.text:TimerIntRegister</name>
         <load_address>0x3880</load_address>
         <run_address>0x3880</run_address>
         <size>0x18</size>
         <input_file_ref idref="fl-15"/>
      </object_component>
      <object_component id="oc-1ab">
         <name>.text:GPIOPinTypeGPIOInput</name>
         <load_address>0x3898</load_address>
         <run_address>0x3898</run_address>
         <size>0x16</size>
         <input_file_ref idref="fl-10"/>
      </object_component>
      <object_component id="oc-1a5">
         <name>.text:GPIOPinTypeI2C</name>
         <load_address>0x38ae</load_address>
         <run_address>0x38ae</run_address>
         <size>0x16</size>
         <input_file_ref idref="fl-10"/>
      </object_component>
      <object_component id="oc-19f">
         <name>.text:GPIOPinTypeI2CSCL</name>
         <load_address>0x38c4</load_address>
         <run_address>0x38c4</run_address>
         <size>0x16</size>
         <input_file_ref idref="fl-10"/>
      </object_component>
      <object_component id="oc-211">
         <name>.text:GPIOPinTypePWM</name>
         <load_address>0x38da</load_address>
         <run_address>0x38da</run_address>
         <size>0x16</size>
         <input_file_ref idref="fl-10"/>
      </object_component>
      <object_component id="oc-217">
         <name>.text:GPIOPinTypeQEI</name>
         <load_address>0x38f0</load_address>
         <run_address>0x38f0</run_address>
         <size>0x16</size>
         <input_file_ref idref="fl-10"/>
      </object_component>
      <object_component id="oc-275">
         <name>.text:GPIOPinTypeUART</name>
         <load_address>0x3906</load_address>
         <run_address>0x3906</run_address>
         <size>0x16</size>
         <input_file_ref idref="fl-10"/>
      </object_component>
      <object_component id="oc-1cf">
         <name>.text:I2CMasterErr</name>
         <load_address>0x391c</load_address>
         <run_address>0x391c</run_address>
         <size>0x16</size>
         <input_file_ref idref="fl-e7"/>
      </object_component>
      <object_component id="oc-2d2">
         <name>.text:strchr</name>
         <load_address>0x3932</load_address>
         <run_address>0x3932</run_address>
         <size>0x16</size>
         <input_file_ref idref="fl-da"/>
      </object_component>
      <object_component id="oc-205">
         <name>.text:SysCtlPWMClockSet</name>
         <load_address>0x3948</load_address>
         <run_address>0x3948</run_address>
         <size>0x14</size>
         <input_file_ref idref="fl-14"/>
      </object_component>
      <object_component id="oc-281">
         <name>.text:UARTEnable</name>
         <load_address>0x395c</load_address>
         <run_address>0x395c</run_address>
         <size>0x14</size>
         <input_file_ref idref="fl-16"/>
      </object_component>
      <object_component id="oc-253">
         <name>.text:PWMOutputState</name>
         <load_address>0x3970</load_address>
         <run_address>0x3970</run_address>
         <size>0x12</size>
         <input_file_ref idref="fl-12"/>
      </object_component>
      <object_component id="oc-299">
         <name>.text:TimerLoadSet</name>
         <load_address>0x3982</load_address>
         <run_address>0x3982</run_address>
         <size>0x12</size>
         <input_file_ref idref="fl-15"/>
      </object_component>
      <object_component id="oc-f6">
         <name>.text:IntMasterEnable</name>
         <load_address>0x3994</load_address>
         <run_address>0x3994</run_address>
         <size>0x10</size>
         <input_file_ref idref="fl-11"/>
      </object_component>
      <object_component id="oc-247">
         <name>.text:PWMGenPeriodSet</name>
         <load_address>0x39a4</load_address>
         <run_address>0x39a4</run_address>
         <size>0x10</size>
         <input_file_ref idref="fl-12"/>
      </object_component>
      <object_component id="oc-21d">
         <name>.text:QEIConfigure</name>
         <load_address>0x39b4</load_address>
         <run_address>0x39b4</run_address>
         <size>0xe</size>
         <input_file_ref idref="fl-13"/>
      </object_component>
      <object_component id="oc-2ab">
         <name>.text:TimerEnable</name>
         <load_address>0x39c2</load_address>
         <run_address>0x39c2</run_address>
         <size>0xe</size>
         <input_file_ref idref="fl-15"/>
      </object_component>
      <object_component id="oc-2b7">
         <name>.text:UARTCharGetNonBlocking</name>
         <load_address>0x39d0</load_address>
         <run_address>0x39d0</run_address>
         <size>0xe</size>
         <input_file_ref idref="fl-16"/>
      </object_component>
      <object_component id="oc-2b1">
         <name>.text:UARTCharsAvail</name>
         <load_address>0x39de</load_address>
         <run_address>0x39de</run_address>
         <size>0xe</size>
         <input_file_ref idref="fl-16"/>
      </object_component>
      <object_component id="oc-1b">
         <name>.text:decompress:none:__TI_decompress_none</name>
         <load_address>0x39ec</load_address>
         <run_address>0x39ec</run_address>
         <size>0xe</size>
         <input_file_ref idref="fl-d6"/>
      </object_component>
      <object_component id="oc-26e">
         <name>.text:CPUcpsie</name>
         <load_address>0x39fa</load_address>
         <run_address>0x39fa</run_address>
         <size>0xc</size>
         <input_file_ref idref="fl-17"/>
      </object_component>
      <object_component id="oc-259">
         <name>.text:PWMGenEnable</name>
         <load_address>0x3a06</load_address>
         <run_address>0x3a06</run_address>
         <size>0xc</size>
         <input_file_ref idref="fl-12"/>
      </object_component>
      <object_component id="oc-229">
         <name>.text:QEIFilterConfigure</name>
         <load_address>0x3a12</load_address>
         <run_address>0x3a12</run_address>
         <size>0xc</size>
         <input_file_ref idref="fl-13"/>
      </object_component>
      <object_component id="oc-27">
         <name>.text</name>
         <load_address>0x3a1e</load_address>
         <run_address>0x3a1e</run_address>
         <size>0xc</size>
         <input_file_ref idref="fl-3"/>
      </object_component>
      <object_component id="oc-352">
         <name>.text:I2CMasterEnable</name>
         <load_address>0x3a2a</load_address>
         <run_address>0x3a2a</run_address>
         <size>0xa</size>
         <input_file_ref idref="fl-e7"/>
      </object_component>
      <object_component id="oc-23b">
         <name>.text:QEIEnable</name>
         <load_address>0x3a34</load_address>
         <run_address>0x3a34</run_address>
         <size>0xa</size>
         <input_file_ref idref="fl-13"/>
      </object_component>
      <object_component id="oc-223">
         <name>.text:QEIFilterEnable</name>
         <load_address>0x3a3e</load_address>
         <run_address>0x3a3e</run_address>
         <size>0xa</size>
         <input_file_ref idref="fl-13"/>
      </object_component>
      <object_component id="oc-235">
         <name>.text:QEIVelocityEnable</name>
         <load_address>0x3a48</load_address>
         <run_address>0x3a48</run_address>
         <size>0xa</size>
         <input_file_ref idref="fl-13"/>
      </object_component>
      <object_component id="oc-287">
         <name>.text:UARTCharPut</name>
         <load_address>0x3a52</load_address>
         <run_address>0x3a52</run_address>
         <size>0xa</size>
         <input_file_ref idref="fl-16"/>
      </object_component>
      <object_component id="oc-1c9">
         <name>.text:I2CMasterBusy</name>
         <load_address>0x3a5c</load_address>
         <run_address>0x3a5c</run_address>
         <size>0x8</size>
         <input_file_ref idref="fl-e7"/>
      </object_component>
      <object_component id="oc-1b7">
         <name>.text:I2CMasterSlaveAddrSet</name>
         <load_address>0x3a64</load_address>
         <run_address>0x3a64</run_address>
         <size>0x8</size>
         <input_file_ref idref="fl-e7"/>
      </object_component>
      <object_component id="oc-2a5">
         <name>.text:TimerIntEnable</name>
         <load_address>0x3a6c</load_address>
         <run_address>0x3a6c</run_address>
         <size>0x8</size>
         <input_file_ref idref="fl-15"/>
      </object_component>
      <object_component id="oc-367">
         <name>.text:__aeabi_errno_addr</name>
         <load_address>0x3a74</load_address>
         <run_address>0x3a74</run_address>
         <size>0x8</size>
         <input_file_ref idref="fl-ec"/>
      </object_component>
      <object_component id="oc-193">
         <name>.text:GPIOPinRead</name>
         <load_address>0x3a7c</load_address>
         <run_address>0x3a7c</run_address>
         <size>0x6</size>
         <input_file_ref idref="fl-10"/>
      </object_component>
      <object_component id="oc-db">
         <name>.text:GPIOPinWrite</name>
         <load_address>0x3a82</load_address>
         <run_address>0x3a82</run_address>
         <size>0x6</size>
         <input_file_ref idref="fl-10"/>
      </object_component>
      <object_component id="oc-108">
         <name>.text:SysCtlDelay</name>
         <load_address>0x3a88</load_address>
         <run_address>0x3a88</run_address>
         <size>0x6</size>
         <input_file_ref idref="fl-14"/>
      </object_component>
      <object_component id="oc-1c3">
         <name>.text:I2CMasterControl</name>
         <load_address>0x3a8e</load_address>
         <run_address>0x3a8e</run_address>
         <size>0x4</size>
         <input_file_ref idref="fl-e7"/>
      </object_component>
      <object_component id="oc-1db">
         <name>.text:I2CMasterDataGet</name>
         <load_address>0x3a92</load_address>
         <run_address>0x3a92</run_address>
         <size>0x4</size>
         <input_file_ref idref="fl-e7"/>
      </object_component>
      <object_component id="oc-1bd">
         <name>.text:I2CMasterDataPut</name>
         <load_address>0x3a96</load_address>
         <run_address>0x3a96</run_address>
         <size>0x4</size>
         <input_file_ref idref="fl-e7"/>
      </object_component>
      <object_component id="oc-25f">
         <name>.text:QEIPositionGet</name>
         <load_address>0x3a9a</load_address>
         <run_address>0x3a9a</run_address>
         <size>0x4</size>
         <input_file_ref idref="fl-13"/>
      </object_component>
      <object_component id="oc-22f">
         <name>.text:QEIPositionSet</name>
         <load_address>0x3a9e</load_address>
         <run_address>0x3a9e</run_address>
         <size>0x4</size>
         <input_file_ref idref="fl-13"/>
      </object_component>
      <object_component id="oc-28d">
         <name>.text:TimerIntClear</name>
         <load_address>0x3aa2</load_address>
         <run_address>0x3aa2</run_address>
         <size>0x4</size>
         <input_file_ref idref="fl-15"/>
      </object_component>
      <object_component id="oc-95">
         <name>.text:_system_pre_init</name>
         <load_address>0x3aa6</load_address>
         <run_address>0x3aa6</run_address>
         <size>0x4</size>
         <input_file_ref idref="fl-e1"/>
      </object_component>
      <object_component id="oc-132">
         <name>.text:abort:abort</name>
         <load_address>0x3aaa</load_address>
         <run_address>0x3aaa</run_address>
         <size>0x4</size>
         <input_file_ref idref="fl-e3"/>
      </object_component>
      <object_component id="oc-3c5">
         <name>.const:.string:_ctypes_</name>
         <load_address>0x3ab0</load_address>
         <run_address>0x3ab0</run_address>
         <size>0x101</size>
         <input_file_ref idref="fl-d9"/>
      </object_component>
      <object_component id="oc-3e2">
         <name>.const:$O1$$</name>
         <load_address>0x3bb8</load_address>
         <run_address>0x3bb8</run_address>
         <size>0x98</size>
         <input_file_ref idref="fl-ce"/>
      </object_component>
      <object_component id="oc-34b">
         <name>.const:g_pui32GPIOBaseAddrs</name>
         <load_address>0x3c50</load_address>
         <run_address>0x3c50</run_address>
         <size>0x90</size>
         <input_file_ref idref="fl-10"/>
      </object_component>
      <object_component id="oc-2e9">
         <name>.const:g_pui32Xtals</name>
         <load_address>0x3ce0</load_address>
         <run_address>0x3ce0</run_address>
         <size>0x6c</size>
         <input_file_ref idref="fl-14"/>
      </object_component>
      <object_component id="oc-430">
         <name>.const:g_ppui32TimerIntMap</name>
         <load_address>0x3d4c</load_address>
         <run_address>0x3d4c</run_address>
         <size>0x60</size>
         <input_file_ref idref="fl-15"/>
      </object_component>
      <object_component id="oc-433">
         <name>.const:g_ppui32TimerIntMapSnowflake</name>
         <load_address>0x3dac</load_address>
         <run_address>0x3dac</run_address>
         <size>0x40</size>
         <input_file_ref idref="fl-15"/>
      </object_component>
      <object_component id="oc-41c">
         <name>.const:$O1$$</name>
         <load_address>0x3dec</load_address>
         <run_address>0x3dec</run_address>
         <size>0x34</size>
         <input_file_ref idref="fl-ea"/>
      </object_component>
      <object_component id="oc-43c">
         <name>.const:g_pui32EnRegs</name>
         <load_address>0x3e20</load_address>
         <run_address>0x3e20</run_address>
         <size>0x14</size>
         <input_file_ref idref="fl-11"/>
      </object_component>
      <object_component id="oc-1e1">
         <name>.const:$P$T0$1</name>
         <load_address>0x3e34</load_address>
         <run_address>0x3e34</run_address>
         <size>0xc</size>
         <input_file_ref idref="fl-e6"/>
      </object_component>
      <object_component id="oc-1f9">
         <name>.const:$P$T1$9</name>
         <load_address>0x3e40</load_address>
         <run_address>0x3e40</run_address>
         <size>0xc</size>
         <input_file_ref idref="fl-e6"/>
      </object_component>
      <object_component id="oc-4a3">
         <name>.cinit..data.load</name>
         <load_address>0x3e50</load_address>
         <run_address>0x3e50</run_address>
         <size>0x38</size>
      </object_component>
      <object_component id="oc-4a0">
         <name>__TI_handler_table</name>
         <load_address>0x3e88</load_address>
         <run_address>0x3e88</run_address>
         <size>0xc</size>
      </object_component>
      <object_component id="oc-4a4">
         <name>.cinit..bss.load</name>
         <load_address>0x3e98</load_address>
         <run_address>0x3e98</run_address>
         <size>0x8</size>
      </object_component>
      <object_component id="oc-4a2">
         <name>.cinit..vtable.load</name>
         <load_address>0x3ea0</load_address>
         <run_address>0x3ea0</run_address>
         <size>0x8</size>
      </object_component>
      <object_component id="oc-4a1">
         <name>__TI_cinit_table</name>
         <load_address>0x3ea8</load_address>
         <run_address>0x3ea8</run_address>
         <size>0x18</size>
      </object_component>
      <object_component id="oc-437">
         <name>.vtable</name>
         <uninitialized>true</uninitialized>
         <run_address>0x20000000</run_address>
         <size>0x26c</size>
         <input_file_ref idref="fl-11"/>
      </object_component>
      <object_component id="oc-e7">
         <name>.data</name>
         <load_address>0x2000056c</load_address>
         <run_address>0x2000056c</run_address>
         <size>0x2d</size>
         <input_file_ref idref="fl-2"/>
      </object_component>
      <object_component id="oc-12a">
         <name>.data:balance_pid</name>
         <load_address>0x200005bc</load_address>
         <run_address>0x200005bc</run_address>
         <size>0x18</size>
         <input_file_ref idref="fl-2"/>
      </object_component>
      <object_component id="oc-2e4">
         <name>.data:responseESP</name>
         <load_address>0x20000470</load_address>
         <run_address>0x20000470</run_address>
         <size>0xfa</size>
         <input_file_ref idref="fl-d"/>
      </object_component>
      <object_component id="oc-2cf">
         <name>.data</name>
         <load_address>0x2000056a</load_address>
         <run_address>0x2000056a</run_address>
         <size>0x1</size>
         <input_file_ref idref="fl-d"/>
      </object_component>
      <object_component id="oc-2e1">
         <name>.data:gateway</name>
         <load_address>0x200005e4</load_address>
         <run_address>0x200005e4</run_address>
         <size>0x10</size>
         <input_file_ref idref="fl-d"/>
      </object_component>
      <object_component id="oc-2de">
         <name>.data:adcVals</name>
         <load_address>0x20000630</load_address>
         <run_address>0x20000630</run_address>
         <size>0x6</size>
         <input_file_ref idref="fl-d"/>
      </object_component>
      <object_component id="oc-1e4">
         <name>.data:accel_bias</name>
         <load_address>0x200005f4</load_address>
         <run_address>0x200005f4</run_address>
         <size>0xc</size>
         <input_file_ref idref="fl-e6"/>
      </object_component>
      <object_component id="oc-1e7">
         <name>.data</name>
         <load_address>0x2000059c</load_address>
         <run_address>0x2000059c</run_address>
         <size>0x20</size>
         <input_file_ref idref="fl-e6"/>
      </object_component>
      <object_component id="oc-1fc">
         <name>.data:gyro_bias</name>
         <load_address>0x20000624</load_address>
         <run_address>0x20000624</run_address>
         <size>0xc</size>
         <input_file_ref idref="fl-e6"/>
      </object_component>
      <object_component id="oc-1ea">
         <name>.data:ax_buf$2</name>
         <load_address>0x20000600</load_address>
         <run_address>0x20000600</run_address>
         <size>0xc</size>
         <input_file_ref idref="fl-e6"/>
      </object_component>
      <object_component id="oc-1eb">
         <name>.data:ay_buf$3</name>
         <load_address>0x2000060c</load_address>
         <run_address>0x2000060c</run_address>
         <size>0xc</size>
         <input_file_ref idref="fl-e6"/>
      </object_component>
      <object_component id="oc-1ec">
         <name>.data:az_buf$4</name>
         <load_address>0x20000618</load_address>
         <run_address>0x20000618</run_address>
         <size>0xc</size>
         <input_file_ref idref="fl-e6"/>
      </object_component>
      <object_component id="oc-1ff">
         <name>.data:P$12</name>
         <load_address>0x200005d4</load_address>
         <run_address>0x200005d4</run_address>
         <size>0x10</size>
         <input_file_ref idref="fl-e6"/>
      </object_component>
      <object_component id="oc-415">
         <name>.data</name>
         <load_address>0x20000638</load_address>
         <run_address>0x20000638</run_address>
         <size>0x4</size>
         <input_file_ref idref="fl-ec"/>
      </object_component>
      <object_component id="oc-124">
         <name>.common:accel_reg</name>
         <uninitialized>true</uninitialized>
         <run_address>0x20000654</run_address>
         <size>0x8</size>
      </object_component>
      <object_component id="oc-125">
         <name>.common:accelXYZ</name>
         <uninitialized>true</uninitialized>
         <run_address>0x2000063c</run_address>
         <size>0xc</size>
      </object_component>
      <object_component id="oc-127">
         <name>.common:pitchAngle</name>
         <uninitialized>true</uninitialized>
         <run_address>0x2000066c</run_address>
         <size>0x4</size>
      </object_component>
      <object_component id="oc-268">
         <name>.common:ui32Load</name>
         <uninitialized>true</uninitialized>
         <run_address>0x2000067c</run_address>
         <size>0x4</size>
      </object_component>
      <object_component id="oc-265">
         <name>.common:ui32PWMClock</name>
         <uninitialized>true</uninitialized>
         <run_address>0x20000680</run_address>
         <size>0x4</size>
      </object_component>
      <object_component id="oc-269">
         <name>.common:ui8Adjust1</name>
         <uninitialized>true</uninitialized>
         <run_address>0x20000684</run_address>
         <size>0x4</size>
      </object_component>
      <object_component id="oc-26a">
         <name>.common:ui8Adjust2</name>
         <uninitialized>true</uninitialized>
         <run_address>0x20000688</run_address>
         <size>0x4</size>
      </object_component>
      <object_component id="oc-26b">
         <name>.common:ui8Adjust3</name>
         <uninitialized>true</uninitialized>
         <run_address>0x2000068c</run_address>
         <size>0x4</size>
      </object_component>
      <object_component id="oc-26c">
         <name>.common:ui8Adjust4</name>
         <uninitialized>true</uninitialized>
         <run_address>0x20000690</run_address>
         <size>0x4</size>
      </object_component>
      <object_component id="oc-12d">
         <name>.common:test1</name>
         <uninitialized>true</uninitialized>
         <run_address>0x20000670</run_address>
         <size>0x4</size>
      </object_component>
      <object_component id="oc-12e">
         <name>.common:test2</name>
         <uninitialized>true</uninitialized>
         <run_address>0x20000674</run_address>
         <size>0x4</size>
      </object_component>
      <object_component id="oc-12f">
         <name>.common:test3</name>
         <uninitialized>true</uninitialized>
         <run_address>0x20000678</run_address>
         <size>0x4</size>
      </object_component>
      <object_component id="oc-130">
         <name>.common:encoderPosn</name>
         <uninitialized>true</uninitialized>
         <run_address>0x2000065c</run_address>
         <size>0x8</size>
      </object_component>
      <object_component id="oc-126">
         <name>.common:gyroXYZ</name>
         <uninitialized>true</uninitialized>
         <run_address>0x20000648</run_address>
         <size>0xc</size>
      </object_component>
      <object_component id="oc-128">
         <name>.common:filteredPitch</name>
         <uninitialized>true</uninitialized>
         <run_address>0x20000668</run_address>
         <size>0x4</size>
      </object_component>
      <object_component id="oc-129">
         <name>.common:control_output</name>
         <uninitialized>true</uninitialized>
         <run_address>0x20000664</run_address>
         <size>0x4</size>
      </object_component>
      <object_component id="oc-24">
         <name>.stack</name>
         <uninitialized>true</uninitialized>
         <run_address>0x20000270</run_address>
         <size>0x4</size>
         <input_file_ref idref="fl-dd"/>
      </object_component>
      <object_component id="oc-4a6">
         <name>.stack</name>
         <uninitialized>true</uninitialized>
         <run_address>0x20000270</run_address>
         <size>0x0</size>
      </object_component>
      <object_component id="oc-b7">
         <name>.debug_info</name>
         <load_address>0x0</load_address>
         <run_address>0x0</run_address>
         <size>0xacb</size>
         <input_file_ref idref="fl-2"/>
      </object_component>
      <object_component id="oc-e8">
         <name>.debug_info</name>
         <load_address>0xacb</load_address>
         <run_address>0xacb</run_address>
         <size>0x22d</size>
         <input_file_ref idref="fl-2"/>
      </object_component>
      <object_component id="oc-12b">
         <name>.debug_info</name>
         <load_address>0xcf8</load_address>
         <run_address>0xcf8</run_address>
         <size>0xd7</size>
         <input_file_ref idref="fl-2"/>
      </object_component>
      <object_component id="oc-9c">
         <name>.debug_info</name>
         <load_address>0xdcf</load_address>
         <run_address>0xdcf</run_address>
         <size>0x773</size>
         <input_file_ref idref="fl-2"/>
      </object_component>
      <object_component id="oc-172">
         <name>.debug_info</name>
         <load_address>0x1542</load_address>
         <run_address>0x1542</run_address>
         <size>0xae</size>
         <input_file_ref idref="fl-2"/>
      </object_component>
      <object_component id="oc-70">
         <name>.debug_info</name>
         <load_address>0x15f0</load_address>
         <run_address>0x15f0</run_address>
         <size>0x26b</size>
         <input_file_ref idref="fl-2"/>
      </object_component>
      <object_component id="oc-b2">
         <name>.debug_info</name>
         <load_address>0x185b</load_address>
         <run_address>0x185b</run_address>
         <size>0x8b</size>
         <input_file_ref idref="fl-2"/>
      </object_component>
      <object_component id="oc-ad">
         <name>.debug_info</name>
         <load_address>0x18e6</load_address>
         <run_address>0x18e6</run_address>
         <size>0x2a4</size>
         <input_file_ref idref="fl-2"/>
      </object_component>
      <object_component id="oc-75">
         <name>.debug_info</name>
         <load_address>0x1b8a</load_address>
         <run_address>0x1b8a</run_address>
         <size>0xbb</size>
         <input_file_ref idref="fl-2"/>
      </object_component>
      <object_component id="oc-2f">
         <name>.debug_info</name>
         <load_address>0x1c45</load_address>
         <run_address>0x1c45</run_address>
         <size>0x2ae</size>
         <input_file_ref idref="fl-3"/>
      </object_component>
      <object_component id="oc-13">
         <name>.debug_info</name>
         <load_address>0x1ef3</load_address>
         <run_address>0x1ef3</run_address>
         <size>0xed</size>
         <input_file_ref idref="fl-3"/>
      </object_component>
      <object_component id="oc-28">
         <name>.debug_info</name>
         <load_address>0x1fe0</load_address>
         <run_address>0x1fe0</run_address>
         <size>0x269</size>
         <input_file_ref idref="fl-3"/>
      </object_component>
      <object_component id="oc-36">
         <name>.debug_info</name>
         <load_address>0x2249</load_address>
         <run_address>0x2249</run_address>
         <size>0x84</size>
         <input_file_ref idref="fl-3"/>
      </object_component>
      <object_component id="oc-2e8">
         <name>.debug_info</name>
         <load_address>0x22cd</load_address>
         <run_address>0x22cd</run_address>
         <size>0x6fc</size>
         <input_file_ref idref="fl-d"/>
      </object_component>
      <object_component id="oc-2e5">
         <name>.debug_info</name>
         <load_address>0x29c9</load_address>
         <run_address>0x29c9</run_address>
         <size>0xda</size>
         <input_file_ref idref="fl-d"/>
      </object_component>
      <object_component id="oc-2d0">
         <name>.debug_info</name>
         <load_address>0x2aa3</load_address>
         <run_address>0x2aa3</run_address>
         <size>0xdc</size>
         <input_file_ref idref="fl-d"/>
      </object_component>
      <object_component id="oc-2e2">
         <name>.debug_info</name>
         <load_address>0x2b7f</load_address>
         <run_address>0x2b7f</run_address>
         <size>0xd2</size>
         <input_file_ref idref="fl-d"/>
      </object_component>
      <object_component id="oc-2df">
         <name>.debug_info</name>
         <load_address>0x2c51</load_address>
         <run_address>0x2c51</run_address>
         <size>0xd2</size>
         <input_file_ref idref="fl-d"/>
      </object_component>
      <object_component id="oc-fd">
         <name>.debug_info</name>
         <load_address>0x2d23</load_address>
         <run_address>0x2d23</run_address>
         <size>0x1092</size>
         <input_file_ref idref="fl-d"/>
      </object_component>
      <object_component id="oc-c0">
         <name>.debug_info</name>
         <load_address>0x3db5</load_address>
         <run_address>0x3db5</run_address>
         <size>0x2c</size>
         <input_file_ref idref="fl-d"/>
      </object_component>
      <object_component id="oc-382">
         <name>.debug_info</name>
         <load_address>0x3de1</load_address>
         <run_address>0x3de1</run_address>
         <size>0x35</size>
         <input_file_ref idref="fl-d"/>
      </object_component>
      <object_component id="oc-2ef">
         <name>.debug_info</name>
         <load_address>0x3e16</load_address>
         <run_address>0x3e16</run_address>
         <size>0x295</size>
         <input_file_ref idref="fl-e"/>
      </object_component>
      <object_component id="oc-10f">
         <name>.debug_info</name>
         <load_address>0x40ab</load_address>
         <run_address>0x40ab</run_address>
         <size>0x257</size>
         <input_file_ref idref="fl-e"/>
      </object_component>
      <object_component id="oc-266">
         <name>.debug_info</name>
         <load_address>0x4302</load_address>
         <run_address>0x4302</run_address>
         <size>0x806</size>
         <input_file_ref idref="fl-f"/>
      </object_component>
      <object_component id="oc-f2">
         <name>.debug_info</name>
         <load_address>0x4b08</load_address>
         <run_address>0x4b08</run_address>
         <size>0x950</size>
         <input_file_ref idref="fl-f"/>
      </object_component>
      <object_component id="oc-18c">
         <name>.debug_info</name>
         <load_address>0x5458</load_address>
         <run_address>0x5458</run_address>
         <size>0x3e4</size>
         <input_file_ref idref="fl-10"/>
      </object_component>
      <object_component id="oc-34c">
         <name>.debug_info</name>
         <load_address>0x583c</load_address>
         <run_address>0x583c</run_address>
         <size>0x164</size>
         <input_file_ref idref="fl-10"/>
      </object_component>
      <object_component id="oc-dc">
         <name>.debug_info</name>
         <load_address>0x59a0</load_address>
         <run_address>0x59a0</run_address>
         <size>0x2ac</size>
         <input_file_ref idref="fl-10"/>
      </object_component>
      <object_component id="oc-186">
         <name>.debug_info</name>
         <load_address>0x5c4c</load_address>
         <run_address>0x5c4c</run_address>
         <size>0x2bc</size>
         <input_file_ref idref="fl-10"/>
      </object_component>
      <object_component id="oc-180">
         <name>.debug_info</name>
         <load_address>0x5f08</load_address>
         <run_address>0x5f08</run_address>
         <size>0x31f</size>
         <input_file_ref idref="fl-10"/>
      </object_component>
      <object_component id="oc-276">
         <name>.debug_info</name>
         <load_address>0x6227</load_address>
         <run_address>0x6227</run_address>
         <size>0x29b</size>
         <input_file_ref idref="fl-10"/>
      </object_component>
      <object_component id="oc-218">
         <name>.debug_info</name>
         <load_address>0x64c2</load_address>
         <run_address>0x64c2</run_address>
         <size>0x299</size>
         <input_file_ref idref="fl-10"/>
      </object_component>
      <object_component id="oc-212">
         <name>.debug_info</name>
         <load_address>0x675b</load_address>
         <run_address>0x675b</run_address>
         <size>0x299</size>
         <input_file_ref idref="fl-10"/>
      </object_component>
      <object_component id="oc-1a0">
         <name>.debug_info</name>
         <load_address>0x69f4</load_address>
         <run_address>0x69f4</run_address>
         <size>0x29f</size>
         <input_file_ref idref="fl-10"/>
      </object_component>
      <object_component id="oc-1a6">
         <name>.debug_info</name>
         <load_address>0x6c93</load_address>
         <run_address>0x6c93</run_address>
         <size>0x299</size>
         <input_file_ref idref="fl-10"/>
      </object_component>
      <object_component id="oc-d6">
         <name>.debug_info</name>
         <load_address>0x6f2c</load_address>
         <run_address>0x6f2c</run_address>
         <size>0x2c0</size>
         <input_file_ref idref="fl-10"/>
      </object_component>
      <object_component id="oc-1ac">
         <name>.debug_info</name>
         <load_address>0x71ec</load_address>
         <run_address>0x71ec</run_address>
         <size>0x2a5</size>
         <input_file_ref idref="fl-10"/>
      </object_component>
      <object_component id="oc-194">
         <name>.debug_info</name>
         <load_address>0x7491</load_address>
         <run_address>0x7491</run_address>
         <size>0x284</size>
         <input_file_ref idref="fl-10"/>
      </object_component>
      <object_component id="oc-19a">
         <name>.debug_info</name>
         <load_address>0x7715</load_address>
         <run_address>0x7715</run_address>
         <size>0x289</size>
         <input_file_ref idref="fl-10"/>
      </object_component>
      <object_component id="oc-33b">
         <name>.debug_info</name>
         <load_address>0x799e</load_address>
         <run_address>0x799e</run_address>
         <size>0x26b</size>
         <input_file_ref idref="fl-10"/>
      </object_component>
      <object_component id="oc-32b">
         <name>.debug_info</name>
         <load_address>0x7c09</load_address>
         <run_address>0x7c09</run_address>
         <size>0x297</size>
         <input_file_ref idref="fl-10"/>
      </object_component>
      <object_component id="oc-336">
         <name>.debug_info</name>
         <load_address>0x7ea0</load_address>
         <run_address>0x7ea0</run_address>
         <size>0xef</size>
         <input_file_ref idref="fl-10"/>
      </object_component>
      <object_component id="oc-178">
         <name>.debug_info</name>
         <load_address>0x7f8f</load_address>
         <run_address>0x7f8f</run_address>
         <size>0xbb</size>
         <input_file_ref idref="fl-10"/>
      </object_component>
      <object_component id="oc-43b">
         <name>.debug_info</name>
         <load_address>0x804a</load_address>
         <run_address>0x804a</run_address>
         <size>0x3b7</size>
         <input_file_ref idref="fl-11"/>
      </object_component>
      <object_component id="oc-43d">
         <name>.debug_info</name>
         <load_address>0x8401</load_address>
         <run_address>0x8401</run_address>
         <size>0x15b</size>
         <input_file_ref idref="fl-11"/>
      </object_component>
      <object_component id="oc-438">
         <name>.debug_info</name>
         <load_address>0x855c</load_address>
         <run_address>0x855c</run_address>
         <size>0x160</size>
         <input_file_ref idref="fl-11"/>
      </object_component>
      <object_component id="oc-3b2">
         <name>.debug_info</name>
         <load_address>0x86bc</load_address>
         <run_address>0x86bc</run_address>
         <size>0x2ca</size>
         <input_file_ref idref="fl-11"/>
      </object_component>
      <object_component id="oc-f7">
         <name>.debug_info</name>
         <load_address>0x8986</load_address>
         <run_address>0x8986</run_address>
         <size>0x247</size>
         <input_file_ref idref="fl-11"/>
      </object_component>
      <object_component id="oc-3b8">
         <name>.debug_info</name>
         <load_address>0x8bcd</load_address>
         <run_address>0x8bcd</run_address>
         <size>0x271</size>
         <input_file_ref idref="fl-11"/>
      </object_component>
      <object_component id="oc-393">
         <name>.debug_info</name>
         <load_address>0x8e3e</load_address>
         <run_address>0x8e3e</run_address>
         <size>0x396</size>
         <input_file_ref idref="fl-12"/>
      </object_component>
      <object_component id="oc-24e">
         <name>.debug_info</name>
         <load_address>0x91d4</load_address>
         <run_address>0x91d4</run_address>
         <size>0x2ff</size>
         <input_file_ref idref="fl-12"/>
      </object_component>
      <object_component id="oc-254">
         <name>.debug_info</name>
         <load_address>0x94d3</load_address>
         <run_address>0x94d3</run_address>
         <size>0x2cd</size>
         <input_file_ref idref="fl-12"/>
      </object_component>
      <object_component id="oc-248">
         <name>.debug_info</name>
         <load_address>0x97a0</load_address>
         <run_address>0x97a0</run_address>
         <size>0x2bf</size>
         <input_file_ref idref="fl-12"/>
      </object_component>
      <object_component id="oc-25a">
         <name>.debug_info</name>
         <load_address>0x9a5f</load_address>
         <run_address>0x9a5f</run_address>
         <size>0x27f</size>
         <input_file_ref idref="fl-12"/>
      </object_component>
      <object_component id="oc-242">
         <name>.debug_info</name>
         <load_address>0x9cde</load_address>
         <run_address>0x9cde</run_address>
         <size>0x2bc</size>
         <input_file_ref idref="fl-12"/>
      </object_component>
      <object_component id="oc-38c">
         <name>.debug_info</name>
         <load_address>0x9f9a</load_address>
         <run_address>0x9f9a</run_address>
         <size>0x391</size>
         <input_file_ref idref="fl-13"/>
      </object_component>
      <object_component id="oc-236">
         <name>.debug_info</name>
         <load_address>0xa32b</load_address>
         <run_address>0xa32b</run_address>
         <size>0x25b</size>
         <input_file_ref idref="fl-13"/>
      </object_component>
      <object_component id="oc-230">
         <name>.debug_info</name>
         <load_address>0xa586</load_address>
         <run_address>0xa586</run_address>
         <size>0x294</size>
         <input_file_ref idref="fl-13"/>
      </object_component>
      <object_component id="oc-260">
         <name>.debug_info</name>
         <load_address>0xa81a</load_address>
         <run_address>0xa81a</run_address>
         <size>0x256</size>
         <input_file_ref idref="fl-13"/>
      </object_component>
      <object_component id="oc-224">
         <name>.debug_info</name>
         <load_address>0xaa70</load_address>
         <run_address>0xaa70</run_address>
         <size>0x257</size>
         <input_file_ref idref="fl-13"/>
      </object_component>
      <object_component id="oc-22a">
         <name>.debug_info</name>
         <load_address>0xacc7</load_address>
         <run_address>0xacc7</run_address>
         <size>0x29b</size>
         <input_file_ref idref="fl-13"/>
      </object_component>
      <object_component id="oc-23c">
         <name>.debug_info</name>
         <load_address>0xaf62</load_address>
         <run_address>0xaf62</run_address>
         <size>0x248</size>
         <input_file_ref idref="fl-13"/>
      </object_component>
      <object_component id="oc-21e">
         <name>.debug_info</name>
         <load_address>0xb1aa</load_address>
         <run_address>0xb1aa</run_address>
         <size>0x2d6</size>
         <input_file_ref idref="fl-13"/>
      </object_component>
      <object_component id="oc-17d">
         <name>.debug_info</name>
         <load_address>0xb480</load_address>
         <run_address>0xb480</run_address>
         <size>0x441</size>
         <input_file_ref idref="fl-14"/>
      </object_component>
      <object_component id="oc-2ea">
         <name>.debug_info</name>
         <load_address>0xb8c1</load_address>
         <run_address>0xb8c1</run_address>
         <size>0x156</size>
         <input_file_ref idref="fl-14"/>
      </object_component>
      <object_component id="oc-1d6">
         <name>.debug_info</name>
         <load_address>0xba17</load_address>
         <run_address>0xba17</run_address>
         <size>0x29e</size>
         <input_file_ref idref="fl-14"/>
      </object_component>
      <object_component id="oc-d0">
         <name>.debug_info</name>
         <load_address>0xbcb5</load_address>
         <run_address>0xbcb5</run_address>
         <size>0x288</size>
         <input_file_ref idref="fl-14"/>
      </object_component>
      <object_component id="oc-ca">
         <name>.debug_info</name>
         <load_address>0xbf3d</load_address>
         <run_address>0xbf3d</run_address>
         <size>0x286</size>
         <input_file_ref idref="fl-14"/>
      </object_component>
      <object_component id="oc-206">
         <name>.debug_info</name>
         <load_address>0xc1c3</load_address>
         <run_address>0xc1c3</run_address>
         <size>0x26c</size>
         <input_file_ref idref="fl-14"/>
      </object_component>
      <object_component id="oc-20c">
         <name>.debug_info</name>
         <load_address>0xc42f</load_address>
         <run_address>0xc42f</run_address>
         <size>0x236</size>
         <input_file_ref idref="fl-14"/>
      </object_component>
      <object_component id="oc-eb">
         <name>.debug_info</name>
         <load_address>0xc665</load_address>
         <run_address>0xc665</run_address>
         <size>0x2e4</size>
         <input_file_ref idref="fl-14"/>
      </object_component>
      <object_component id="oc-103">
         <name>.debug_info</name>
         <load_address>0xc949</load_address>
         <run_address>0xc949</run_address>
         <size>0x2be</size>
         <input_file_ref idref="fl-14"/>
      </object_component>
      <object_component id="oc-332">
         <name>.debug_info</name>
         <load_address>0xcc07</load_address>
         <run_address>0xcc07</run_address>
         <size>0x51</size>
         <input_file_ref idref="fl-14"/>
      </object_component>
      <object_component id="oc-3a8">
         <name>.debug_info</name>
         <load_address>0xcc58</load_address>
         <run_address>0xcc58</run_address>
         <size>0x3c7</size>
         <input_file_ref idref="fl-15"/>
      </object_component>
      <object_component id="oc-431">
         <name>.debug_info</name>
         <load_address>0xd01f</load_address>
         <run_address>0xd01f</run_address>
         <size>0x163</size>
         <input_file_ref idref="fl-15"/>
      </object_component>
      <object_component id="oc-434">
         <name>.debug_info</name>
         <load_address>0xd182</load_address>
         <run_address>0xd182</run_address>
         <size>0x175</size>
         <input_file_ref idref="fl-15"/>
      </object_component>
      <object_component id="oc-29a">
         <name>.debug_info</name>
         <load_address>0xd2f7</load_address>
         <run_address>0xd2f7</run_address>
         <size>0x2c3</size>
         <input_file_ref idref="fl-15"/>
      </object_component>
      <object_component id="oc-3ac">
         <name>.debug_info</name>
         <load_address>0xd5ba</load_address>
         <run_address>0xd5ba</run_address>
         <size>0x2f4</size>
         <input_file_ref idref="fl-15"/>
      </object_component>
      <object_component id="oc-2a0">
         <name>.debug_info</name>
         <load_address>0xd8ae</load_address>
         <run_address>0xd8ae</run_address>
         <size>0x2ed</size>
         <input_file_ref idref="fl-15"/>
      </object_component>
      <object_component id="oc-2a6">
         <name>.debug_info</name>
         <load_address>0xdb9b</load_address>
         <run_address>0xdb9b</run_address>
         <size>0x29d</size>
         <input_file_ref idref="fl-15"/>
      </object_component>
      <object_component id="oc-28e">
         <name>.debug_info</name>
         <load_address>0xde38</load_address>
         <run_address>0xde38</run_address>
         <size>0x29b</size>
         <input_file_ref idref="fl-15"/>
      </object_component>
      <object_component id="oc-2ac">
         <name>.debug_info</name>
         <load_address>0xe0d3</load_address>
         <run_address>0xe0d3</run_address>
         <size>0x288</size>
         <input_file_ref idref="fl-15"/>
      </object_component>
      <object_component id="oc-2be">
         <name>.debug_info</name>
         <load_address>0xe35b</load_address>
         <run_address>0xe35b</run_address>
         <size>0x28a</size>
         <input_file_ref idref="fl-15"/>
      </object_component>
      <object_component id="oc-294">
         <name>.debug_info</name>
         <load_address>0xe5e5</load_address>
         <run_address>0xe5e5</run_address>
         <size>0x295</size>
         <input_file_ref idref="fl-15"/>
      </object_component>
      <object_component id="oc-3a4">
         <name>.debug_info</name>
         <load_address>0xe87a</load_address>
         <run_address>0xe87a</run_address>
         <size>0x3cb</size>
         <input_file_ref idref="fl-16"/>
      </object_component>
      <object_component id="oc-282">
         <name>.debug_info</name>
         <load_address>0xec45</load_address>
         <run_address>0xec45</run_address>
         <size>0x250</size>
         <input_file_ref idref="fl-16"/>
      </object_component>
      <object_component id="oc-39e">
         <name>.debug_info</name>
         <load_address>0xee95</load_address>
         <run_address>0xee95</run_address>
         <size>0x252</size>
         <input_file_ref idref="fl-16"/>
      </object_component>
      <object_component id="oc-27c">
         <name>.debug_info</name>
         <load_address>0xf0e7</load_address>
         <run_address>0xf0e7</run_address>
         <size>0x32f</size>
         <input_file_ref idref="fl-16"/>
      </object_component>
      <object_component id="oc-2b2">
         <name>.debug_info</name>
         <load_address>0xf416</load_address>
         <run_address>0xf416</run_address>
         <size>0x25c</size>
         <input_file_ref idref="fl-16"/>
      </object_component>
      <object_component id="oc-288">
         <name>.debug_info</name>
         <load_address>0xf672</load_address>
         <run_address>0xf672</run_address>
         <size>0x27c</size>
         <input_file_ref idref="fl-16"/>
      </object_component>
      <object_component id="oc-2b8">
         <name>.debug_info</name>
         <load_address>0xf8ee</load_address>
         <run_address>0xf8ee</run_address>
         <size>0x26c</size>
         <input_file_ref idref="fl-16"/>
      </object_component>
      <object_component id="oc-26f">
         <name>.debug_info</name>
         <load_address>0xfb5a</load_address>
         <run_address>0xfb5a</run_address>
         <size>0x21b</size>
         <input_file_ref idref="fl-17"/>
      </object_component>
      <object_component id="oc-301">
         <name>.debug_info</name>
         <load_address>0xfd75</load_address>
         <run_address>0xfd75</run_address>
         <size>0x2a9</size>
         <input_file_ref idref="fl-cd"/>
      </object_component>
      <object_component id="oc-115">
         <name>.debug_info</name>
         <load_address>0x1001e</load_address>
         <run_address>0x1001e</run_address>
         <size>0x247</size>
         <input_file_ref idref="fl-cd"/>
      </object_component>
      <object_component id="oc-3e9">
         <name>.debug_info</name>
         <load_address>0x10265</load_address>
         <run_address>0x10265</run_address>
         <size>0x46</size>
         <input_file_ref idref="fl-cd"/>
      </object_component>
      <object_component id="oc-302">
         <name>.debug_info</name>
         <load_address>0x102ab</load_address>
         <run_address>0x102ab</run_address>
         <size>0x39</size>
         <input_file_ref idref="fl-cd"/>
      </object_component>
      <object_component id="oc-44e">
         <name>.debug_info</name>
         <load_address>0x102e4</load_address>
         <run_address>0x102e4</run_address>
         <size>0x2f2</size>
         <input_file_ref idref="fl-ce"/>
      </object_component>
      <object_component id="oc-3e3">
         <name>.debug_info</name>
         <load_address>0x105d6</load_address>
         <run_address>0x105d6</run_address>
         <size>0x131</size>
         <input_file_ref idref="fl-ce"/>
      </object_component>
      <object_component id="oc-2f6">
         <name>.debug_info</name>
         <load_address>0x10707</load_address>
         <run_address>0x10707</run_address>
         <size>0x4ac</size>
         <input_file_ref idref="fl-ce"/>
      </object_component>
      <object_component id="oc-2f2">
         <name>.debug_info</name>
         <load_address>0x10bb3</load_address>
         <run_address>0x10bb3</run_address>
         <size>0x14c</size>
         <input_file_ref idref="fl-cf"/>
      </object_component>
      <object_component id="oc-3e0">
         <name>.debug_info</name>
         <load_address>0x10cff</load_address>
         <run_address>0x10cff</run_address>
         <size>0x12a</size>
         <input_file_ref idref="fl-d0"/>
      </object_component>
      <object_component id="oc-2fc">
         <name>.debug_info</name>
         <load_address>0x10e29</load_address>
         <run_address>0x10e29</run_address>
         <size>0x13a</size>
         <input_file_ref idref="fl-d1"/>
      </object_component>
      <object_component id="oc-11b">
         <name>.debug_info</name>
         <load_address>0x10f63</load_address>
         <run_address>0x10f63</run_address>
         <size>0x13a</size>
         <input_file_ref idref="fl-d2"/>
      </object_component>
      <object_component id="oc-120">
         <name>.debug_info</name>
         <load_address>0x1109d</load_address>
         <run_address>0x1109d</run_address>
         <size>0x13e</size>
         <input_file_ref idref="fl-d3"/>
      </object_component>
      <object_component id="oc-10a">
         <name>.debug_info</name>
         <load_address>0x111db</load_address>
         <run_address>0x111db</run_address>
         <size>0x12c</size>
         <input_file_ref idref="fl-d4"/>
      </object_component>
      <object_component id="oc-8e">
         <name>.debug_info</name>
         <load_address>0x11307</load_address>
         <run_address>0x11307</run_address>
         <size>0x2d4</size>
         <input_file_ref idref="fl-d5"/>
      </object_component>
      <object_component id="oc-48">
         <name>.debug_info</name>
         <load_address>0x115db</load_address>
         <run_address>0x115db</run_address>
         <size>0x1d2</size>
         <input_file_ref idref="fl-d5"/>
      </object_component>
      <object_component id="oc-89">
         <name>.debug_info</name>
         <load_address>0x117ad</load_address>
         <run_address>0x117ad</run_address>
         <size>0x46</size>
         <input_file_ref idref="fl-d5"/>
      </object_component>
      <object_component id="oc-46">
         <name>.debug_info</name>
         <load_address>0x117f3</load_address>
         <run_address>0x117f3</run_address>
         <size>0x2a8</size>
         <input_file_ref idref="fl-d6"/>
      </object_component>
      <object_component id="oc-1c">
         <name>.debug_info</name>
         <load_address>0x11a9b</load_address>
         <run_address>0x11a9b</run_address>
         <size>0x1ea</size>
         <input_file_ref idref="fl-d6"/>
      </object_component>
      <object_component id="oc-41">
         <name>.debug_info</name>
         <load_address>0x11c85</load_address>
         <run_address>0x11c85</run_address>
         <size>0x46</size>
         <input_file_ref idref="fl-d6"/>
      </object_component>
      <object_component id="oc-81">
         <name>.debug_info</name>
         <load_address>0x11ccb</load_address>
         <run_address>0x11ccb</run_address>
         <size>0x2c</size>
         <input_file_ref idref="fl-d6"/>
      </object_component>
      <object_component id="oc-7f">
         <name>.debug_info</name>
         <load_address>0x11cf7</load_address>
         <run_address>0x11cf7</run_address>
         <size>0x29e</size>
         <input_file_ref idref="fl-d7"/>
      </object_component>
      <object_component id="oc-16">
         <name>.debug_info</name>
         <load_address>0x11f95</load_address>
         <run_address>0x11f95</run_address>
         <size>0x250</size>
         <input_file_ref idref="fl-d7"/>
      </object_component>
      <object_component id="oc-31">
         <name>.debug_info</name>
         <load_address>0x121e5</load_address>
         <run_address>0x121e5</run_address>
         <size>0x60</size>
         <input_file_ref idref="fl-d7"/>
      </object_component>
      <object_component id="oc-b9">
         <name>.debug_info</name>
         <load_address>0x12245</load_address>
         <run_address>0x12245</run_address>
         <size>0x46</size>
         <input_file_ref idref="fl-d7"/>
      </object_component>
      <object_component id="oc-7a">
         <name>.debug_info</name>
         <load_address>0x1228b</load_address>
         <run_address>0x1228b</run_address>
         <size>0x39</size>
         <input_file_ref idref="fl-d7"/>
      </object_component>
      <object_component id="oc-3c9">
         <name>.debug_info</name>
         <load_address>0x122c4</load_address>
         <run_address>0x122c4</run_address>
         <size>0x2b9</size>
         <input_file_ref idref="fl-d8"/>
      </object_component>
      <object_component id="oc-2ca">
         <name>.debug_info</name>
         <load_address>0x1257d</load_address>
         <run_address>0x1257d</run_address>
         <size>0x17c</size>
         <input_file_ref idref="fl-d8"/>
      </object_component>
      <object_component id="oc-444">
         <name>.debug_info</name>
         <load_address>0x126f9</load_address>
         <run_address>0x126f9</run_address>
         <size>0xf9</size>
         <input_file_ref idref="fl-d9"/>
      </object_component>
      <object_component id="oc-3c6">
         <name>.debug_info</name>
         <load_address>0x127f2</load_address>
         <run_address>0x127f2</run_address>
         <size>0x105</size>
         <input_file_ref idref="fl-d9"/>
      </object_component>
      <object_component id="oc-3cd">
         <name>.debug_info</name>
         <load_address>0x128f7</load_address>
         <run_address>0x128f7</run_address>
         <size>0x29a</size>
         <input_file_ref idref="fl-da"/>
      </object_component>
      <object_component id="oc-2d3">
         <name>.debug_info</name>
         <load_address>0x12b91</load_address>
         <run_address>0x12b91</run_address>
         <size>0x262</size>
         <input_file_ref idref="fl-da"/>
      </object_component>
      <object_component id="oc-3cf">
         <name>.debug_info</name>
         <load_address>0x12df3</load_address>
         <run_address>0x12df3</run_address>
         <size>0x2af</size>
         <input_file_ref idref="fl-db"/>
      </object_component>
      <object_component id="oc-2d9">
         <name>.debug_info</name>
         <load_address>0x130a2</load_address>
         <run_address>0x130a2</run_address>
         <size>0x277</size>
         <input_file_ref idref="fl-db"/>
      </object_component>
      <object_component id="oc-3c4">
         <name>.debug_info</name>
         <load_address>0x13319</load_address>
         <run_address>0x13319</run_address>
         <size>0x295</size>
         <input_file_ref idref="fl-dc"/>
      </object_component>
      <object_component id="oc-2c4">
         <name>.debug_info</name>
         <load_address>0x135ae</load_address>
         <run_address>0x135ae</run_address>
         <size>0x1d1</size>
         <input_file_ref idref="fl-dc"/>
      </object_component>
      <object_component id="oc-25">
         <name>.debug_info</name>
         <load_address>0x1377f</load_address>
         <run_address>0x1377f</run_address>
         <size>0x10b</size>
         <input_file_ref idref="fl-dd"/>
      </object_component>
      <object_component id="oc-5a">
[...]
      </symbol>
      <symbol id="sm-17f">
         <name>ESP01_sendATCommand</name>
         <value>0x1151</value>
         <object_component_ref idref="oc-fc"/>
      </symbol>
      <symbol id="sm-180">
         <name>Timer0_Init</name>
         <value>0x119f</value>
         <object_component_ref idref="oc-fc"/>
      </symbol>
      <symbol id="sm-181">
         <name>ESP01_readResponse</name>
         <value>0x11e5</value>
         <object_component_ref idref="oc-fc"/>
      </symbol>
      <symbol id="sm-182">
         <name>timerExpired</name>
         <value>0x2000056a</value>
         <object_component_ref idref="oc-2cf"/>
      </symbol>
      <symbol id="sm-183">
         <name>ESP01_fetchData</name>
         <value>0x150d</value>
         <object_component_ref idref="oc-fc"/>
      </symbol>
      <symbol id="sm-184">
         <name>UART0_Init</name>
         <value>0x10dd</value>
         <object_component_ref idref="oc-fc"/>
      </symbol>
      <symbol id="sm-185">
         <name>responseESP</name>
         <value>0x20000470</value>
         <object_component_ref idref="oc-2e4"/>
      </symbol>
      <symbol id="sm-196">
         <name>calculate_pid_control</name>
         <value>0x2fb1</value>
         <object_component_ref idref="oc-10e"/>
      </symbol>
      <symbol id="sm-1d8">
         <name>wheel_setSpeed</name>
         <value>0x1af9</value>
         <object_component_ref idref="oc-f0"/>
      </symbol>
      <symbol id="sm-1d9">
         <name>wheels_getPosition</name>
         <value>0x1ac7</value>
         <object_component_ref idref="oc-f0"/>
      </symbol>
      <symbol id="sm-1da">
         <name>wheels_init</name>
         <value>0x1875</value>
         <object_component_ref idref="oc-f0"/>
      </symbol>
      <symbol id="sm-268">
         <name>GPIOPinTypePWM</name>
         <value>0x38db</value>
         <object_component_ref idref="oc-211"/>
      </symbol>
      <symbol id="sm-269">
         <name>GPIOPinConfigure</name>
         <value>0x3431</value>
         <object_component_ref idref="oc-199"/>
      </symbol>
      <symbol id="sm-26a">
         <name>GPIOPinTypeI2CSCL</name>
         <value>0x38c5</value>
         <object_component_ref idref="oc-19f"/>
      </symbol>
      <symbol id="sm-26b">
         <name>GPIOPinTypeI2C</name>
         <value>0x38af</value>
         <object_component_ref idref="oc-1a5"/>
      </symbol>
      <symbol id="sm-26c">
         <name>GPIOPinTypeGPIOInput</name>
         <value>0x3899</value>
         <object_component_ref idref="oc-1ab"/>
      </symbol>
      <symbol id="sm-26d">
         <name>GPIOPinTypeUART</name>
         <value>0x3907</value>
         <object_component_ref idref="oc-275"/>
      </symbol>
      <symbol id="sm-26e">
         <name>GPIOPinTypeGPIOOutput</name>
         <value>0x3837</value>
         <object_component_ref idref="oc-d5"/>
      </symbol>
      <symbol id="sm-26f">
         <name>GPIOPinRead</name>
         <value>0x3a7d</value>
         <object_component_ref idref="oc-193"/>
      </symbol>
      <symbol id="sm-270">
         <name>GPIODirModeSet</name>
         <value>0x3765</value>
         <object_component_ref idref="oc-185"/>
      </symbol>
      <symbol id="sm-271">
         <name>GPIOPinTypeQEI</name>
         <value>0x38f1</value>
         <object_component_ref idref="oc-217"/>
      </symbol>
      <symbol id="sm-272">
         <name>GPIOPinWrite</name>
         <value>0x3a83</value>
         <object_component_ref idref="oc-db"/>
      </symbol>
      <symbol id="sm-273">
         <name>GPIOPadConfigSet</name>
         <value>0x275d</value>
         <object_component_ref idref="oc-17f"/>
      </symbol>
      <symbol id="sm-2ad">
         <name>IntEnable</name>
         <value>0x32b1</value>
         <object_component_ref idref="oc-3b7"/>
      </symbol>
      <symbol id="sm-2ae">
         <name>IntRegister</name>
         <value>0x3695</value>
         <object_component_ref idref="oc-3b1"/>
      </symbol>
      <symbol id="sm-2af">
         <name>g_pfnRAMVectors</name>
         <value>0x20000000</value>
         <object_component_ref idref="oc-437"/>
      </symbol>
      <symbol id="sm-2b0">
         <name>IntMasterEnable</name>
         <value>0x3995</value>
         <object_component_ref idref="oc-f6"/>
      </symbol>
      <symbol id="sm-2dd">
         <name>PWMGenPeriodSet</name>
         <value>0x39a5</value>
         <object_component_ref idref="oc-247"/>
      </symbol>
      <symbol id="sm-2de">
         <name>PWMPulseWidthSet</name>
         <value>0x37fd</value>
         <object_component_ref idref="oc-24d"/>
      </symbol>
      <symbol id="sm-2df">
         <name>PWMOutputState</name>
         <value>0x3971</value>
         <object_component_ref idref="oc-253"/>
      </symbol>
      <symbol id="sm-2e0">
         <name>PWMGenEnable</name>
         <value>0x3a07</value>
         <object_component_ref idref="oc-259"/>
      </symbol>
      <symbol id="sm-2e1">
         <name>PWMGenConfigure</name>
         <value>0x37b9</value>
         <object_component_ref idref="oc-241"/>
      </symbol>
      <symbol id="sm-31e">
         <name>QEIPositionGet</name>
         <value>0x3a9b</value>
         <object_component_ref idref="oc-25f"/>
      </symbol>
      <symbol id="sm-31f">
         <name>QEIFilterConfigure</name>
         <value>0x3a13</value>
         <object_component_ref idref="oc-229"/>
      </symbol>
      <symbol id="sm-320">
         <name>QEIFilterEnable</name>
         <value>0x3a3f</value>
         <object_component_ref idref="oc-223"/>
      </symbol>
      <symbol id="sm-321">
         <name>QEIEnable</name>
         <value>0x3a35</value>
         <object_component_ref idref="oc-23b"/>
      </symbol>
      <symbol id="sm-322">
         <name>QEIPositionSet</name>
         <value>0x3a9f</value>
         <object_component_ref idref="oc-22f"/>
      </symbol>
      <symbol id="sm-323">
         <name>QEIVelocityEnable</name>
         <value>0x3a49</value>
         <object_component_ref idref="oc-235"/>
      </symbol>
      <symbol id="sm-324">
         <name>QEIConfigure</name>
         <value>0x39b5</value>
         <object_component_ref idref="oc-21d"/>
      </symbol>
      <symbol id="sm-3a2">
         <name>SysCtlClockSet</name>
         <value>0x2ebd</value>
         <object_component_ref idref="oc-ea"/>
      </symbol>
      <symbol id="sm-3a3">
         <name>SysCtlPWMClockGet</name>
         <value>0x3851</value>
         <object_component_ref idref="oc-20b"/>
      </symbol>
      <symbol id="sm-3a4">
         <name>SysCtlDelay</name>
         <value>0x3a89</value>
         <object_component_ref idref="oc-108"/>
      </symbol>
      <symbol id="sm-3a5">
         <name>SysCtlPeripheralEnable</name>
         <value>0x36c9</value>
         <object_component_ref idref="oc-c9"/>
      </symbol>
      <symbol id="sm-3a6">
         <name>SysCtlClockGet</name>
         <value>0x2ca9</value>
         <object_component_ref idref="oc-102"/>
      </symbol>
      <symbol id="sm-3a7">
         <name>SysCtlPWMClockSet</name>
         <value>0x3949</value>
         <object_component_ref idref="oc-205"/>
      </symbol>
      <symbol id="sm-3a8">
         <name>SysCtlPeripheralReady</name>
         <value>0x35ed</value>
         <object_component_ref idref="oc-cf"/>
      </symbol>
      <symbol id="sm-3a9">
         <name>SysCtlPeripheralReset</name>
         <value>0x33e1</value>
         <object_component_ref idref="oc-1d5"/>
      </symbol>
      <symbol id="sm-40e">
         <name>TimerLoadSet</name>
         <value>0x3983</value>
         <object_component_ref idref="oc-299"/>
      </symbol>
      <symbol id="sm-40f">
         <name>TimerDisable</name>
         <value>0x3869</value>
         <object_component_ref idref="oc-2bd"/>
      </symbol>
      <symbol id="sm-410">
         <name>TimerIntRegister</name>
         <value>0x3881</value>
         <object_component_ref idref="oc-29f"/>
      </symbol>
      <symbol id="sm-411">
         <name>TimerEnable</name>
         <value>0x39c3</value>
         <object_component_ref idref="oc-2ab"/>
      </symbol>
      <symbol id="sm-412">
         <name>TimerIntEnable</name>
         <value>0x3a6d</value>
         <object_component_ref idref="oc-2a5"/>
      </symbol>
      <symbol id="sm-413">
         <name>TimerConfigure</name>
         <value>0x3381</value>
         <object_component_ref idref="oc-293"/>
      </symbol>
      <symbol id="sm-414">
         <name>TimerIntClear</name>
         <value>0x3aa3</value>
         <object_component_ref idref="oc-28d"/>
      </symbol>
      <symbol id="sm-44e">
         <name>UARTConfigSetExpClk</name>
         <value>0x3561</value>
         <object_component_ref idref="oc-27b"/>
      </symbol>
      <symbol id="sm-44f">
         <name>UARTDisable</name>
         <value>0x37dd</value>
         <object_component_ref idref="oc-39d"/>
      </symbol>
      <symbol id="sm-450">
         <name>UARTCharsAvail</name>
         <value>0x39df</value>
         <object_component_ref idref="oc-2b1"/>
      </symbol>
      <symbol id="sm-451">
         <name>UARTCharGetNonBlocking</name>
         <value>0x39d1</value>
         <object_component_ref idref="oc-2b7"/>
      </symbol>
      <symbol id="sm-452">
         <name>UARTCharPut</name>
         <value>0x3a53</value>
         <object_component_ref idref="oc-287"/>
      </symbol>
      <symbol id="sm-453">
         <name>UARTEnable</name>
         <value>0x395d</value>
         <object_component_ref idref="oc-281"/>
      </symbol>
      <symbol id="sm-45d">
         <name>CPUcpsie</name>
         <value>0x39fb</value>
         <object_component_ref idref="oc-26e"/>
      </symbol>
      <symbol id="sm-4a1">
         <name>atan2</name>
         <value>0x23c1</value>
         <object_component_ref idref="oc-114"/>
      </symbol>
      <symbol id="sm-4a2">
         <name>atan2l</name>
         <value>0x23c1</value>
         <object_component_ref idref="oc-114"/>
      </symbol>
      <symbol id="sm-4d8">
         <name>atanl</name>
         <value>0x20d5</value>
         <object_component_ref idref="oc-2f5"/>
      </symbol>
      <symbol id="sm-4d9">
         <name>atan</name>
         <value>0x20d5</value>
         <object_component_ref idref="oc-2f5"/>
      </symbol>
      <symbol id="sm-4f0">
         <name>__aeabi_dsub</name>
         <value>0x25a5</value>
         <object_component_ref idref="oc-2f0"/>
      </symbol>
      <symbol id="sm-4f1">
         <name>__aeabi_dadd</name>
         <value>0x25af</value>
         <object_component_ref idref="oc-2f0"/>
      </symbol>
      <symbol id="sm-503">
         <name>__aeabi_cdrcmple</name>
         <value>0x31bb</value>
         <object_component_ref idref="oc-3dd"/>
      </symbol>
      <symbol id="sm-517">
         <name>__aeabi_ddiv</name>
         <value>0x2b71</value>
         <object_component_ref idref="oc-2fb"/>
      </symbol>
      <symbol id="sm-522">
         <name>__aeabi_dmul</name>
         <value>0x2dc1</value>
         <object_component_ref idref="oc-11a"/>
      </symbol>
      <symbol id="sm-52e">
         <name>__aeabi_d2f</name>
         <value>0x3241</value>
         <object_component_ref idref="oc-11f"/>
      </symbol>
      <symbol id="sm-539">
         <name>__aeabi_f2d</name>
         <value>0x3625</value>
         <object_component_ref idref="oc-109"/>
      </symbol>
      <symbol id="sm-54d">
         <name>__TI_zero_init_nomemset</name>
         <value>0x381b</value>
         <object_component_ref idref="oc-47"/>
      </symbol>
      <symbol id="sm-564">
         <name>__TI_decompress_none</name>
         <value>0x39ed</value>
         <object_component_ref idref="oc-1b"/>
      </symbol>
      <symbol id="sm-587">
         <name>__TI_decompress_lzss</name>
         <value>0x3319</value>
         <object_component_ref idref="oc-15"/>
      </symbol>
      <symbol id="sm-59d">
         <name>atoi</name>
         <value>0x3515</value>
         <object_component_ref idref="oc-2c9"/>
      </symbol>
      <symbol id="sm-5a8">
         <name>_ctypes_</name>
         <value>0x3ab0</value>
         <object_component_ref idref="oc-3c5"/>
      </symbol>
      <symbol id="sm-5b8">
         <name>strchr</name>
         <value>0x3933</value>
         <object_component_ref idref="oc-2d2"/>
      </symbol>
      <symbol id="sm-5c8">
         <name>strncpy</name>
         <value>0x365d</value>
         <object_component_ref idref="oc-2d8"/>
      </symbol>
      <symbol id="sm-5db">
         <name>strstr</name>
         <value>0x3731</value>
         <object_component_ref idref="oc-2c3"/>
      </symbol>
      <symbol id="sm-5ee">
         <name>__stack</name>
         <value>0x20000270</value>
         <object_component_ref idref="oc-24"/>
      </symbol>
      <symbol id="sm-5ef">
         <name>_c_int00_noargs</name>
         <value>0x36fd</value>
         <object_component_ref idref="oc-59"/>
      </symbol>
      <symbol id="sm-60a">
         <name>memcpy</name>
         <value>0x3089</value>
         <object_component_ref idref="oc-3b"/>
      </symbol>
      <symbol id="sm-60b">
         <name>__aeabi_memcpy</name>
         <value>0x3089</value>
         <object_component_ref idref="oc-3b"/>
      </symbol>
      <symbol id="sm-60c">
         <name>__aeabi_memcpy8</name>
         <value>0x3089</value>
         <object_component_ref idref="oc-3b"/>
      </symbol>
      <symbol id="sm-60d">
         <name>__aeabi_memcpy4</name>
         <value>0x3089</value>
         <object_component_ref idref="oc-3b"/>
      </symbol>
      <symbol id="sm-636">
         <name>__TI_auto_init_nobinit_nopinit</name>
         <value>0x35a9</value>
         <object_component_ref idref="oc-13e"/>
      </symbol>
      <symbol id="sm-640">
         <name>_system_pre_init</name>
         <value>0x3aa7</value>
         <object_component_ref idref="oc-95"/>
      </symbol>
      <symbol id="sm-64c">
         <name>C$$EXIT</name>
         <value>0x3aab</value>
         <object_component_ref idref="oc-132"/>
      </symbol>
      <symbol id="sm-64d">
         <name>abort</name>
         <value>0x3aab</value>
         <object_component_ref idref="oc-132"/>
      </symbol>
      <symbol id="sm-73a">
         <name>mpu9250_writeByte</name>
         <value>0x4cd</value>
         <object_component_ref idref="oc-e1"/>
      </symbol>
      <symbol id="sm-73b">
         <name>recover_i2c_bus</name>
         <value>0x3c7</value>
         <object_component_ref idref="oc-e1"/>
      </symbol>
      <symbol id="sm-73c">
         <name>mpu9250_calibrate_gyro_bias</name>
         <value>0xc3d</value>
         <object_component_ref idref="oc-e1"/>
      </symbol>
      <symbol id="sm-73d">
         <name>mpu9250_calculate_pitch_degrees_robust</name>
         <value>0xda1</value>
         <object_component_ref idref="oc-e1"/>
      </symbol>
      <symbol id="sm-73e">
         <name>delay_us</name>
         <value>0x39f</value>
         <object_component_ref idref="oc-e1"/>
      </symbol>
      <symbol id="sm-73f">
         <name>mpu9250_get_gyro</name>
         <value>0xd7d</value>
         <object_component_ref idref="oc-e1"/>
      </symbol>
      <symbol id="sm-740">
         <name>mpu9250_read_gyro_dps</name>
         <value>0xba9</value>
         <object_component_ref idref="oc-e1"/>
      </symbol>
      <symbol id="sm-741">
         <name>mpu9250_readBytes</name>
         <value>0x5b1</value>
         <object_component_ref idref="oc-e1"/>
      </symbol>
      <symbol id="sm-742">
         <name>mpu9250_init</name>
         <value>0x72d</value>
         <object_component_ref idref="oc-e1"/>
      </symbol>
      <symbol id="sm-743">
         <name>mpu9250_apply_bias_correction</name>
         <value>0x93d</value>
         <object_component_ref idref="oc-e1"/>
      </symbol>
      <symbol id="sm-744">
         <name>mpu9250_read_gyro_raw</name>
         <value>0xb4d</value>
         <object_component_ref idref="oc-e1"/>
      </symbol>
      <symbol id="sm-745">
         <name>check_i2c_bus_status</name>
         <value>0x483</value>
         <object_component_ref idref="oc-e1"/>
      </symbol>
      <symbol id="sm-746">
         <name>mpu9250_read_gyro_dps_corrected</name>
         <value>0xd1d</value>
         <object_component_ref idref="oc-e1"/>
      </symbol>
      <symbol id="sm-747">
         <name>mpu9250_calculate_bias</name>
         <value>0x7d9</value>
         <object_component_ref idref="oc-e1"/>
      </symbol>
      <symbol id="sm-748">
         <name>delay_ms</name>
         <value>0x37d</value>
         <object_component_ref idref="oc-e1"/>
      </symbol>
      <symbol id="sm-749">
         <name>mpu9250_readAcceleration</name>
         <value>0x995</value>
         <object_component_ref idref="oc-e1"/>
      </symbol>
      <symbol id="sm-74a">
         <name>mpu9250_kalmanFilter</name>
         <value>0xe21</value>
         <object_component_ref idref="oc-e1"/>
      </symbol>
      <symbol id="sm-796">
         <name>I2CMasterDataPut</name>
         <value>0x3a97</value>
         <object_component_ref idref="oc-1bd"/>
      </symbol>
      <symbol id="sm-797">
         <name>I2CMasterInitExpClk</name>
         <value>0x347d</value>
         <object_component_ref idref="oc-1b1"/>
      </symbol>
      <symbol id="sm-798">
         <name>I2CMasterSlaveAddrSet</name>
         <value>0x3a65</value>
         <object_component_ref idref="oc-1b7"/>
      </symbol>
      <symbol id="sm-799">
         <name>I2CMasterDataGet</name>
         <value>0x3a93</value>
         <object_component_ref idref="oc-1db"/>
      </symbol>
      <symbol id="sm-79a">
         <name>I2CMasterErr</name>
         <value>0x391d</value>
         <object_component_ref idref="oc-1cf"/>
      </symbol>
      <symbol id="sm-79b">
         <name>I2CMasterControl</name>
         <value>0x3a8f</value>
         <object_component_ref idref="oc-1c3"/>
      </symbol>
      <symbol id="sm-79c">
         <name>I2CMasterBusy</name>
         <value>0x3a5d</value>
         <object_component_ref idref="oc-1c9"/>
      </symbol>
      <symbol id="sm-79d">
         <name>I2CMasterEnable</name>
         <value>0x3a2b</value>
         <object_component_ref idref="oc-352"/>
      </symbol>
      <symbol id="sm-7d9">
         <name>atan2f</name>
         <value>0x28c9</value>
         <object_component_ref idref="oc-1f3"/>
      </symbol>
      <symbol id="sm-7e9">
         <name>sqrtf</name>
         <value>0x3791</value>
         <object_component_ref idref="oc-1ed"/>
      </symbol>
      <symbol id="sm-816">
         <name>atanf</name>
         <value>0x2a21</value>
         <object_component_ref idref="oc-36f"/>
      </symbol>
      <symbol id="sm-823">
         <name>__aeabi_uldivmod</name>
         <value>0x3125</value>
         <object_component_ref idref="oc-18e"/>
      </symbol>
      <symbol id="sm-839">
         <name>__aeabi_errno_addr</name>
         <value>0x3a75</value>
         <object_component_ref idref="oc-367"/>
      </symbol>
      <symbol id="sm-83a">
         <name>errno</name>
         <value>0x20000638</value>
         <object_component_ref idref="oc-415"/>
      </symbol>
      <symbol id="sm-844">
         <name>__aeabi_idiv0</name>
         <value>0x275b</value>
         <object_component_ref idref="oc-344"/>
      </symbol>
      <symbol id="sm-845">
         <name>__aeabi_ldiv0</name>
         <value>0x275b</value>
         <object_component_ref idref="oc-344"/>
      </symbol>
      <symbol id="sm-846">
         <name>__TI_static_base__</name>
         <value>0x0</value>
      </symbol>
      <symbol id="sm-849">
         <name>__mpu_init</name>
         <value>0x0</value>
      </symbol>
      <symbol id="sm-84a">
         <name>_system_post_cinit</name>
         <value>0x0</value>
      </symbol>
   </symbol_table>
   <title>Link successful</title>
</link_info>
