******************************************************************************
                  TI ARM Linker Unix v20.2.7                   
******************************************************************************
>> Linked Thu Nov  6 10:49:41 2025

OUTPUT FILE NAME:   <TWSBR_CodeBase.out>
ENTRY POINT SYMBOL: "_c_int00_noargs"  address: 0000280d


MEMORY CONFIGURATION

         name            origin    length      used     unused   attr    fill
----------------------  --------  ---------  --------  --------  ----  --------
  FLASH                 00000000   00040000  00002c62  0003d39e  R  X
  SRAM                  20000000   00008000  0000029c  00007d64  RW X


SEGMENT ALLOCATION MAP

run origin  load origin   length   init length attrs members
----------  ----------- ---------- ----------- ----- -------
00000000    00000000    00002c68   00002c68    r-x
  00000000    00000000    0000026c   0000026c    r-- .intvecs
  0000026c    0000026c    000027fa   000027fa    r-x .text
  00002a68    00002a68    000001c4   000001c4    r-- .const
  00002c30    00002c30    00000038   00000038    r-- .cinit
20000000    20000000    0000029c   00000000    rw-
  20000000    20000000    00000200   00000000    rw- .stack
  20000200    20000200    00000058   00000000    rw- .bss
  20000258    20000258    00000044   00000000    rw- .data


SECTION ALLOCATION MAP

 output                                  attributes/
section   page    origin      length       input sections
--------  ----  ----------  ----------   ----------------
.intvecs   0    00000000    0000026c     
                  00000000    0000026c     tm4c123gh6pm_startup_ccs.obj (.intvecs)

.text      0    0000026c    000027fa     
                  0000026c    00000b9c     TWSBR_MPU9250.lib : main.obj (.text)
                  00000e08    00000444     TWSBR_Wheel.lib : main.obj (.text)
                  0000124c    000002fc     main.obj (.text)
                  00001548    000002ec     rtsv7M4_T_le_v4SPD16_eabi.lib : s_atan.c.obj (.text:atan)
                  00001834    000001e4                                   : e_atan2.c.obj (.text:atan2)
                  00001a18    000001b6                                   : fd_add_t2.asm.obj (.text)
                  00001bce    00000002                                   : div0.asm.obj (.text)
                  00001bd0    0000016c     driverlib.lib : gpio.obj (.text:GPIOPadConfigSet)
                  00001d3c    00000158     rtsv7M4_T_le_v4SPD16_eabi.lib : e_sqrt.c.obj (.text:sqrt)
                  00001e94    00000136                                   : fd_div_t2.asm.obj (.text)
                  00001fca    00000002     --HOLE-- [fill = 0]
                  00001fcc    00000118     driverlib.lib : sysctl.obj (.text:SysCtlClockGet)
                  000020e4    000000fc     rtsv7M4_T_le_v4SPD16_eabi.lib : fd_mul_t2.asm.obj (.text)
                  000021e0    000000f4     driverlib.lib : sysctl.obj (.text:SysCtlClockSet)
                  000022d4    000000d8     TWSBR_PIDController.lib : main.obj (.text)
                  000023ac    0000009c     rtsv7M4_T_le_v4SPD16_eabi.lib : memcpy_t2.asm.obj (.text)
                  00002448    00000096                                   : ull_div_t2.asm.obj (.text)
                  000024de    00000086                                   : fd_cmp_t2.asm.obj (.text:__aeabi_cdrcmple)
                  00002564    0000006e                                   : fd_tos_t2.asm.obj (.text)
                  000025d2    00000068                                   : copy_decompress_lzss.c.obj (.text:decompress:lzss:__TI_decompress_lzss)
                  0000263a    00000002     --HOLE-- [fill = 0]
                  0000263c    00000050     driverlib.lib : sysctl.obj (.text:SysCtlPeripheralReset)
                  0000268c    0000004c                   : gpio.obj (.text:GPIOPinConfigure)
                  000026d8    0000004c                   : i2c.obj (.text:I2CMasterInitExpClk)
                  00002724    00000044     rtsv7M4_T_le_v4SPD16_eabi.lib : autoinit.c.obj (.text:__TI_auto_init_nobinit_nopinit:__TI_auto_init_nobinit_nopinit)
                  00002768    00000038     driverlib.lib : sysctl.obj (.text:SysCtlPeripheralReady)
                  000027a0    00000038     rtsv7M4_T_le_v4SPD16_eabi.lib : fs_tod_t2.asm.obj (.text)
                  000027d8    00000034     driverlib.lib : sysctl.obj (.text:SysCtlPeripheralEnable)
                  0000280c    00000034     rtsv7M4_T_le_v4SPD16_eabi.lib : boot_cortex_m.c.obj (.text:_c_int00_noargs:_c_int00_noargs)
                  00002840    0000002c     driverlib.lib : gpio.obj (.text:GPIODirModeSet)
                  0000286c    00000022                   : pwm.obj (.text:PWMGenConfigure)
                  0000288e    0000001e                   : pwm.obj (.text:PWMPulseWidthSet)
                  000028ac    0000001c     rtsv7M4_T_le_v4SPD16_eabi.lib : copy_zero_init.c.obj (.text:decompress:ZI:__TI_zero_init_nomemset:__TI_zero_init_nomemset)
                  000028c8    0000001a     driverlib.lib : gpio.obj (.text:GPIOPinTypeGPIOOutput)
                  000028e2    00000002     --HOLE-- [fill = 0]
                  000028e4    00000018                   : sysctl.obj (.text:SysCtlPWMClockGet)
                  000028fc    00000016                   : gpio.obj (.text:GPIOPinTypeGPIOInput)
                  00002912    00000016                   : gpio.obj (.text:GPIOPinTypeI2C)
                  00002928    00000016                   : gpio.obj (.text:GPIOPinTypeI2CSCL)
                  0000293e    00000016                   : gpio.obj (.text:GPIOPinTypePWM)
                  00002954    00000016                   : gpio.obj (.text:GPIOPinTypeQEI)
                  0000296a    00000016                   : i2c.obj (.text:I2CMasterErr)
                  00002980    00000014                   : sysctl.obj (.text:SysCtlPWMClockSet)
                  00002994    00000012                   : pwm.obj (.text:PWMOutputState)
                  000029a6    00000010                   : pwm.obj (.text:PWMGenPeriodSet)
                  000029b6    0000000e                   : qei.obj (.text:QEIConfigure)
                  000029c4    0000000e     rtsv7M4_T_le_v4SPD16_eabi.lib : copy_decompress_none.c.obj (.text:decompress:none:__TI_decompress_none)
                  000029d2    0000000c     driverlib.lib : pwm.obj (.text:PWMGenEnable)
                  000029de    0000000c                   : qei.obj (.text:QEIFilterConfigure)
                  000029ea    0000000c     tm4c123gh6pm_startup_ccs.obj (.text)
                  000029f6    0000000a     driverlib.lib : i2c.obj (.text:I2CMasterEnable)
                  00002a00    0000000a                   : qei.obj (.text:QEIEnable)
                  00002a0a    0000000a                   : qei.obj (.text:QEIFilterEnable)
                  00002a14    0000000a                   : qei.obj (.text:QEIVelocityEnable)
                  00002a1e    00000008                   : i2c.obj (.text:I2CMasterBusy)
                  00002a26    00000008                   : i2c.obj (.text:I2CMasterSlaveAddrSet)
                  00002a2e    00000002     --HOLE-- [fill = 0]
                  00002a30    00000008     rtsv7M4_T_le_v4SPD16_eabi.lib : errno.c.obj (.text:__aeabi_errno_addr)
                  00002a38    00000006     driverlib.lib : gpio.obj (.text:GPIOPinRead)
                  00002a3e    00000006                   : gpio.obj (.text:GPIOPinWrite)
                  00002a44    00000006                   : sysctl.obj (.text:SysCtlDelay)
                  00002a4a    00000004                   : i2c.obj (.text:I2CMasterControl)
                  00002a4e    00000004                   : i2c.obj (.text:I2CMasterDataGet)
                  00002a52    00000004                   : i2c.obj (.text:I2CMasterDataPut)
                  00002a56    00000004                   : qei.obj (.text:QEIPositionGet)
                  00002a5a    00000004                   : qei.obj (.text:QEIPositionSet)
                  00002a5e    00000004     rtsv7M4_T_le_v4SPD16_eabi.lib : pre_init.c.obj (.text:_system_pre_init)
                  00002a62    00000004                                   : exit.c.obj (.text:abort:abort)

.const     0    00002a68    000001c4     
                  00002a68    00000098     rtsv7M4_T_le_v4SPD16_eabi.lib : s_atan.c.obj (.const:$O1$$)
                  00002b00    00000090     driverlib.lib : gpio.obj (.const:g_pui32GPIOBaseAddrs)
                  00002b90    0000006c                   : sysctl.obj (.const:g_pui32Xtals)
                  00002bfc    00000018     main.obj (.const:$P$T0$1)
                  00002c14    0000000c     TWSBR_MPU9250.lib : main.obj (.const:$P$T0$1)
                  00002c20    0000000c                       : main.obj (.const:$P$T1$2)

.cinit     0    00002c30    00000038     
                  00002c30    00000014     (.cinit..data.load) [load image, compression = lzss]
                  00002c44    0000000c     (__TI_handler_table)
                  00002c50    00000008     (.cinit..bss.load) [load image, compression = zero_init]
                  00002c58    00000010     (__TI_cinit_table)

.init_array 
*          0    00000000    00000000     UNINITIALIZED

.bss       0    20000200    00000058     UNINITIALIZED
                  20000200    0000000c     (.common:accelXYZ)
                  2000020c    0000000c     (.common:gyroXYZ)
                  20000218    00000008     (.common:accel_reg)
                  20000220    00000008     (.common:encoderPosn)
                  20000228    00000004     (.common:control_output)
                  2000022c    00000004     (.common:filteredPitch)
                  20000230    00000004     (.common:pitchAngle)
                  20000234    00000004     (.common:test1)
                  20000238    00000004     (.common:test2)
                  2000023c    00000004     (.common:test3)
                  20000240    00000004     (.common:ui32Load)
                  20000244    00000004     (.common:ui32PWMClock)
                  20000248    00000004     (.common:ui8Adjust1)
                  2000024c    00000004     (.common:ui8Adjust2)
                  20000250    00000004     (.common:ui8Adjust3)
                  20000254    00000004     (.common:ui8Adjust4)

.data      0    20000258    00000044     UNINITIALIZED
                  20000258    00000010     TWSBR_MPU9250.lib : main.obj (.data:P$5)
                  20000268    0000000c                       : main.obj (.data)
                  20000274    0000000c                       : main.obj (.data:accel_bias)
                  20000280    0000000c                       : main.obj (.data:gyro_bias)
                  2000028c    0000000c     main.obj (.data)
                  20000298    00000004     rtsv7M4_T_le_v4SPD16_eabi.lib : errno.c.obj (.data)

.stack     0    20000000    00000200     UNINITIALIZED
                  20000000    00000004     rtsv7M4_T_le_v4SPD16_eabi.lib : boot_cortex_m.c.obj (.stack)
                  20000004    000001fc     --HOLE--

__llvm_prf_cnts 
*          0    20000000    00000000     UNINITIALIZED

MODULE SUMMARY

       Module                         code    ro data   rw data
       ------                         ----    -------   -------
    ./
       main.obj                       764     24        100    
       tm4c123gh6pm_startup_ccs.obj   12      620       0      
    +--+------------------------------+-------+---------+---------+
       Total:                         776     644       100    
                                                               
    /home/akshat/ti/TivaWare_C_Series-2.2.0.295/driverlib/ccs/Debug/driverlib.lib
       sysctl.obj                     762     108       0      
       gpio.obj                       632     144       0      
       i2c.obj                        136     0         0      
       pwm.obj                        110     0         0      
       qei.obj                        64      0         0      
    +--+------------------------------+-------+---------+---------+
       Total:                         1704    252       0      
                                                               
    /home/akshat/ti/ccs1110/ccs/tools/compiler/ti-cgt-arm_20.2.7.LTS/lib/rtsv7M4_T_le_v4SPD16_eabi.lib
       s_atan.c.obj                   748     152       0      
       e_atan2.c.obj                  484     0         0      
       fd_add_t2.asm.obj              438     0         0      
       e_sqrt.c.obj                   344     0         0      
       fd_div_t2.asm.obj              310     0         0      
       fd_mul_t2.asm.obj              252     0         0      
       memcpy_t2.asm.obj              156     0         0      
       ull_div_t2.asm.obj             150     0         0      
       fd_cmp_t2.asm.obj              134     0         0      
       fd_tos_t2.asm.obj              110     0         0      
       copy_decompress_lzss.c.obj     104     0         0      
       autoinit.c.obj                 68      0         0      
       fs_tod_t2.asm.obj              56      0         0      
       boot_cortex_m.c.obj            52      0         0      
       copy_zero_init.c.obj           28      0         0      
       copy_decompress_none.c.obj     14      0         0      
       errno.c.obj                    8       0         4      
       exit.c.obj                     4       0         0      
       pre_init.c.obj                 4       0         0      
       div0.asm.obj                   2       0         0      
    +--+------------------------------+-------+---------+---------+
       Total:                         3466    152       4      
                                                               
    /home/akshat/workspace_v12/TWSBR_MPU9250/Debug/TWSBR_MPU9250.lib
       main.obj                       2972    24        52     
    +--+------------------------------+-------+---------+---------+
       Total:                         2972    24        52     
                                                               
    /home/akshat/workspace_v12/TWSBR_PIDController/Debug/TWSBR_PIDController.lib
       main.obj                       216     0         0      
    +--+------------------------------+-------+---------+---------+
       Total:                         216     0         0      
                                                               
    /home/akshat/workspace_v12/TWSBR_Wheel/Debug/TWSBR_Wheel.lib
       main.obj                       1092    0         0      
    +--+------------------------------+-------+---------+---------+
       Total:                         1092    0         0      
                                                               
       Stack:                         0       0         512    
       Linker Generated:              0       56        0      
    +--+------------------------------+-------+---------+---------+
       Grand Total:                   10226   1128      668    


LINKER GENERATED COPY TABLES

__TI_cinit_table @ 00002c58 records: 2, size/record: 8, table size: 16
	.data: load addr=00002c30, load size=00000014 bytes, run addr=20000258, run size=00000044 bytes, compression=lzss
	.bss: load addr=00002c50, load size=00000008 bytes, run addr=20000200, run size=00000058 bytes, compression=zero_init


LINKER GENERATED HANDLER TABLE

__TI_handler_table @ 00002c44 records: 3, size/record: 4, table size: 12
	index: 0, handler: __TI_decompress_lzss
	index: 1, handler: __TI_decompress_none
	index: 2, handler: __TI_zero_init


GLOBAL SYMBOLS: SORTED ALPHABETICALLY BY Name 

address   name                                  
-------   ----                                  
00002a63  C$$EXIT                               
00002841  GPIODirModeSet                        
00001bd1  GPIOPadConfigSet                      
0000268d  GPIOPinConfigure                      
00002a39  GPIOPinRead                           
000028fd  GPIOPinTypeGPIOInput                  
000028c9  GPIOPinTypeGPIOOutput                 
00002913  GPIOPinTypeI2C                        
00002929  GPIOPinTypeI2CSCL                     
0000293f  GPIOPinTypePWM                        
00002955  GPIOPinTypeQEI                        
00002a3f  GPIOPinWrite                          
00002a1f  I2CMasterBusy                         
00002a4b  I2CMasterControl                      
00002a4f  I2CMasterDataGet                      
00002a53  I2CMasterDataPut                      
000029f7  I2CMasterEnable                       
0000296b  I2CMasterErr                          
000026d9  I2CMasterInitExpClk                   
00002a27  I2CMasterSlaveAddrSet                 
0000286d  PWMGenConfigure                       
000029d3  PWMGenEnable                          
000029a7  PWMGenPeriodSet                       
00002995  PWMOutputState                        
0000288f  PWMPulseWidthSet                      
000029b7  QEIConfigure                          
00002a01  QEIEnable                             
000029df  QEIFilterConfigure                    
00002a0b  QEIFilterEnable                       
00002a57  QEIPositionGet                        
00002a5b  QEIPositionSet                        
00002a15  QEIVelocityEnable                     
000029eb  ResetISR                              
00001fcd  SysCtlClockGet                        
000021e1  SysCtlClockSet                        
00002a45  SysCtlDelay                           
000028e5  SysCtlPWMClockGet                     
00002981  SysCtlPWMClockSet                     
000027d9  SysCtlPeripheralEnable                
00002769  SysCtlPeripheralReady                 
0000263d  SysCtlPeripheralReset                 
20000200  __STACK_END                           
00000200  __STACK_SIZE                          
20000200  __STACK_TOP                           
00002c58  __TI_CINIT_Base                       
00002c68  __TI_CINIT_Limit                      
00002c44  __TI_Handler_Table_Base               
00002c50  __TI_Handler_Table_Limit              
00002725  __TI_auto_init_nobinit_nopinit        
000025d3  __TI_decompress_lzss                  
000029c5  __TI_decompress_none                  
ffffffff  __TI_pprof_out_hndl                   
ffffffff  __TI_prof_data_size                   
ffffffff  __TI_prof_data_start                  
00000000  __TI_static_base__                    
000028ad  __TI_zero_init_nomemset               
000024df  __aeabi_cdrcmple                      
00002565  __aeabi_d2f                           
00001a23  __aeabi_dadd                          
00001e95  __aeabi_ddiv                          
000020e5  __aeabi_dmul                          
00001a19  __aeabi_dsub                          
00002a31  __aeabi_errno_addr                    
000027a1  __aeabi_f2d                           
00001bcf  __aeabi_idiv0                         
00001bcf  __aeabi_ldiv0                         
000023ad  __aeabi_memcpy                        
000023ad  __aeabi_memcpy4                       
000023ad  __aeabi_memcpy8                       
00002449  __aeabi_uldivmod                      
ffffffff  __binit__                             
ffffffff  __c_args__                            
UNDEFED   __mpu_init                            
20000000  __stack                               
20000000  __start___llvm_prf_cnts               
20000000  __stop___llvm_prf_cnts                
0000280d  _c_int00_noargs                       
UNDEFED   _system_post_cinit                    
00002a5f  _system_pre_init                      
00002a63  abort                                 
20000200  accelXYZ                              
20000274  accel_bias                            
20000218  accel_reg                             
00001549  atan                                  
00001835  atan2                                 
00001835  atan2l                                
00001549  atanl                                 
20000268  bias_calibrated                       
ffffffff  binit                                 
20000290  blinkInterval                         
000022d5  calculate_pid_control                 
000002b5  check_i2c_bus_status                  
20000228  control_output                        
0000026d  delay_ms                              
0000028d  delay_us                              
20000220  encoderPosn                           
20000298  errno                                 
2000022c  filteredPitch                         
00000000  g_pfnVectors                          
2000020c  gyroXYZ                               
20000280  gyro_bias                             
20000269  gyro_bias_calibrated                  
000012f5  handle_led_blinking                   
0000124d  init_led                              
20000294  ledCounter                            
2000028c  ledState                              
00001397  main                                  
000023ad  memcpy                                
0000083d  mpu9250_apply_bias_correction         
000006d9  mpu9250_calculate_bias                
00000961  mpu9250_calculate_pitch_degrees_robust
00000ac1  mpu9250_calibrate_gyro_bias           
00000bed  mpu9250_get_gyro                      
000004a1  mpu9250_init                          
00000c09  mpu9250_kalmanFilter                  
00000889  mpu9250_readAcceleration              
00000549  mpu9250_readBytes                     
00000a31  mpu9250_read_gyro_dps                 
00000b97  mpu9250_read_gyro_dps_corrected       
000009cf  mpu9250_read_gyro_raw                 
000003bf  mpu9250_writeByte                     
20000230  pitchAngle                            
00000305  recover_i2c_bus                       
00001d3d  sqrt                                  
00001d3d  sqrtl                                 
20000234  test1                                 
20000238  test2                                 
2000023c  test3                                 
00001353  test_led                              
20000240  ui32Load                              
20000244  ui32PWMClock                          
20000248  ui8Adjust1                            
2000024c  ui8Adjust2                            
20000250  ui8Adjust3                            
20000254  ui8Adjust4                            
00001273  update_led_blink_speed                
0000108d  wheel_setSpeed                        
0000105b  wheels_getPosition                    
00000e09  wheels_init                           


GLOBAL SYMBOLS: SORTED BY Symbol Address 

address   name                                  
-------   ----                                  
00000000  __TI_static_base__                    
00000000  g_pfnVectors                          
00000200  __STACK_SIZE                          
0000026d  delay_ms                              
0000028d  delay_us                              
000002b5  check_i2c_bus_status                  
00000305  recover_i2c_bus                       
000003bf  mpu9250_writeByte                     
000004a1  mpu9250_init                          
00000549  mpu9250_readBytes                     
000006d9  mpu9250_calculate_bias                
0000083d  mpu9250_apply_bias_correction         
00000889  mpu9250_readAcceleration              
00000961  mpu9250_calculate_pitch_degrees_robust
000009cf  mpu9250_read_gyro_raw                 
00000a31  mpu9250_read_gyro_dps                 
00000ac1  mpu9250_calibrate_gyro_bias           
00000b97  mpu9250_read_gyro_dps_corrected       
00000bed  mpu9250_get_gyro                      
00000c09  mpu9250_kalmanFilter                  
00000e09  wheels_init                           
0000105b  wheels_getPosition                    
0000108d  wheel_setSpeed                        
0000124d  init_led                              
00001273  update_led_blink_speed                
000012f5  handle_led_blinking                   
00001353  test_led                              
00001397  main                                  
00001549  atan                                  
00001549  atanl                                 
00001835  atan2                                 
00001835  atan2l                                
00001a19  __aeabi_dsub                          
00001a23  __aeabi_dadd                          
00001bcf  __aeabi_idiv0                         
00001bcf  __aeabi_ldiv0                         
00001bd1  GPIOPadConfigSet                      
00001d3d  sqrt                                  
00001d3d  sqrtl                                 
00001e95  __aeabi_ddiv                          
00001fcd  SysCtlClockGet                        
000020e5  __aeabi_dmul                          
000021e1  SysCtlClockSet                        
000022d5  calculate_pid_control                 
000023ad  __aeabi_memcpy                        
000023ad  __aeabi_memcpy4                       
000023ad  __aeabi_memcpy8                       
000023ad  memcpy                                
00002449  __aeabi_uldivmod                      
000024df  __aeabi_cdrcmple                      
00002565  __aeabi_d2f                           
000025d3  __TI_decompress_lzss                  
0000263d  SysCtlPeripheralReset                 
0000268d  GPIOPinConfigure                      
000026d9  I2CMasterInitExpClk                   
00002725  __TI_auto_init_nobinit_nopinit        
00002769  SysCtlPeripheralReady                 
000027a1  __aeabi_f2d                           
000027d9  SysCtlPeripheralEnable                
0000280d  _c_int00_noargs                       
00002841  GPIODirModeSet                        
0000286d  PWMGenConfigure                       
0000288f  PWMPulseWidthSet                      
000028ad  __TI_zero_init_nomemset               
000028c9  GPIOPinTypeGPIOOutput                 
000028e5  SysCtlPWMClockGet                     
000028fd  GPIOPinTypeGPIOInput                  
00002913  GPIOPinTypeI2C                        
00002929  GPIOPinTypeI2CSCL                     
0000293f  GPIOPinTypePWM                        
00002955  GPIOPinTypeQEI                        
0000296b  I2CMasterErr                          
00002981  SysCtlPWMClockSet                     
00002995  PWMOutputState                        
000029a7  PWMGenPeriodSet                       
000029b7  QEIConfigure                          
000029c5  __TI_decompress_none                  
000029d3  PWMGenEnable                          
000029df  QEIFilterConfigure                    
000029eb  ResetISR                              
000029f7  I2CMasterEnable                       
00002a01  QEIEnable                             
00002a0b  QEIFilterEnable                       
00002a15  QEIVelocityEnable                     
00002a1f  I2CMasterBusy                         
00002a27  I2CMasterSlaveAddrSet                 
00002a31  __aeabi_errno_addr                    
00002a39  GPIOPinRead                           
00002a3f  GPIOPinWrite                          
00002a45  SysCtlDelay                           
00002a4b  I2CMasterControl                      
00002a4f  I2CMasterDataGet                      
00002a53  I2CMasterDataPut                      
00002a57  QEIPositionGet                        
00002a5b  QEIPositionSet                        
00002a5f  _system_pre_init                      
00002a63  C$$EXIT                               
00002a63  abort                                 
00002c44  __TI_Handler_Table_Base               
00002c50  __TI_Handler_Table_Limit              
00002c58  __TI_CINIT_Base                       
00002c68  __TI_CINIT_Limit                      
20000000  __stack                               
20000000  __start___llvm_prf_cnts               
20000000  __stop___llvm_prf_cnts                
20000200  __STACK_END                           
20000200  __STACK_TOP                           
20000200  accelXYZ                              
2000020c  gyroXYZ                               
20000218  accel_reg                             
20000220  encoderPosn                           
20000228  control_output                        
2000022c  filteredPitch                         
20000230  pitchAngle                            
20000234  test1                                 
20000238  test2                                 
2000023c  test3                                 
20000240  ui32Load                              
20000244  ui32PWMClock                          
20000248  ui8Adjust1                            
2000024c  ui8Adjust2                            
20000250  ui8Adjust3                            
20000254  ui8Adjust4                            
20000268  bias_calibrated                       
20000269  gyro_bias_calibrated                  
20000274  accel_bias                            
20000280  gyro_bias                             
2000028c  ledState                              
20000290  blinkInterval                         
20000294  ledCounter                            
20000298  errno                                 
ffffffff  __TI_pprof_out_hndl                   
ffffffff  __TI_prof_data_size                   
ffffffff  __TI_prof_data_start                  
ffffffff  __binit__                             
ffffffff  __c_args__                            
ffffffff  binit                                 
UNDEFED   __mpu_init                            
UNDEFED   _system_post_cinit                    

[139 symbols]
