******************************************************************************
                  TI ARM Linker Unix v20.2.7                   
******************************************************************************
>> Linked Thu Nov 20 22:52:22 2025

OUTPUT FILE NAME:   <TWSBR_CodeBase.out>
ENTRY POINT SYMBOL: "_c_int00_noargs"  address: 000037e9


MEMORY CONFIGURATION

         name            origin    length      used     unused   attr    fill
----------------------  --------  ---------  --------  --------  ----  --------
  FLASH                 00000000   00040000  00003fa6  0003c05a  R  X
  SRAM                  20000000   00008000  00000690  00007970  RW X


SEGMENT ALLOCATION MAP

run origin  load origin   length   init length attrs members
----------  ----------- ---------- ----------- ----- -------
00000000    00000000    00003fb0   00003fb0    r-x
  00000000    00000000    0000026c   0000026c    r-- .intvecs
  0000026c    0000026c    0000392e   0000392e    r-x .text
  00003ba0    00003ba0    0000039c   0000039c    r-- .const
  00003f40    00003f40    00000070   00000070    r-- .cinit
20000000    20000000    00000694   00000000    rw-
  20000000    20000000    0000026c   00000000    rw- .vtable
  20000270    20000270    00000200   00000000    rw- .stack
  20000470    20000470    000001cc   00000000    rw- .data
  2000063c    2000063c    00000058   00000000    rw- .bss


SECTION ALLOCATION MAP

 output                                  attributes/
section   page    origin      length       input sections
--------  ----  ----------  ----------   ----------------
.intvecs   0    00000000    0000026c     
                  00000000    0000026c     tm4c123gh6pm_startup_ccs.obj (.intvecs)

.text      0    0000026c    0000392e     
                  0000026c    00000e70     TWSBR_MPU9250.lib : main.obj (.text)
                  000010dc    00000790     TWSBR_ESP01_Tuner.lib : main.obj (.text)
                  0000186c    00000510     main.obj (.text)
                  00001d7c    00000444     TWSBR_Wheel.lib : main.obj (.text)
                  000021c0    000002ec     rtsv7M4_T_le_v4SPD16_eabi.lib : s_atan.c.obj (.text:atan)
                  000024ac    000001e4                                   : e_atan2.c.obj (.text:atan2)
                  00002690    000001b6                                   : fd_add_t2.asm.obj (.text)
                  00002846    00000002                                   : div0.asm.obj (.text)
                  00002848    0000016c     driverlib.lib : gpio.obj (.text:GPIOPadConfigSet)
                  000029b4    00000158     rtsv7M4_T_le_v4SPD16_eabi.lib : e_atan2f.c.obj (.text:atan2f)
                  00002b0c    00000150                                   : s_atanf.c.obj (.text:atanf)
                  00002c5c    00000136                                   : fd_div_t2.asm.obj (.text)
                  00002d92    00000002     --HOLE-- [fill = 0]
                  00002d94    00000118     driverlib.lib : sysctl.obj (.text:SysCtlClockGet)
                  00002eac    000000fc     rtsv7M4_T_le_v4SPD16_eabi.lib : fd_mul_t2.asm.obj (.text)
                  00002fa8    000000f4     driverlib.lib : sysctl.obj (.text:SysCtlClockSet)
                  0000309c    000000d8     TWSBR_PIDController.lib : main.obj (.text)
                  00003174    0000009c     rtsv7M4_T_le_v4SPD16_eabi.lib : memcpy_t2.asm.obj (.text)
                  00003210    00000096                                   : ull_div_t2.asm.obj (.text)
                  000032a6    00000086                                   : fd_cmp_t2.asm.obj (.text:__aeabi_cdrcmple)
                  0000332c    0000006e                                   : fd_tos_t2.asm.obj (.text)
                  0000339a    00000002     --HOLE-- [fill = 0]
                  0000339c    00000068     driverlib.lib : interrupt.obj (.text:IntEnable)
                  00003404    00000068     rtsv7M4_T_le_v4SPD16_eabi.lib : copy_decompress_lzss.c.obj (.text:decompress:lzss:__TI_decompress_lzss)
                  0000346c    00000060     driverlib.lib : timer.obj (.text:TimerConfigure)
                  000034cc    00000050                   : sysctl.obj (.text:SysCtlPeripheralReset)
                  0000351c    0000004c                   : gpio.obj (.text:GPIOPinConfigure)
                  00003568    0000004c                   : i2c.obj (.text:I2CMasterInitExpClk)
                  000035b4    0000004c                   : timer.obj (.text:_TimerIntNumberGet)
                  00003600    0000004c     rtsv7M4_T_le_v4SPD16_eabi.lib : atoi.c.obj (.text:atoi)
                  0000364c    00000046     driverlib.lib : uart.obj (.text:UARTConfigSetExpClk)
                  00003692    00000002     --HOLE-- [fill = 0]
                  00003694    00000044     rtsv7M4_T_le_v4SPD16_eabi.lib : autoinit.c.obj (.text:__TI_auto_init_nobinit_nopinit:__TI_auto_init_nobinit_nopinit)
                  000036d8    00000038     driverlib.lib : sysctl.obj (.text:SysCtlPeripheralReady)
                  00003710    00000038     rtsv7M4_T_le_v4SPD16_eabi.lib : fs_tod_t2.asm.obj (.text)
                  00003748    00000036                                   : strncpy.c.obj (.text:strncpy)
                  0000377e    00000002     --HOLE-- [fill = 0]
                  00003780    00000034     driverlib.lib : interrupt.obj (.text:IntRegister)
                  000037b4    00000034                   : sysctl.obj (.text:SysCtlPeripheralEnable)
                  000037e8    00000034     rtsv7M4_T_le_v4SPD16_eabi.lib : boot_cortex_m.c.obj (.text:_c_int00_noargs:_c_int00_noargs)
                  0000381c    00000034                                   : strstr.c.obj (.text:strstr)
                  00003850    0000002c     driverlib.lib : gpio.obj (.text:GPIODirModeSet)
                  0000387c    00000028     rtsv7M4_T_le_v4SPD16_eabi.lib : e_sqrtf.c.obj (.text:sqrtf)
                  000038a4    00000022     driverlib.lib : pwm.obj (.text:PWMGenConfigure)
                  000038c6    00000002     --HOLE-- [fill = 0]
                  000038c8    00000020                   : uart.obj (.text:UARTDisable)
                  000038e8    0000001e                   : pwm.obj (.text:PWMPulseWidthSet)
                  00003906    0000001c     rtsv7M4_T_le_v4SPD16_eabi.lib : copy_zero_init.c.obj (.text:decompress:ZI:__TI_zero_init_nomemset:__TI_zero_init_nomemset)
                  00003922    0000001a     driverlib.lib : gpio.obj (.text:GPIOPinTypeGPIOOutput)
                  0000393c    00000018                   : sysctl.obj (.text:SysCtlPWMClockGet)
                  00003954    00000018                   : timer.obj (.text:TimerDisable)
                  0000396c    00000018                   : timer.obj (.text:TimerIntRegister)
                  00003984    00000016                   : gpio.obj (.text:GPIOPinTypeGPIOInput)
                  0000399a    00000016                   : gpio.obj (.text:GPIOPinTypeI2C)
                  000039b0    00000016                   : gpio.obj (.text:GPIOPinTypeI2CSCL)
                  000039c6    00000016                   : gpio.obj (.text:GPIOPinTypePWM)
                  000039dc    00000016                   : gpio.obj (.text:GPIOPinTypeQEI)
                  000039f2    00000016                   : gpio.obj (.text:GPIOPinTypeUART)
                  00003a08    00000016                   : i2c.obj (.text:I2CMasterErr)
                  00003a1e    00000016     rtsv7M4_T_le_v4SPD16_eabi.lib : strchr.c.obj (.text:strchr)
                  00003a34    00000014     driverlib.lib : sysctl.obj (.text:SysCtlPWMClockSet)
                  00003a48    00000014                   : uart.obj (.text:UARTEnable)
                  00003a5c    00000012                   : pwm.obj (.text:PWMOutputState)
                  00003a6e    00000012                   : timer.obj (.text:TimerLoadSet)
                  00003a80    00000010                   : interrupt.obj (.text:IntMasterEnable)
                  00003a90    00000010                   : pwm.obj (.text:PWMGenPeriodSet)
                  00003aa0    0000000e                   : qei.obj (.text:QEIConfigure)
                  00003aae    0000000e                   : timer.obj (.text:TimerEnable)
                  00003abc    0000000e                   : uart.obj (.text:UARTCharGetNonBlocking)
                  00003aca    0000000e                   : uart.obj (.text:UARTCharsAvail)
                  00003ad8    0000000e     rtsv7M4_T_le_v4SPD16_eabi.lib : copy_decompress_none.c.obj (.text:decompress:none:__TI_decompress_none)
                  00003ae6    0000000c     driverlib.lib : cpu.obj (.text:CPUcpsie)
                  00003af2    0000000c                   : pwm.obj (.text:PWMGenEnable)
                  00003afe    0000000c                   : qei.obj (.text:QEIFilterConfigure)
                  00003b0a    0000000c     tm4c123gh6pm_startup_ccs.obj (.text)
                  00003b16    0000000a     driverlib.lib : i2c.obj (.text:I2CMasterEnable)
                  00003b20    0000000a                   : qei.obj (.text:QEIEnable)
                  00003b2a    0000000a                   : qei.obj (.text:QEIFilterEnable)
                  00003b34    0000000a                   : qei.obj (.text:QEIVelocityEnable)
                  00003b3e    0000000a                   : uart.obj (.text:UARTCharPut)
                  00003b48    00000008                   : i2c.obj (.text:I2CMasterBusy)
                  00003b50    00000008                   : i2c.obj (.text:I2CMasterSlaveAddrSet)
                  00003b58    00000008                   : timer.obj (.text:TimerIntEnable)
                  00003b60    00000008     rtsv7M4_T_le_v4SPD16_eabi.lib : errno.c.obj (.text:__aeabi_errno_addr)
                  00003b68    00000006     driverlib.lib : gpio.obj (.text:GPIOPinRead)
                  00003b6e    00000006                   : gpio.obj (.text:GPIOPinWrite)
                  00003b74    00000006                   : sysctl.obj (.text:SysCtlDelay)
                  00003b7a    00000004                   : i2c.obj (.text:I2CMasterControl)
                  00003b7e    00000004                   : i2c.obj (.text:I2CMasterDataGet)
                  00003b82    00000004                   : i2c.obj (.text:I2CMasterDataPut)
                  00003b86    00000004                   : qei.obj (.text:QEIPositionGet)
                  00003b8a    00000004                   : qei.obj (.text:QEIPositionSet)
                  00003b8e    00000004                   : timer.obj (.text:TimerIntClear)
                  00003b92    00000004     rtsv7M4_T_le_v4SPD16_eabi.lib : pre_init.c.obj (.text:_system_pre_init)
                  00003b96    00000004                                   : exit.c.obj (.text:abort:abort)

.const     0    00003ba0    0000039c     
                  00003ba0    00000101     rtsv7M4_T_le_v4SPD16_eabi.lib : ctype.c.obj (.const:.string:_ctypes_)
                  00003ca1    00000007     --HOLE-- [fill = 0]
                  00003ca8    00000098                                   : s_atan.c.obj (.const:$O1$$)
                  00003d40    00000090     driverlib.lib : gpio.obj (.const:g_pui32GPIOBaseAddrs)
                  00003dd0    0000006c                   : sysctl.obj (.const:g_pui32Xtals)
                  00003e3c    00000060                   : timer.obj (.const:g_ppui32TimerIntMap)
                  00003e9c    00000040                   : timer.obj (.const:g_ppui32TimerIntMapSnowflake)
                  00003edc    00000034     rtsv7M4_T_le_v4SPD16_eabi.lib : s_atanf.c.obj (.const:$O1$$)
                  00003f10    00000014     driverlib.lib : interrupt.obj (.const:g_pui32EnRegs)
                  00003f24    0000000c     TWSBR_MPU9250.lib : main.obj (.const:$P$T0$1)
                  00003f30    0000000c                       : main.obj (.const:$P$T1$9)

.cinit     0    00003f40    00000070     
                  00003f40    00000038     (.cinit..data.load) [load image, compression = lzss]
                  00003f78    0000000c     (__TI_handler_table)
                  00003f84    00000004     --HOLE-- [fill = 0]
                  00003f88    00000008     (.cinit..bss.load) [load image, compression = zero_init]
                  00003f90    00000008     (.cinit..vtable.load) [load image, compression = zero_init]
                  00003f98    00000018     (__TI_cinit_table)

.init_array 
*          0    00000000    00000000     UNINITIALIZED

.vtable    0    20000000    0000026c     UNINITIALIZED
                  20000000    0000026c     driverlib.lib : interrupt.obj (.vtable)

.data      0    20000470    000001cc     UNINITIALIZED
                  20000470    000000fa     TWSBR_ESP01_Tuner.lib : main.obj (.data:responseESP)
                  2000056a    00000001                           : main.obj (.data)
                  2000056b    00000001     --HOLE--
                  2000056c    0000002d     main.obj (.data)
                  20000599    00000003     --HOLE--
                  2000059c    00000020     TWSBR_MPU9250.lib : main.obj (.data)
                  200005bc    00000018     main.obj (.data:balance_pid)
                  200005d4    00000010     TWSBR_MPU9250.lib : main.obj (.data:P$12)
                  200005e4    00000010     TWSBR_ESP01_Tuner.lib : main.obj (.data:gateway)
                  200005f4    0000000c     TWSBR_MPU9250.lib : main.obj (.data:accel_bias)
                  20000600    0000000c                       : main.obj (.data:ax_buf$2)
                  2000060c    0000000c                       : main.obj (.data:ay_buf$3)
                  20000618    0000000c                       : main.obj (.data:az_buf$4)
                  20000624    0000000c                       : main.obj (.data:gyro_bias)
                  20000630    00000006     main.obj (.data:adcVals)
                  20000636    00000002     --HOLE--
                  20000638    00000004     rtsv7M4_T_le_v4SPD16_eabi.lib : errno.c.obj (.data)

.bss       0    2000063c    00000058     UNINITIALIZED
                  2000063c    0000000c     (.common:accelXYZ)
                  20000648    0000000c     (.common:gyroXYZ)
                  20000654    00000008     (.common:accel_reg)
                  2000065c    00000008     (.common:encoderPosn)
                  20000664    00000004     (.common:control_output)
                  20000668    00000004     (.common:filteredPitch)
                  2000066c    00000004     (.common:pitchAngle)
                  20000670    00000004     (.common:test1)
                  20000674    00000004     (.common:test2)
                  20000678    00000004     (.common:test3)
                  2000067c    00000004     (.common:ui32Load)
                  20000680    00000004     (.common:ui32PWMClock)
                  20000684    00000004     (.common:ui8Adjust1)
                  20000688    00000004     (.common:ui8Adjust2)
                  2000068c    00000004     (.common:ui8Adjust3)
                  20000690    00000004     (.common:ui8Adjust4)

.stack     0    20000270    00000200     UNINITIALIZED
                  20000270    00000004     rtsv7M4_T_le_v4SPD16_eabi.lib : boot_cortex_m.c.obj (.stack)
                  20000274    000001fc     --HOLE--

__llvm_prf_cnts 
*          0    20000000    00000000     UNINITIALIZED

MODULE SUMMARY

       Module                         code    ro data   rw data
       ------                         ----    -------   -------
    ./
       main.obj                       1296    0         163    
       tm4c123gh6pm_startup_ccs.obj   12      620       0      
    +--+------------------------------+-------+---------+---------+
       Total:                         1308    620       163    
                                                               
    /home/akshat/ti/TivaWare_C_Series-2.2.0.295/driverlib/ccs/Debug/driverlib.lib
       sysctl.obj                     762     108       0      
       interrupt.obj                  172     20        620    
       gpio.obj                       654     144       0      
       timer.obj                      264     160       0      
       uart.obj                       160     0         0      
       i2c.obj                        136     0         0      
       pwm.obj                        110     0         0      
       qei.obj                        64      0         0      
       cpu.obj                        12      0         0      
    +--+------------------------------+-------+---------+---------+
       Total:                         2334    432       620    
                                                               
    /home/akshat/ti/ccs1110/ccs/tools/compiler/ti-cgt-arm_20.2.7.LTS/lib/rtsv7M4_T_le_v4SPD16_eabi.lib
       s_atan.c.obj                   748     152       0      
       e_atan2.c.obj                  484     0         0      
       fd_add_t2.asm.obj              438     0         0      
       s_atanf.c.obj                  336     52        0      
       e_atan2f.c.obj                 344     0         0      
       fd_div_t2.asm.obj              310     0         0      
       ctype.c.obj                    0       257       0      
       fd_mul_t2.asm.obj              252     0         0      
       memcpy_t2.asm.obj              156     0         0      
       ull_div_t2.asm.obj             150     0         0      
       fd_cmp_t2.asm.obj              134     0         0      
       fd_tos_t2.asm.obj              110     0         0      
       copy_decompress_lzss.c.obj     104     0         0      
       atoi.c.obj                     76      0         0      
       autoinit.c.obj                 68      0         0      
       fs_tod_t2.asm.obj              56      0         0      
       strncpy.c.obj                  54      0         0      
       boot_cortex_m.c.obj            52      0         0      
       strstr.c.obj                   52      0         0      
       e_sqrtf.c.obj                  40      0         0      
       copy_zero_init.c.obj           28      0         0      
       strchr.c.obj                   22      0         0      
       copy_decompress_none.c.obj     14      0         0      
       errno.c.obj                    8       0         4      
       exit.c.obj                     4       0         0      
       pre_init.c.obj                 4       0         0      
       div0.asm.obj                   2       0         0      
    +--+------------------------------+-------+---------+---------+
       Total:                         4046    461       4      
                                                               
    /home/akshat/workspace_v12/TWSBR_ESP01_Tuner/Debug/TWSBR_ESP01_Tuner.lib
       main.obj                       1936    0         267    
    +--+------------------------------+-------+---------+---------+
       Total:                         1936    0         267    
                                                               
    /home/akshat/workspace_v12/TWSBR_MPU9250/Debug/TWSBR_MPU9250.lib
       main.obj                       3696    24        108    
    +--+------------------------------+-------+---------+---------+
       Total:                         3696    24        108    
                                                               
    /home/akshat/workspace_v12/TWSBR_PIDController/Debug/TWSBR_PIDController.lib
       main.obj                       216     0         0      
    +--+------------------------------+-------+---------+---------+
       Total:                         216     0         0      
                                                               
    /home/akshat/workspace_v12/TWSBR_Wheel/Debug/TWSBR_Wheel.lib
       main.obj                       1092    0         0      
    +--+------------------------------+-------+---------+---------+
       Total:                         1092    0         0      
                                                               
       Stack:                         0       0         512    
       Linker Generated:              0       108       0      
    +--+------------------------------+-------+---------+---------+
       Grand Total:                   14628   1645      1674   


LINKER GENERATED COPY TABLES

__TI_cinit_table @ 00003f98 records: 3, size/record: 8, table size: 24
	.data: load addr=00003f40, load size=00000038 bytes, run addr=20000470, run size=000001cc bytes, compression=lzss
	.bss: load addr=00003f88, load size=00000008 bytes, run addr=2000063c, run size=00000058 bytes, compression=zero_init
	.vtable: load addr=00003f90, load size=00000008 bytes, run addr=20000000, run size=0000026c bytes, compression=zero_init


LINKER GENERATED HANDLER TABLE

__TI_handler_table @ 00003f78 records: 3, size/record: 4, table size: 12
	index: 0, handler: __TI_zero_init
	index: 1, handler: __TI_decompress_lzss
	index: 2, handler: __TI_decompress_none


GLOBAL SYMBOLS: SORTED ALPHABETICALLY BY Name 

address   name                                  
-------   ----                                  
00003b97  C$$EXIT                               
00003ae7  CPUcpsie                              
00001349  ESP01_Setup                           
00001269  ESP01_checkResponse                   
000012a1  ESP01_extractADCVals                  
00001501  ESP01_fetchData                       
000011e5  ESP01_readResponse                    
00001151  ESP01_sendATCommand                   
00003851  GPIODirModeSet                        
00002849  GPIOPadConfigSet                      
0000351d  GPIOPinConfigure                      
00003b69  GPIOPinRead                           
00003985  GPIOPinTypeGPIOInput                  
00003923  GPIOPinTypeGPIOOutput                 
0000399b  GPIOPinTypeI2C                        
000039b1  GPIOPinTypeI2CSCL                     
000039c7  GPIOPinTypePWM                        
000039dd  GPIOPinTypeQEI                        
000039f3  GPIOPinTypeUART                       
00003b6f  GPIOPinWrite                          
00003b49  I2CMasterBusy                         
00003b7b  I2CMasterControl                      
00003b7f  I2CMasterDataGet                      
00003b83  I2CMasterDataPut                      
00003b17  I2CMasterEnable                       
00003a09  I2CMasterErr                          
00003569  I2CMasterInitExpClk                   
00003b51  I2CMasterSlaveAddrSet                 
0000339d  IntEnable                             
00003a81  IntMasterEnable                       
00003781  IntRegister                           
000038a5  PWMGenConfigure                       
00003af3  PWMGenEnable                          
00003a91  PWMGenPeriodSet                       
00003a5d  PWMOutputState                        
000038e9  PWMPulseWidthSet                      
00003aa1  QEIConfigure                          
00003b21  QEIEnable                             
00003aff  QEIFilterConfigure                    
00003b2b  QEIFilterEnable                       
00003b87  QEIPositionGet                        
00003b8b  QEIPositionSet                        
00003b35  QEIVelocityEnable                     
00003b0b  ResetISR                              
00002d95  SysCtlClockGet                        
00002fa9  SysCtlClockSet                        
00003b75  SysCtlDelay                           
0000393d  SysCtlPWMClockGet                     
00003a35  SysCtlPWMClockSet                     
000037b5  SysCtlPeripheralEnable                
000036d9  SysCtlPeripheralReady                 
000034cd  SysCtlPeripheralReset                 
0000118d  Timer0A_Handler                       
0000119f  Timer0_Init                           
0000346d  TimerConfigure                        
00003955  TimerDisable                          
00003aaf  TimerEnable                           
00003b8f  TimerIntClear                         
00003b59  TimerIntEnable                        
0000396d  TimerIntRegister                      
00003a6f  TimerLoadSet                          
000010dd  UART0_Init                            
00001131  UART0_PrintString                     
00003abd  UARTCharGetNonBlocking                
00003b3f  UARTCharPut                           
00003acb  UARTCharsAvail                        
0000364d  UARTConfigSetExpClk                   
000038c9  UARTDisable                           
00003a49  UARTEnable                            
20000470  __STACK_END                           
00000200  __STACK_SIZE                          
20000470  __STACK_TOP                           
00003f98  __TI_CINIT_Base                       
00003fb0  __TI_CINIT_Limit                      
00003f78  __TI_Handler_Table_Base               
00003f84  __TI_Handler_Table_Limit              
00003695  __TI_auto_init_nobinit_nopinit        
00003405  __TI_decompress_lzss                  
00003ad9  __TI_decompress_none                  
ffffffff  __TI_pprof_out_hndl                   
ffffffff  __TI_prof_data_size                   
ffffffff  __TI_prof_data_start                  
00000000  __TI_static_base__                    
00003907  __TI_zero_init_nomemset               
000032a7  __aeabi_cdrcmple                      
0000332d  __aeabi_d2f                           
0000269b  __aeabi_dadd                          
00002c5d  __aeabi_ddiv                          
00002ead  __aeabi_dmul                          
00002691  __aeabi_dsub                          
00003b61  __aeabi_errno_addr                    
00003711  __aeabi_f2d                           
00002847  __aeabi_idiv0                         
00002847  __aeabi_ldiv0                         
00003175  __aeabi_memcpy                        
00003175  __aeabi_memcpy4                       
00003175  __aeabi_memcpy8                       
00003211  __aeabi_uldivmod                      
ffffffff  __binit__                             
ffffffff  __c_args__                            
UNDEFED   __mpu_init                            
20000270  __stack                               
20000000  __start___llvm_prf_cnts               
20000000  __stop___llvm_prf_cnts                
000037e9  _c_int00_noargs                       
00003ba0  _ctypes_                              
UNDEFED   _system_post_cinit                    
00003b93  _system_pre_init                      
00003b97  abort                                 
2000063c  accelXYZ                              
20000654  accel_reg                             
20000630  adcVals                               
000021c1  atan                                  
000024ad  atan2                                 
000029b5  atan2f                                
000024ad  atan2l                                
00002b0d  atanf                                 
000021c1  atanl                                 
00003601  atoi                                  
200005bc  balance_pid                           
ffffffff  binit                                 
20000570  blinkInterval                         
0000309d  calculate_pid_control                 
00000483  check_i2c_bus_status                  
20000664  control_output                        
0000037d  delay_ms                              
0000039f  delay_us                              
2000065c  encoderPosn                           
20000638  errno                                 
20000578  esp01Counter                          
2000057c  esp01FetchInterval                    
20000668  filteredPitch                         
20000000  g_pfnRAMVectors                       
00000000  g_pfnVectors                          
200005e4  gateway                               
20000648  gyroXYZ                               
00001915  handle_led_blinking                   
0000186d  init_led                              
20000590  kd_max                                
20000594  kd_min                                
20000588  ki_max                                
2000058c  ki_min                                
20000580  kp_max                                
20000584  kp_min                                
20000574  ledCounter                            
2000056c  ledState                              
000019cd  main                                  
00003175  memcpy                                
0000093d  mpu9250_apply_bias_correction         
000007d9  mpu9250_calculate_bias                
00000da1  mpu9250_calculate_pitch_degrees_robust
00000c3d  mpu9250_calibrate_gyro_bias           
00000d7d  mpu9250_get_gyro                      
0000072d  mpu9250_init                          
00000e21  mpu9250_kalmanFilter                  
00000995  mpu9250_readAcceleration              
000005b1  mpu9250_readBytes                     
00000ba9  mpu9250_read_gyro_dps                 
00000d1d  mpu9250_read_gyro_dps_corrected       
00000b4d  mpu9250_read_gyro_raw                 
000004cd  mpu9250_writeByte                     
2000066c  pitchAngle                            
000003c7  recover_i2c_bus                       
20000470  responseESP                           
0000387d  sqrtf                                 
00003a1f  strchr                                
00003749  strncpy                               
0000381d  strstr                                
20000670  test1                                 
20000674  test2                                 
20000678  test3                                 
00001973  test_led                              
2000056a  timerExpired                          
2000067c  ui32Load                              
20000680  ui32PWMClock                          
20000684  ui8Adjust1                            
20000688  ui8Adjust2                            
2000068c  ui8Adjust3                            
20000690  ui8Adjust4                            
00001893  update_led_blink_speed                
00002001  wheel_setSpeed                        
00001fcf  wheels_getPosition                    
00001d7d  wheels_init                           


GLOBAL SYMBOLS: SORTED BY Symbol Address 

address   name                                  
-------   ----                                  
00000000  __TI_static_base__                    
00000000  g_pfnVectors                          
00000200  __STACK_SIZE                          
0000037d  delay_ms                              
0000039f  delay_us                              
000003c7  recover_i2c_bus                       
00000483  check_i2c_bus_status                  
000004cd  mpu9250_writeByte                     
000005b1  mpu9250_readBytes                     
0000072d  mpu9250_init                          
000007d9  mpu9250_calculate_bias                
0000093d  mpu9250_apply_bias_correction         
00000995  mpu9250_readAcceleration              
00000b4d  mpu9250_read_gyro_raw                 
00000ba9  mpu9250_read_gyro_dps                 
00000c3d  mpu9250_calibrate_gyro_bias           
00000d1d  mpu9250_read_gyro_dps_corrected       
00000d7d  mpu9250_get_gyro                      
00000da1  mpu9250_calculate_pitch_degrees_robust
00000e21  mpu9250_kalmanFilter                  
000010dd  UART0_Init                            
00001131  UART0_PrintString                     
00001151  ESP01_sendATCommand                   
0000118d  Timer0A_Handler                       
0000119f  Timer0_Init                           
000011e5  ESP01_readResponse                    
00001269  ESP01_checkResponse                   
000012a1  ESP01_extractADCVals                  
00001349  ESP01_Setup                           
00001501  ESP01_fetchData                       
0000186d  init_led                              
00001893  update_led_blink_speed                
00001915  handle_led_blinking                   
00001973  test_led                              
000019cd  main                                  
00001d7d  wheels_init                           
00001fcf  wheels_getPosition                    
00002001  wheel_setSpeed                        
000021c1  atan                                  
000021c1  atanl                                 
000024ad  atan2                                 
000024ad  atan2l                                
00002691  __aeabi_dsub                          
0000269b  __aeabi_dadd                          
00002847  __aeabi_idiv0                         
00002847  __aeabi_ldiv0                         
00002849  GPIOPadConfigSet                      
000029b5  atan2f                                
00002b0d  atanf                                 
00002c5d  __aeabi_ddiv                          
00002d95  SysCtlClockGet                        
00002ead  __aeabi_dmul                          
00002fa9  SysCtlClockSet                        
0000309d  calculate_pid_control                 
00003175  __aeabi_memcpy                        
00003175  __aeabi_memcpy4                       
00003175  __aeabi_memcpy8                       
00003175  memcpy                                
00003211  __aeabi_uldivmod                      
000032a7  __aeabi_cdrcmple                      
0000332d  __aeabi_d2f                           
0000339d  IntEnable                             
00003405  __TI_decompress_lzss                  
0000346d  TimerConfigure                        
000034cd  SysCtlPeripheralReset                 
0000351d  GPIOPinConfigure                      
00003569  I2CMasterInitExpClk                   
00003601  atoi                                  
0000364d  UARTConfigSetExpClk                   
00003695  __TI_auto_init_nobinit_nopinit        
000036d9  SysCtlPeripheralReady                 
00003711  __aeabi_f2d                           
00003749  strncpy                               
00003781  IntRegister                           
000037b5  SysCtlPeripheralEnable                
000037e9  _c_int00_noargs                       
0000381d  strstr                                
00003851  GPIODirModeSet                        
0000387d  sqrtf                                 
000038a5  PWMGenConfigure                       
000038c9  UARTDisable                           
000038e9  PWMPulseWidthSet                      
00003907  __TI_zero_init_nomemset               
00003923  GPIOPinTypeGPIOOutput                 
0000393d  SysCtlPWMClockGet                     
00003955  TimerDisable                          
0000396d  TimerIntRegister                      
00003985  GPIOPinTypeGPIOInput                  
0000399b  GPIOPinTypeI2C                        
000039b1  GPIOPinTypeI2CSCL                     
000039c7  GPIOPinTypePWM                        
000039dd  GPIOPinTypeQEI                        
000039f3  GPIOPinTypeUART                       
00003a09  I2CMasterErr                          
00003a1f  strchr                                
00003a35  SysCtlPWMClockSet                     
00003a49  UARTEnable                            
00003a5d  PWMOutputState                        
00003a6f  TimerLoadSet                          
00003a81  IntMasterEnable                       
00003a91  PWMGenPeriodSet                       
00003aa1  QEIConfigure                          
00003aaf  TimerEnable                           
00003abd  UARTCharGetNonBlocking                
00003acb  UARTCharsAvail                        
00003ad9  __TI_decompress_none                  
00003ae7  CPUcpsie                              
00003af3  PWMGenEnable                          
00003aff  QEIFilterConfigure                    
00003b0b  ResetISR                              
00003b17  I2CMasterEnable                       
00003b21  QEIEnable                             
00003b2b  QEIFilterEnable                       
00003b35  QEIVelocityEnable                     
00003b3f  UARTCharPut                           
00003b49  I2CMasterBusy                         
00003b51  I2CMasterSlaveAddrSet                 
00003b59  TimerIntEnable                        
00003b61  __aeabi_errno_addr                    
00003b69  GPIOPinRead                           
00003b6f  GPIOPinWrite                          
00003b75  SysCtlDelay                           
00003b7b  I2CMasterControl                      
00003b7f  I2CMasterDataGet                      
00003b83  I2CMasterDataPut                      
00003b87  QEIPositionGet                        
00003b8b  QEIPositionSet                        
00003b8f  TimerIntClear                         
00003b93  _system_pre_init                      
00003b97  C$$EXIT                               
00003b97  abort                                 
00003ba0  _ctypes_                              
00003f78  __TI_Handler_Table_Base               
00003f84  __TI_Handler_Table_Limit              
00003f98  __TI_CINIT_Base                       
00003fb0  __TI_CINIT_Limit                      
20000000  __start___llvm_prf_cnts               
20000000  __stop___llvm_prf_cnts                
20000000  g_pfnRAMVectors                       
20000270  __stack                               
20000470  __STACK_END                           
20000470  __STACK_TOP                           
20000470  responseESP                           
2000056a  timerExpired                          
2000056c  ledState                              
20000570  blinkInterval                         
20000574  ledCounter                            
20000578  esp01Counter                          
2000057c  esp01FetchInterval                    
20000580  kp_max                                
20000584  kp_min                                
20000588  ki_max                                
2000058c  ki_min                                
20000590  kd_max                                
20000594  kd_min                                
200005bc  balance_pid                           
200005e4  gateway                               
20000630  adcVals                               
20000638  errno                                 
2000063c  accelXYZ                              
20000648  gyroXYZ                               
20000654  accel_reg                             
2000065c  encoderPosn                           
20000664  control_output                        
20000668  filteredPitch                         
2000066c  pitchAngle                            
20000670  test1                                 
20000674  test2                                 
20000678  test3                                 
2000067c  ui32Load                              
20000680  ui32PWMClock                          
20000684  ui8Adjust1                            
20000688  ui8Adjust2                            
2000068c  ui8Adjust3                            
20000690  ui8Adjust4                            
ffffffff  __TI_pprof_out_hndl                   
ffffffff  __TI_prof_data_size                   
ffffffff  __TI_prof_data_start                  
ffffffff  __binit__                             
ffffffff  __c_args__                            
ffffffff  binit                                 
UNDEFED   __mpu_init                            
UNDEFED   _system_post_cinit                    

[183 symbols]
