<?xml version="1.0" encoding="ISO-8859-1" ?>
<link_info>
   <banner>TI ARM Linker Unix v20.2.7.LTS</banner>
   <copyright>Copyright (c) 1996-2018 Texas Instruments Incorporated</copyright>
   <link_time>0x69071628</link_time>
   <link_errors>0x0</link_errors>
   <output_file>TWSBR_CodeBase.out</output_file>
   <entry_point>
      <name>_c_int00_noargs</name>
      <address>0xe19</address>
   </entry_point>
   <input_file_list>
      <input_file id="fl-1">
         <path>./</path>
         <kind>object</kind>
         <file>main.obj</file>
         <name>main.obj</name>
      </input_file>
      <input_file id="fl-2">
         <path>./</path>
         <kind>object</kind>
         <file>tm4c123gh6pm_startup_ccs.obj</file>
         <name>tm4c123gh6pm_startup_ccs.obj</name>
      </input_file>
      <input_file id="fl-9">
         <kind>object</kind>
         <file>&lt;internal&gt;</file>
         <name>&lt;internal&gt;</name>
      </input_file>
      <input_file id="fl-a">
         <path>/home/akshat/workspace_v12/TWSBR_Wheel/Debug/</path>
         <kind>archive</kind>
         <file>TWSBR_Wheel.lib</file>
         <name>main.obj</name>
      </input_file>
      <input_file id="fl-b">
         <path>/home/akshat/ti/TivaWare_C_Series-2.2.0.295/driverlib/ccs/Debug/</path>
         <kind>archive</kind>
         <file>driverlib.lib</file>
         <name>gpio.obj</name>
      </input_file>
      <input_file id="fl-c">
         <path>/home/akshat/ti/TivaWare_C_Series-2.2.0.295/driverlib/ccs/Debug/</path>
         <kind>archive</kind>
         <file>driverlib.lib</file>
         <name>interrupt.obj</name>
      </input_file>
      <input_file id="fl-d">
         <path>/home/akshat/ti/TivaWare_C_Series-2.2.0.295/driverlib/ccs/Debug/</path>
         <kind>archive</kind>
         <file>driverlib.lib</file>
         <name>pwm.obj</name>
      </input_file>
      <input_file id="fl-e">
         <path>/home/akshat/ti/TivaWare_C_Series-2.2.0.295/driverlib/ccs/Debug/</path>
         <kind>archive</kind>
         <file>driverlib.lib</file>
         <name>sysctl.obj</name>
      </input_file>
      <input_file id="fl-f">
         <path>/home/akshat/ti/TivaWare_C_Series-2.2.0.295/driverlib/ccs/Debug/</path>
         <kind>archive</kind>
         <file>driverlib.lib</file>
         <name>cpu.obj</name>
      </input_file>
      <input_file id="fl-c5">
         <path>/home/akshat/ti/ccs1110/ccs/tools/compiler/ti-cgt-arm_20.2.7.LTS/lib/</path>
         <kind>archive</kind>
         <file>rtsv7M4_T_le_v4SPD16_eabi.lib</file>
         <name>copy_zero_init.c.obj</name>
      </input_file>
      <input_file id="fl-c6">
         <path>/home/akshat/ti/ccs1110/ccs/tools/compiler/ti-cgt-arm_20.2.7.LTS/lib/</path>
         <kind>archive</kind>
         <file>rtsv7M4_T_le_v4SPD16_eabi.lib</file>
         <name>copy_decompress_none.c.obj</name>
      </input_file>
      <input_file id="fl-c7">
         <path>/home/akshat/ti/ccs1110/ccs/tools/compiler/ti-cgt-arm_20.2.7.LTS/lib/</path>
         <kind>archive</kind>
         <file>rtsv7M4_T_le_v4SPD16_eabi.lib</file>
         <name>copy_decompress_lzss.c.obj</name>
      </input_file>
      <input_file id="fl-c8">
         <path>/home/akshat/ti/ccs1110/ccs/tools/compiler/ti-cgt-arm_20.2.7.LTS/lib/</path>
         <kind>archive</kind>
         <file>rtsv7M4_T_le_v4SPD16_eabi.lib</file>
         <name>boot_cortex_m.c.obj</name>
      </input_file>
      <input_file id="fl-c9">
         <path>/home/akshat/ti/ccs1110/ccs/tools/compiler/ti-cgt-arm_20.2.7.LTS/lib/</path>
         <kind>archive</kind>
         <file>rtsv7M4_T_le_v4SPD16_eabi.lib</file>
         <name>memcpy_t2.asm.obj</name>
      </input_file>
      <input_file id="fl-ca">
         <path>/home/akshat/ti/ccs1110/ccs/tools/compiler/ti-cgt-arm_20.2.7.LTS/lib/</path>
         <kind>archive</kind>
         <file>rtsv7M4_T_le_v4SPD16_eabi.lib</file>
         <name>memset_t2.asm.obj</name>
      </input_file>
      <input_file id="fl-cb">
         <path>/home/akshat/ti/ccs1110/ccs/tools/compiler/ti-cgt-arm_20.2.7.LTS/lib/</path>
         <kind>archive</kind>
         <file>rtsv7M4_T_le_v4SPD16_eabi.lib</file>
         <name>autoinit.c.obj</name>
      </input_file>
      <input_file id="fl-cc">
         <path>/home/akshat/ti/ccs1110/ccs/tools/compiler/ti-cgt-arm_20.2.7.LTS/lib/</path>
         <kind>archive</kind>
         <file>rtsv7M4_T_le_v4SPD16_eabi.lib</file>
         <name>pre_init.c.obj</name>
      </input_file>
      <input_file id="fl-cd">
         <path>/home/akshat/ti/ccs1110/ccs/tools/compiler/ti-cgt-arm_20.2.7.LTS/lib/</path>
         <kind>archive</kind>
         <file>rtsv7M4_T_le_v4SPD16_eabi.lib</file>
         <name>cpy_tbl.c.obj</name>
      </input_file>
      <input_file id="fl-ce">
         <path>/home/akshat/ti/ccs1110/ccs/tools/compiler/ti-cgt-arm_20.2.7.LTS/lib/</path>
         <kind>archive</kind>
         <file>rtsv7M4_T_le_v4SPD16_eabi.lib</file>
         <name>exit.c.obj</name>
      </input_file>
      <input_file id="fl-cf">
         <path>/home/akshat/ti/ccs1110/ccs/tools/compiler/ti-cgt-arm_20.2.7.LTS/lib/</path>
         <kind>archive</kind>
         <file>rtsv7M4_T_le_v4SPD16_eabi.lib</file>
         <name>_lock.c.obj</name>
      </input_file>
      <input_file id="fl-d0">
         <path>/home/akshat/ti/ccs1110/ccs/tools/compiler/ti-cgt-arm_20.2.7.LTS/lib/</path>
         <kind>archive</kind>
         <file>rtsv7M4_T_le_v4SPD16_eabi.lib</file>
         <name>args_main.c.obj</name>
      </input_file>
      <input_file id="fl-d1">
         <path>/home/akshat/workspace_v12/TWSBR_MPU9250/Debug/</path>
         <kind>archive</kind>
         <file>TWSBR_MPU9250.lib</file>
         <name>main.obj</name>
      </input_file>
      <input_file id="fl-d2">
         <path>/home/akshat/ti/TivaWare_C_Series-2.2.0.295/driverlib/ccs/Debug/</path>
         <kind>archive</kind>
         <file>driverlib.lib</file>
         <name>i2c.obj</name>
      </input_file>
      <input_file id="fl-d3">
         <path>/home/akshat/ti/ccs1110/ccs/tools/compiler/ti-cgt-arm_20.2.7.LTS/lib/</path>
         <kind>archive</kind>
         <file>rtsv7M4_T_le_v4SPD16_eabi.lib</file>
         <name>ull_div_t2.asm.obj</name>
      </input_file>
      <input_file id="fl-d4">
         <path>/home/akshat/ti/ccs1110/ccs/tools/compiler/ti-cgt-arm_20.2.7.LTS/lib/</path>
         <kind>archive</kind>
         <file>rtsv7M4_T_le_v4SPD16_eabi.lib</file>
         <name>div0.asm.obj</name>
      </input_file>
   </input_file_list>
   <object_component_list>
      <object_component id="oc-12">
         <name>.intvecs</name>
         <load_address>0x0</load_address>
         <run_address>0x0</run_address>
         <size>0x26c</size>
         <input_file_ref idref="fl-2"/>
      </object_component>
      <object_component id="oc-ca">
         <name>.text</name>
         <load_address>0x26c</load_address>
         <run_address>0x26c</run_address>
         <size>0x328</size>
         <input_file_ref idref="fl-d1"/>
      </object_component>
      <object_component id="oc-d0">
         <name>.text</name>
         <load_address>0x594</load_address>
         <run_address>0x594</run_address>
         <size>0x2dc</size>
         <input_file_ref idref="fl-a"/>
      </object_component>
      <object_component id="oc-20f">
         <name>.text:GPIOPadConfigSet</name>
         <load_address>0x870</load_address>
         <run_address>0x870</run_address>
         <size>0x16c</size>
         <input_file_ref idref="fl-b"/>
      </object_component>
      <object_component id="oc-11f">
         <name>.text:SysCtlClockGet</name>
         <load_address>0x9dc</load_address>
         <run_address>0x9dc</run_address>
         <size>0x118</size>
         <input_file_ref idref="fl-e"/>
      </object_component>
      <object_component id="oc-c4">
         <name>.text:SysCtlClockSet</name>
         <load_address>0xaf4</load_address>
         <run_address>0xaf4</run_address>
         <size>0xf4</size>
         <input_file_ref idref="fl-e"/>
      </object_component>
      <object_component id="oc-125">
         <name>.text</name>
         <load_address>0xbe8</load_address>
         <run_address>0xbe8</run_address>
         <size>0x96</size>
         <input_file_ref idref="fl-d3"/>
      </object_component>
      <object_component id="oc-209">
         <name>.text</name>
         <load_address>0xc7e</load_address>
         <run_address>0xc7e</run_address>
         <size>0x2</size>
         <input_file_ref idref="fl-d4"/>
      </object_component>
      <object_component id="oc-160">
         <name>.text:SysCtlPeripheralReset</name>
         <load_address>0xc80</load_address>
         <run_address>0xc80</run_address>
         <size>0x50</size>
         <input_file_ref idref="fl-e"/>
      </object_component>
      <object_component id="oc-13c">
         <name>.text:GPIOPinConfigure</name>
         <load_address>0xcd0</load_address>
         <run_address>0xcd0</run_address>
         <size>0x4c</size>
         <input_file_ref idref="fl-b"/>
      </object_component>
      <object_component id="oc-166">
         <name>.text:I2CMasterInitExpClk</name>
         <load_address>0xd1c</load_address>
         <run_address>0xd1c</run_address>
         <size>0x4c</size>
         <input_file_ref idref="fl-d2"/>
      </object_component>
      <object_component id="oc-e3">
         <name>.text:__TI_auto_init_nobinit_nopinit:__TI_auto_init_nobinit_nopinit</name>
         <load_address>0xd68</load_address>
         <run_address>0xd68</run_address>
         <size>0x44</size>
         <input_file_ref idref="fl-cb"/>
      </object_component>
      <object_component id="oc-154">
         <name>.text:SysCtlPeripheralReady</name>
         <load_address>0xdac</load_address>
         <run_address>0xdac</run_address>
         <size>0x38</size>
         <input_file_ref idref="fl-e"/>
      </object_component>
      <object_component id="oc-14e">
         <name>.text:SysCtlPeripheralEnable</name>
         <load_address>0xde4</load_address>
         <run_address>0xde4</run_address>
         <size>0x34</size>
         <input_file_ref idref="fl-e"/>
      </object_component>
      <object_component id="oc-59">
         <name>.text:_c_int00_noargs:_c_int00_noargs</name>
         <load_address>0xe18</load_address>
         <run_address>0xe18</run_address>
         <size>0x34</size>
         <input_file_ref idref="fl-c8"/>
      </object_component>
      <object_component id="oc-215">
         <name>.text:GPIODirModeSet</name>
         <load_address>0xe4c</load_address>
         <run_address>0xe4c</run_address>
         <size>0x2c</size>
         <input_file_ref idref="fl-b"/>
      </object_component>
      <object_component id="oc-1a9">
         <name>.text:PWMGenConfigure</name>
         <load_address>0xe78</load_address>
         <run_address>0xe78</run_address>
         <size>0x22</size>
         <input_file_ref idref="fl-d"/>
      </object_component>
      <object_component id="oc-1b5">
         <name>.text:PWMPulseWidthSet</name>
         <load_address>0xe9a</load_address>
         <run_address>0xe9a</run_address>
         <size>0x1e</size>
         <input_file_ref idref="fl-d"/>
      </object_component>
      <object_component id="oc-47">
         <name>.text:decompress:ZI:__TI_zero_init_nomemset:__TI_zero_init_nomemset</name>
         <load_address>0xeb8</load_address>
         <run_address>0xeb8</run_address>
         <size>0x1c</size>
         <input_file_ref idref="fl-c5"/>
      </object_component>
      <object_component id="oc-9b">
         <name>.text</name>
         <load_address>0xed4</load_address>
         <run_address>0xed4</run_address>
         <size>0x1c</size>
         <input_file_ref idref="fl-1"/>
      </object_component>
      <object_component id="oc-12a">
         <name>.text:GPIOPinTypeGPIOOutput</name>
         <load_address>0xef0</load_address>
         <run_address>0xef0</run_address>
         <size>0x1a</size>
         <input_file_ref idref="fl-b"/>
      </object_component>
      <object_component id="oc-19d">
         <name>.text:SysCtlPWMClockGet</name>
         <load_address>0xf0c</load_address>
         <run_address>0xf0c</run_address>
         <size>0x18</size>
         <input_file_ref idref="fl-e"/>
      </object_component>
      <object_component id="oc-15a">
         <name>.text:GPIOPinTypeGPIOInput</name>
         <load_address>0xf24</load_address>
         <run_address>0xf24</run_address>
         <size>0x16</size>
         <input_file_ref idref="fl-b"/>
      </object_component>
      <object_component id="oc-148">
         <name>.text:GPIOPinTypeI2C</name>
         <load_address>0xf3a</load_address>
         <run_address>0xf3a</run_address>
         <size>0x16</size>
         <input_file_ref idref="fl-b"/>
      </object_component>
      <object_component id="oc-142">
         <name>.text:GPIOPinTypeI2CSCL</name>
         <load_address>0xf50</load_address>
         <run_address>0xf50</run_address>
         <size>0x16</size>
         <input_file_ref idref="fl-b"/>
      </object_component>
      <object_component id="oc-1a3">
         <name>.text:GPIOPinTypePWM</name>
         <load_address>0xf66</load_address>
         <run_address>0xf66</run_address>
         <size>0x16</size>
         <input_file_ref idref="fl-b"/>
      </object_component>
      <object_component id="oc-184">
         <name>.text:I2CMasterErr</name>
         <load_address>0xf7c</load_address>
         <run_address>0xf7c</run_address>
         <size>0x16</size>
         <input_file_ref idref="fl-d2"/>
      </object_component>
      <object_component id="oc-197">
         <name>.text:SysCtlPWMClockSet</name>
         <load_address>0xf94</load_address>
         <run_address>0xf94</run_address>
         <size>0x14</size>
         <input_file_ref idref="fl-e"/>
      </object_component>
      <object_component id="oc-1bb">
         <name>.text:PWMOutputState</name>
         <load_address>0xfa8</load_address>
         <run_address>0xfa8</run_address>
         <size>0x12</size>
         <input_file_ref idref="fl-d"/>
      </object_component>
      <object_component id="oc-1af">
         <name>.text:PWMGenPeriodSet</name>
         <load_address>0xfba</load_address>
         <run_address>0xfba</run_address>
         <size>0x10</size>
         <input_file_ref idref="fl-d"/>
      </object_component>
      <object_component id="oc-1c1">
         <name>.text:PWMGenEnable</name>
         <load_address>0xfca</load_address>
         <run_address>0xfca</run_address>
         <size>0xc</size>
         <input_file_ref idref="fl-d"/>
      </object_component>
      <object_component id="oc-27">
         <name>.text</name>
         <load_address>0xfd6</load_address>
         <run_address>0xfd6</run_address>
         <size>0xc</size>
         <input_file_ref idref="fl-2"/>
      </object_component>
      <object_component id="oc-229">
         <name>.text:I2CMasterEnable</name>
         <load_address>0xfe2</load_address>
         <run_address>0xfe2</run_address>
         <size>0xa</size>
         <input_file_ref idref="fl-d2"/>
      </object_component>
      <object_component id="oc-17e">
         <name>.text:I2CMasterBusy</name>
         <load_address>0xfec</load_address>
         <run_address>0xfec</run_address>
         <size>0x8</size>
         <input_file_ref idref="fl-d2"/>
      </object_component>
      <object_component id="oc-16c">
         <name>.text:I2CMasterSlaveAddrSet</name>
         <load_address>0xff4</load_address>
         <run_address>0xff4</run_address>
         <size>0x8</size>
         <input_file_ref idref="fl-d2"/>
      </object_component>
      <object_component id="oc-136">
         <name>.text:GPIOPinRead</name>
         <load_address>0xffc</load_address>
         <run_address>0xffc</run_address>
         <size>0x6</size>
         <input_file_ref idref="fl-b"/>
      </object_component>
      <object_component id="oc-130">
         <name>.text:GPIOPinWrite</name>
         <load_address>0x1002</load_address>
         <run_address>0x1002</run_address>
         <size>0x6</size>
         <input_file_ref idref="fl-b"/>
      </object_component>
      <object_component id="oc-117">
         <name>.text:SysCtlDelay</name>
         <load_address>0x1008</load_address>
         <run_address>0x1008</run_address>
         <size>0x6</size>
         <input_file_ref idref="fl-e"/>
      </object_component>
      <object_component id="oc-178">
         <name>.text:I2CMasterControl</name>
         <load_address>0x100e</load_address>
         <run_address>0x100e</run_address>
         <size>0x4</size>
         <input_file_ref idref="fl-d2"/>
      </object_component>
      <object_component id="oc-18a">
         <name>.text:I2CMasterDataGet</name>
         <load_address>0x1012</load_address>
         <run_address>0x1012</run_address>
         <size>0x4</size>
         <input_file_ref idref="fl-d2"/>
      </object_component>
      <object_component id="oc-172">
         <name>.text:I2CMasterDataPut</name>
         <load_address>0x1016</load_address>
         <run_address>0x1016</run_address>
         <size>0x4</size>
         <input_file_ref idref="fl-d2"/>
      </object_component>
      <object_component id="oc-95">
         <name>.text:_system_pre_init</name>
         <load_address>0x101a</load_address>
         <run_address>0x101a</run_address>
         <size>0x4</size>
         <input_file_ref idref="fl-cc"/>
      </object_component>
      <object_component id="oc-d7">
         <name>.text:abort:abort</name>
         <load_address>0x101e</load_address>
         <run_address>0x101e</run_address>
         <size>0x4</size>
         <input_file_ref idref="fl-ce"/>
      </object_component>
      <object_component id="oc-21f">
         <name>.const:g_pui32GPIOBaseAddrs</name>
         <load_address>0x1024</load_address>
         <run_address>0x1024</run_address>
         <size>0x90</size>
         <input_file_ref idref="fl-b"/>
      </object_component>
      <object_component id="oc-205">
         <name>.const:g_pui32Xtals</name>
         <load_address>0x10b4</load_address>
         <run_address>0x10b4</run_address>
         <size>0x6c</size>
         <input_file_ref idref="fl-e"/>
      </object_component>
      <object_component id="oc-2ad">
         <name>.cinit..bss.load</name>
         <load_address>0x1120</load_address>
         <run_address>0x1120</run_address>
         <size>0x8</size>
      </object_component>
      <object_component id="oc-2ab">
         <name>__TI_handler_table</name>
         <load_address>0x1128</load_address>
         <run_address>0x1128</run_address>
         <size>0x4</size>
      </object_component>
      <object_component id="oc-2ac">
         <name>__TI_cinit_table</name>
         <load_address>0x112c</load_address>
         <run_address>0x112c</run_address>
         <size>0x8</size>
      </object_component>
      <object_component id="oc-1ca">
         <name>.common:ui32Load</name>
         <uninitialized>true</uninitialized>
         <run_address>0x20000200</run_address>
         <size>0x4</size>
      </object_component>
      <object_component id="oc-1c7">
         <name>.common:ui32PWMClock</name>
         <uninitialized>true</uninitialized>
         <run_address>0x20000204</run_address>
         <size>0x4</size>
      </object_component>
      <object_component id="oc-1cb">
         <name>.common:ui8Adjust1</name>
         <uninitialized>true</uninitialized>
         <run_address>0x20000208</run_address>
         <size>0x4</size>
      </object_component>
      <object_component id="oc-1cc">
         <name>.common:ui8Adjust2</name>
         <uninitialized>true</uninitialized>
         <run_address>0x2000020c</run_address>
         <size>0x4</size>
      </object_component>
      <object_component id="oc-1cd">
         <name>.common:ui8Adjust3</name>
         <uninitialized>true</uninitialized>
         <run_address>0x20000210</run_address>
         <size>0x4</size>
      </object_component>
      <object_component id="oc-1ce">
         <name>.common:ui8Adjust4</name>
         <uninitialized>true</uninitialized>
         <run_address>0x20000214</run_address>
         <size>0x4</size>
      </object_component>
      <object_component id="oc-24">
         <name>.stack</name>
         <uninitialized>true</uninitialized>
         <run_address>0x20000000</run_address>
         <size>0x4</size>
         <input_file_ref idref="fl-c8"/>
      </object_component>
      <object_component id="oc-2af">
         <name>.stack</name>
         <uninitialized>true</uninitialized>
         <run_address>0x20000000</run_address>
         <size>0x0</size>
      </object_component>
      <object_component id="oc-b2">
         <name>.debug_info</name>
         <load_address>0x0</load_address>
         <run_address>0x0</run_address>
         <size>0x4bc</size>
         <input_file_ref idref="fl-1"/>
      </object_component>
      <object_component id="oc-9c">
         <name>.debug_info</name>
         <load_address>0x4bc</load_address>
         <run_address>0x4bc</run_address>
         <size>0x13a</size>
         <input_file_ref idref="fl-1"/>
      </object_component>
      <object_component id="oc-70">
         <name>.debug_info</name>
         <load_address>0x5f6</load_address>
         <run_address>0x5f6</run_address>
         <size>0x26b</size>
         <input_file_ref idref="fl-1"/>
      </object_component>
      <object_component id="oc-36">
         <name>.debug_info</name>
         <load_address>0x861</load_address>
         <run_address>0x861</run_address>
         <size>0x84</size>
         <input_file_ref idref="fl-1"/>
      </object_component>
      <object_component id="oc-ad">
         <name>.debug_info</name>
         <load_address>0x8e5</load_address>
         <run_address>0x8e5</run_address>
         <size>0x2a4</size>
         <input_file_ref idref="fl-1"/>
      </object_component>
      <object_component id="oc-75">
         <name>.debug_info</name>
         <load_address>0xb89</load_address>
         <run_address>0xb89</run_address>
         <size>0xbb</size>
         <input_file_ref idref="fl-1"/>
      </object_component>
      <object_component id="oc-2f">
         <name>.debug_info</name>
         <load_address>0xc44</load_address>
         <run_address>0xc44</run_address>
         <size>0x2ae</size>
         <input_file_ref idref="fl-2"/>
      </object_component>
      <object_component id="oc-13">
         <name>.debug_info</name>
         <load_address>0xef2</load_address>
         <run_address>0xef2</run_address>
         <size>0xed</size>
         <input_file_ref idref="fl-2"/>
      </object_component>
      <object_component id="oc-28">
         <name>.debug_info</name>
         <load_address>0xfdf</load_address>
         <run_address>0xfdf</run_address>
         <size>0x269</size>
         <input_file_ref idref="fl-2"/>
      </object_component>
      <object_component id="oc-1c8">
         <name>.debug_info</name>
         <load_address>0x1248</load_address>
         <run_address>0x1248</run_address>
         <size>0x671</size>
         <input_file_ref idref="fl-a"/>
      </object_component>
      <object_component id="oc-d1">
         <name>.debug_info</name>
         <load_address>0x18b9</load_address>
         <run_address>0x18b9</run_address>
         <size>0x62c</size>
         <input_file_ref idref="fl-a"/>
      </object_component>
      <object_component id="oc-191">
         <name>.debug_info</name>
         <load_address>0x1ee5</load_address>
         <run_address>0x1ee5</run_address>
         <size>0x8b</size>
         <input_file_ref idref="fl-a"/>
      </object_component>
      <object_component id="oc-21c">
         <name>.debug_info</name>
         <load_address>0x1f70</load_address>
         <run_address>0x1f70</run_address>
         <size>0x3e4</size>
         <input_file_ref idref="fl-b"/>
      </object_component>
      <object_component id="oc-220">
         <name>.debug_info</name>
         <load_address>0x2354</load_address>
         <run_address>0x2354</run_address>
         <size>0x164</size>
         <input_file_ref idref="fl-b"/>
      </object_component>
      <object_component id="oc-131">
         <name>.debug_info</name>
         <load_address>0x24b8</load_address>
         <run_address>0x24b8</run_address>
         <size>0x2ac</size>
         <input_file_ref idref="fl-b"/>
      </object_component>
      <object_component id="oc-216">
         <name>.debug_info</name>
         <load_address>0x2764</load_address>
         <run_address>0x2764</run_address>
         <size>0x2bc</size>
         <input_file_ref idref="fl-b"/>
      </object_component>
      <object_component id="oc-210">
         <name>.debug_info</name>
         <load_address>0x2a20</load_address>
         <run_address>0x2a20</run_address>
         <size>0x31f</size>
         <input_file_ref idref="fl-b"/>
      </object_component>
      <object_component id="oc-1a4">
         <name>.debug_info</name>
         <load_address>0x2d3f</load_address>
         <run_address>0x2d3f</run_address>
         <size>0x299</size>
         <input_file_ref idref="fl-b"/>
      </object_component>
      <object_component id="oc-143">
         <name>.debug_info</name>
         <load_address>0x2fd8</load_address>
         <run_address>0x2fd8</run_address>
         <size>0x29f</size>
         <input_file_ref idref="fl-b"/>
      </object_component>
      <object_component id="oc-149">
         <name>.debug_info</name>
         <load_address>0x3277</load_address>
         <run_address>0x3277</run_address>
         <size>0x299</size>
         <input_file_ref idref="fl-b"/>
      </object_component>
      <object_component id="oc-12b">
         <name>.debug_info</name>
         <load_address>0x3510</load_address>
         <run_address>0x3510</run_address>
         <size>0x2c0</size>
         <input_file_ref idref="fl-b"/>
      </object_component>
      <object_component id="oc-15b">
         <name>.debug_info</name>
         <load_address>0x37d0</load_address>
         <run_address>0x37d0</run_address>
         <size>0x2a5</size>
         <input_file_ref idref="fl-b"/>
      </object_component>
      <object_component id="oc-137">
         <name>.debug_info</name>
         <load_address>0x3a75</load_address>
         <run_address>0x3a75</run_address>
         <size>0x284</size>
         <input_file_ref idref="fl-b"/>
      </object_component>
      <object_component id="oc-13d">
         <name>.debug_info</name>
         <load_address>0x3cf9</load_address>
         <run_address>0x3cf9</run_address>
         <size>0x289</size>
         <input_file_ref idref="fl-b"/>
      </object_component>
      <object_component id="oc-200">
         <name>.debug_info</name>
         <load_address>0x3f82</load_address>
         <run_address>0x3f82</run_address>
         <size>0x26b</size>
         <input_file_ref idref="fl-b"/>
      </object_component>
      <object_component id="oc-1f0">
         <name>.debug_info</name>
         <load_address>0x41ed</load_address>
         <run_address>0x41ed</run_address>
         <size>0x297</size>
         <input_file_ref idref="fl-b"/>
      </object_component>
      <object_component id="oc-1fb">
         <name>.debug_info</name>
         <load_address>0x4484</load_address>
         <run_address>0x4484</run_address>
         <size>0xef</size>
         <input_file_ref idref="fl-b"/>
      </object_component>
      <object_component id="oc-119">
         <name>.debug_info</name>
         <load_address>0x4573</load_address>
         <run_address>0x4573</run_address>
         <size>0xbb</size>
         <input_file_ref idref="fl-b"/>
      </object_component>
      <object_component id="oc-23d">
         <name>.debug_info</name>
         <load_address>0x462e</load_address>
         <run_address>0x462e</run_address>
         <size>0x396</size>
         <input_file_ref idref="fl-d"/>
      </object_component>
      <object_component id="oc-1b6">
         <name>.debug_info</name>
         <load_address>0x49c4</load_address>
         <run_address>0x49c4</run_address>
         <size>0x2ff</size>
         <input_file_ref idref="fl-d"/>
      </object_component>
      <object_component id="oc-1bc">
         <name>.debug_info</name>
         <load_address>0x4cc3</load_address>
         <run_address>0x4cc3</run_address>
         <size>0x2cd</size>
         <input_file_ref idref="fl-d"/>
      </object_component>
      <object_component id="oc-1b0">
         <name>.debug_info</name>
         <load_address>0x4f90</load_address>
         <run_address>0x4f90</run_address>
         <size>0x2bf</size>
         <input_file_ref idref="fl-d"/>
      </object_component>
      <object_component id="oc-1c2">
         <name>.debug_info</name>
         <load_address>0x524f</load_address>
         <run_address>0x524f</run_address>
         <size>0x27f</size>
         <input_file_ref idref="fl-d"/>
      </object_component>
      <object_component id="oc-1aa">
         <name>.debug_info</name>
         <load_address>0x54ce</load_address>
         <run_address>0x54ce</run_address>
         <size>0x2bc</size>
         <input_file_ref idref="fl-d"/>
      </object_component>
      <object_component id="oc-11e">
         <name>.debug_info</name>
         <load_address>0x578a</load_address>
         <run_address>0x578a</run_address>
         <size>0x441</size>
         <input_file_ref idref="fl-e"/>
      </object_component>
      <object_component id="oc-206">
         <name>.debug_info</name>
         <load_address>0x5bcb</load_address>
         <run_address>0x5bcb</run_address>
         <size>0x156</size>
         <input_file_ref idref="fl-e"/>
      </object_component>
      <object_component id="oc-161">
         <name>.debug_info</name>
         <load_address>0x5d21</load_address>
         <run_address>0x5d21</run_address>
         <size>0x29e</size>
         <input_file_ref idref="fl-e"/>
      </object_component>
      <object_component id="oc-155">
         <name>.debug_info</name>
         <load_address>0x5fbf</load_address>
         <run_address>0x5fbf</run_address>
         <size>0x288</size>
         <input_file_ref idref="fl-e"/>
      </object_component>
      <object_component id="oc-14f">
         <name>.debug_info</name>
         <load_address>0x6247</load_address>
         <run_address>0x6247</run_address>
         <size>0x286</size>
         <input_file_ref idref="fl-e"/>
      </object_component>
      <object_component id="oc-198">
         <name>.debug_info</name>
         <load_address>0x64cd</load_address>
         <run_address>0x64cd</run_address>
         <size>0x26c</size>
         <input_file_ref idref="fl-e"/>
      </object_component>
      <object_component id="oc-19e">
         <name>.debug_info</name>
         <load_address>0x6739</load_address>
         <run_address>0x6739</run_address>
         <size>0x236</size>
         <input_file_ref idref="fl-e"/>
      </object_component>
      <object_component id="oc-c5">
         <name>.debug_info</name>
         <load_address>0x696f</load_address>
         <run_address>0x696f</run_address>
         <size>0x2e4</size>
         <input_file_ref idref="fl-e"/>
      </object_component>
      <object_component id="oc-120">
         <name>.debug_info</name>
         <load_address>0x6c53</load_address>
         <run_address>0x6c53</run_address>
         <size>0x2be</size>
         <input_file_ref idref="fl-e"/>
      </object_component>
      <object_component id="oc-1f7">
         <name>.debug_info</name>
         <load_address>0x6f11</load_address>
         <run_address>0x6f11</run_address>
         <size>0x51</size>
         <input_file_ref idref="fl-e"/>
      </object_component>
      <object_component id="oc-8e">
         <name>.debug_info</name>
         <load_address>0x6f62</load_address>
         <run_address>0x6f62</run_address>
         <size>0x2d4</size>
         <input_file_ref idref="fl-c5"/>
      </object_component>
      <object_component id="oc-48">
         <name>.debug_info</name>
         <load_address>0x7236</load_address>
         <run_address>0x7236</run_address>
         <size>0x1d2</size>
         <input_file_ref idref="fl-c5"/>
      </object_component>
      <object_component id="oc-89">
         <name>.debug_info</name>
         <load_address>0x7408</load_address>
         <run_address>0x7408</run_address>
         <size>0x46</size>
         <input_file_ref idref="fl-c5"/>
      </object_component>
      <object_component id="oc-bb">
         <name>.debug_info</name>
         <load_address>0x744e</load_address>
         <run_address>0x744e</run_address>
         <size>0x2c</size>
         <input_file_ref idref="fl-c5"/>
      </object_component>
      <object_component id="oc-25">
         <name>.debug_info</name>
         <load_address>0x747a</load_address>
         <run_address>0x747a</run_address>
         <size>0x10b</size>
         <input_file_ref idref="fl-c8"/>
      </object_component>
      <object_component id="oc-5a">
         <name>.debug_info</name>
         <load_address>0x7585</load_address>
         <run_address>0x7585</run_address>
         <size>0x1a9</size>
         <input_file_ref idref="fl-c8"/>
      </object_component>
      <object_component id="oc-1db">
         <name>.debug_info</name>
         <load_address>0x772e</load_address>
         <run_address>0x772e</run_address>
         <size>0x4b3</size>
         <input_file_ref idref="fl-cb"/>
      </object_component>
      <object_component id="oc-e4">
         <name>.debug_info</name>
         <load_address>0x7be1</load_address>
         <run_address>0x7be1</run_address>
         <size>0x1a6</size>
         <input_file_ref idref="fl-cb"/>
      </object_component>
      <object_component id="oc-254">
         <name>.debug_info</name>
         <load_address>0x7d87</load_address>
         <run_address>0x7d87</run_address>
         <size>0x39</size>
         <input_file_ref idref="fl-cb"/>
      </object_component>
      <object_component id="oc-276">
         <name>.debug_info</name>
         <load_address>0x7dc0</load_address>
         <run_address>0x7dc0</run_address>
         <size>0x39</size>
         <input_file_ref idref="fl-cb"/>
      </object_component>
      <object_component id="oc-259">
         <name>.debug_info</name>
         <load_address>0x7df9</load_address>
         <run_address>0x7df9</run_address>
         <size>0x39</size>
         <input_file_ref idref="fl-cb"/>
      </object_component>
      <object_component id="oc-25e">
         <name>.debug_info</name>
         <load_address>0x7e32</load_address>
         <run_address>0x7e32</run_address>
         <size>0xcd</size>
         <input_file_ref idref="fl-cb"/>
      </object_component>
      <object_component id="oc-96">
         <name>.debug_info</name>
         <load_address>0x7eff</load_address>
         <run_address>0x7eff</run_address>
         <size>0x153</size>
         <input_file_ref idref="fl-cc"/>
      </object_component>
      <object_component id="oc-d8">
         <name>.debug_info</name>
         <load_address>0x8052</load_address>
         <run_address>0x8052</run_address>
         <size>0x122</size>
         <input_file_ref idref="fl-ce"/>
      </object_component>
      <object_component id="oc-196">
         <name>.debug_info</name>
         <load_address>0x8174</load_address>
         <run_address>0x8174</run_address>
         <size>0x6d4</size>
         <input_file_ref idref="fl-d1"/>
      </object_component>
      <object_component id="oc-cb">
         <name>.debug_info</name>
         <load_address>0x8848</load_address>
         <run_address>0x8848</run_address>
         <size>0x97f</size>
         <input_file_ref idref="fl-d1"/>
      </object_component>
      <object_component id="oc-230">
         <name>.debug_info</name>
         <load_address>0x91c7</load_address>
         <run_address>0x91c7</run_address>
         <size>0x3d5</size>
         <input_file_ref idref="fl-d2"/>
      </object_component>
      <object_component id="oc-16d">
         <name>.debug_info</name>
         <load_address>0x959c</load_address>
         <run_address>0x959c</run_address>
         <size>0x2d7</size>
         <input_file_ref idref="fl-d2"/>
      </object_component>
      <object_component id="oc-22a">
         <name>.debug_info</name>
         <load_address>0x9873</load_address>
         <run_address>0x9873</run_address>
         <size>0x257</size>
         <input_file_ref idref="fl-d2"/>
      </object_component>
      <object_component id="oc-167">
         <name>.debug_info</name>
         <load_address>0x9aca</load_address>
         <run_address>0x9aca</run_address>
         <size>0x2f1</size>
         <input_file_ref idref="fl-d2"/>
      </object_component>
      <object_component id="oc-185">
         <name>.debug_info</name>
         <load_address>0x9dbb</load_address>
         <run_address>0x9dbb</run_address>
         <size>0x272</size>
         <input_file_ref idref="fl-d2"/>
      </object_component>
      <object_component id="oc-173">
         <name>.debug_info</name>
         <load_address>0xa02d</load_address>
         <run_address>0xa02d</run_address>
         <size>0x287</size>
         <input_file_ref idref="fl-d2"/>
      </object_component>
      <object_component id="oc-18b">
         <name>.debug_info</name>
         <load_address>0xa2b4</load_address>
         <run_address>0xa2b4</run_address>
         <size>0x25d</size>
         <input_file_ref idref="fl-d2"/>
      </object_component>
      <object_component id="oc-179">
         <name>.debug_info</name>
         <load_address>0xa511</load_address>
         <run_address>0xa511</run_address>
         <size>0x287</size>
         <input_file_ref idref="fl-d2"/>
      </object_component>
      <object_component id="oc-17f">
         <name>.debug_info</name>
         <load_address>0xa798</load_address>
         <run_address>0xa798</run_address>
         <size>0x257</size>
         <input_file_ref idref="fl-d2"/>
      </object_component>
      <object_component id="oc-126">
         <name>.debug_info</name>
         <load_address>0xa9ef</load_address>
         <run_address>0xa9ef</run_address>
         <size>0x134</size>
         <input_file_ref idref="fl-d3"/>
      </object_component>
      <object_component id="oc-20a">
         <name>.debug_info</name>
         <load_address>0xab23</load_address>
         <run_address>0xab23</run_address>
         <size>0x115</size>
         <input_file_ref idref="fl-d4"/>
      </object_component>
      <object_component id="oc-2b0">
         <name>.debug_info</name>
         <load_address>0xac38</load_address>
         <run_address>0xac38</run_address>
         <size>0xa0</size>
      </object_component>
      <object_component id="oc-116">
         <name>.debug_line</name>
         <load_address>0x0</load_address>
         <run_address>0x0</run_address>
         <size>0xe3</size>
         <input_file_ref idref="fl-1"/>
      </object_component>
      <object_component id="oc-9f">
         <name>.debug_line</name>
         <load_address>0xe3</load_address>
         <run_address>0xe3</run_address>
         <size>0x45</size>
         <input_file_ref idref="fl-1"/>
      </object_component>
      <object_component id="oc-73">
         <name>.debug_line</name>
         <load_address>0x128</load_address>
         <run_address>0x128</run_address>
         <size>0x79</size>
         <input_file_ref idref="fl-1"/>
      </object_component>
      <object_component id="oc-39">
         <name>.debug_line</name>
         <load_address>0x1a1</load_address>
         <run_address>0x1a1</run_address>
         <size>0x20</size>
         <input_file_ref idref="fl-1"/>
      </object_component>
      <object_component id="oc-b0">
         <name>.debug_line</name>
         <load_address>0x1c1</load_address>
         <run_address>0x1c1</run_address>
         <size>0x7d</size>
         <input_file_ref idref="fl-1"/>
      </object_component>
      <object_component id="oc-78">
         <name>.debug_line</name>
         <load_address>0x23e</load_address>
         <run_address>0x23e</run_address>
         <size>0x7a</size>
         <input_file_ref idref="fl-1"/>
      </object_component>
      <object_component id="oc-6f">
         <name>.debug_line</name>
         <load_address>0x2b8</load_address>
         <run_address>0x2b8</run_address>
         <size>0x41</size>
         <input_file_ref idref="fl-2"/>
      </object_component>
      <object_component id="oc-2e">
         <name>.debug_line</name>
         <load_address>0x2f9</load_address>
         <run_address>0x2f9</run_address>
         <size>0x41</size>
         <input_file_ref idref="fl-2"/>
      </object_component>
      <object_component id="oc-2b">
         <name>.debug_line</name>
         <load_address>0x33a</load_address>
         <run_address>0x33a</run_address>
         <size>0xa1</size>
         <input_file_ref idref="fl-2"/>
      </object_component>
      <object_component id="oc-243">
         <name>.debug_line</name>
         <load_address>0x3db</load_address>
         <run_address>0x3db</run_address>
         <size>0xee</size>
         <input_file_ref idref="fl-a"/>
      </object_component>
      <object_component id="oc-d4">
         <name>.debug_line</name>
         <load_address>0x4c9</load_address>
         <run_address>0x4c9</run_address>
         <size>0xc3</size>
         <input_file_ref idref="fl-a"/>
      </object_component>
      <object_component id="oc-194">
         <name>.debug_line</name>
         <load_address>0x58c</load_address>
         <run_address>0x58c</run_address>
         <size>0x20</size>
         <input_file_ref idref="fl-a"/>
      </object_component>
      <object_component id="oc-26b">
         <name>.debug_line</name>
         <load_address>0x5ac</load_address>
         <run_address>0x5ac</run_address>
         <size>0x82</size>
         <input_file_ref idref="fl-b"/>
      </object_component>
      <object_component id="oc-26d">
         <name>.debug_line</name>
         <load_address>0x62e</load_address>
         <run_address>0x62e</run_address>
         <size>0x7d</size>
         <input_file_ref idref="fl-b"/>
      </object_component>
      <object_component id="oc-134">
         <name>.debug_line</name>
         <load_address>0x6ab</load_address>
         <run_address>0x6ab</run_address>
         <size>0x92</size>
         <input_file_ref idref="fl-b"/>
      </object_component>
      <object_component id="oc-219">
         <name>.debug_line</name>
         <load_address>0x73d</load_address>
         <run_address>0x73d</run_address>
         <size>0x95</size>
         <input_file_ref idref="fl-b"/>
      </object_component>
      <object_component id="oc-213">
         <name>.debug_line</name>
         <load_address>0x7d2</load_address>
         <run_address>0x7d2</run_address>
         <size>0xc4</size>
         <input_file_ref idref="fl-b"/>
      </object_component>
      <object_component id="oc-1a7">
         <name>.debug_line</name>
         <load_address>0x896</load_address>
         <run_address>0x896</run_address>
         <size>0x99</size>
         <input_file_ref idref="fl-b"/>
      </object_component>
      <object_component id="oc-146">
         <name>.debug_line</name>
         <load_address>0x92f</load_address>
         <run_address>0x92f</run_address>
         <size>0x99</size>
         <input_file_ref idref="fl-b"/>
      </object_component>
      <object_component id="oc-14c">
         <name>.debug_line</name>
         <load_address>0x9c8</load_address>
         <run_address>0x9c8</run_address>
         <size>0x99</size>
         <input_file_ref idref="fl-b"/>
      </object_component>
      <object_component id="oc-12e">
         <name>.debug_line</name>
         <load_address>0xa61</load_address>
         <run_address>0xa61</run_address>
         <size>0x99</size>
         <input_file_ref idref="fl-b"/>
      </object_component>
      <object_component id="oc-15e">
         <name>.debug_line</name>
         <load_address>0xafa</load_address>
         <run_address>0xafa</run_address>
         <size>0x99</size>
         <input_file_ref idref="fl-b"/>
      </object_component>
      <object_component id="oc-13a">
         <name>.debug_line</name>
         <load_address>0xb93</load_address>
         <run_address>0xb93</run_address>
         <size>0x92</size>
         <input_file_ref idref="fl-b"/>
      </object_component>
      <object_component id="oc-140">
         <name>.debug_line</name>
         <load_address>0xc25</load_address>
         <run_address>0xc25</run_address>
         <size>0xa7</size>
         <input_file_ref idref="fl-b"/>
      </object_component>
      <object_component id="oc-203">
         <name>.debug_line</name>
         <load_address>0xccc</load_address>
         <run_address>0xccc</run_address>
         <size>0x71</size>
         <input_file_ref idref="fl-b"/>
      </object_component>
      <object_component id="oc-1f3">
         <name>.debug_line</name>
         <load_address>0xd3d</load_address>
         <run_address>0xd3d</run_address>
         <size>0x75</size>
         <input_file_ref idref="fl-b"/>
      </object_component>
      <object_component id="oc-1fe">
         <name>.debug_line</name>
         <load_address>0xdb2</load_address>
         <run_address>0xdb2</run_address>
         <size>0x71</size>
         <input_file_ref idref="fl-b"/>
      </object_component>
      <object_component id="oc-11c">
         <name>.debug_line</name>
         <load_address>0xe23</load_address>
         <run_address>0xe23</run_address>
         <size>0x72</size>
         <input_file_ref idref="fl-b"/>
      </object_component>
      <object_component id="oc-272">
         <name>.debug_line</name>
         <load_address>0xe95</load_address>
         <run_address>0xe95</run_address>
         <size>0x82</size>
         <input_file_ref idref="fl-d"/>
      </object_component>
      <object_component id="oc-1b9">
         <name>.debug_line</name>
         <load_address>0xf17</load_address>
         <run_address>0xf17</run_address>
         <size>0x9e</size>
         <input_file_ref idref="fl-d"/>
      </object_component>
      <object_component id="oc-1bf">
         <name>.debug_line</name>
         <load_address>0xfb5</load_address>
         <run_address>0xfb5</run_address>
         <size>0x95</size>
         <input_file_ref idref="fl-d"/>
      </object_component>
      <object_component id="oc-1b3">
         <name>.debug_line</name>
         <load_address>0x104a</load_address>
         <run_address>0x104a</run_address>
         <size>0x96</size>
         <input_file_ref idref="fl-d"/>
      </object_component>
      <object_component id="oc-1c5">
         <name>.debug_line</name>
         <load_address>0x10e0</load_address>
         <run_address>0x10e0</run_address>
         <size>0x91</size>
         <input_file_ref idref="fl-d"/>
      </object_component>
      <object_component id="oc-1ad">
         <name>.debug_line</name>
         <load_address>0x1171</load_address>
         <run_address>0x1171</run_address>
         <size>0x9b</size>
         <input_file_ref idref="fl-d"/>
      </object_component>
      <object_component id="oc-1f6">
         <name>.debug_line</name>
         <load_address>0x120c</load_address>
         <run_address>0x120c</run_address>
         <size>0x13d</size>
         <input_file_ref idref="fl-e"/>
      </object_component>
      <object_component id="oc-266">
         <name>.debug_line</name>
         <load_address>0x1349</load_address>
         <run_address>0x1349</run_address>
         <size>0x7f</size>
         <input_file_ref idref="fl-e"/>
      </object_component>
      <object_component id="oc-164">
         <name>.debug_line</name>
         <load_address>0x13c8</load_address>
         <run_address>0x13c8</run_address>
         <size>0xa7</size>
         <input_file_ref idref="fl-e"/>
      </object_component>
      <object_component id="oc-158">
         <name>.debug_line</name>
         <load_address>0x146f</load_address>
         <run_address>0x146f</run_address>
         <size>0x94</size>
         <input_file_ref idref="fl-e"/>
      </object_component>
      <object_component id="oc-152">
         <name>.debug_line</name>
         <load_address>0x1503</load_address>
         <run_address>0x1503</run_address>
         <size>0x94</size>
         <input_file_ref idref="fl-e"/>
      </object_component>
      <object_component id="oc-19b">
         <name>.debug_line</name>
         <load_address>0x1597</load_address>
         <run_address>0x1597</run_address>
         <size>0x94</size>
         <input_file_ref idref="fl-e"/>
      </object_component>
      <object_component id="oc-1a1">
         <name>.debug_line</name>
         <load_address>0x162b</load_address>
         <run_address>0x162b</run_address>
         <size>0x97</size>
         <input_file_ref idref="fl-e"/>
      </object_component>
      <object_component id="oc-c8">
         <name>.debug_line</name>
         <load_address>0x16c2</load_address>
         <run_address>0x16c2</run_address>
         <size>0xee</size>
         <input_file_ref idref="fl-e"/>
      </object_component>
      <object_component id="oc-123">
         <name>.debug_line</name>
         <load_address>0x17b0</load_address>
         <run_address>0x17b0</run_address>
         <size>0x118</size>
         <input_file_ref idref="fl-e"/>
      </object_component>
      <object_component id="oc-1f9">
         <name>.debug_line</name>
         <load_address>0x18c8</load_address>
         <run_address>0x18c8</run_address>
         <size>0x7f</size>
         <input_file_ref idref="fl-e"/>
      </object_component>
      <object_component id="oc-c1">
         <name>.debug_line</name>
         <load_address>0x1947</load_address>
         <run_address>0x1947</run_address>
         <size>0x92</size>
         <input_file_ref idref="fl-c5"/>
      </object_component>
      <object_component id="oc-4b">
         <name>.debug_line</name>
         <load_address>0x19d9</load_address>
         <run_address>0x19d9</run_address>
         <size>0x4c</size>
         <input_file_ref idref="fl-c5"/>
      </object_component>
      <object_component id="oc-8c">
         <name>.debug_line</name>
         <load_address>0x1a25</load_address>
         <run_address>0x1a25</run_address>
         <size>0x34</size>
         <input_file_ref idref="fl-c5"/>
      </object_component>
      <object_component id="oc-be">
         <name>.debug_line</name>
         <load_address>0x1a59</load_address>
         <run_address>0x1a59</run_address>
         <size>0x92</size>
         <input_file_ref idref="fl-c5"/>
      </object_component>
      <object_component id="oc-6c">
         <name>.debug_line</name>
         <load_address>0x1aeb</load_address>
         <run_address>0x1aeb</run_address>
         <size>0x33</size>
         <input_file_ref idref="fl-c8"/>
      </object_component>
      <object_component id="oc-5d">
         <name>.debug_line</name>
         <load_address>0x1b1e</load_address>
         <run_address>0x1b1e</run_address>
         <size>0x45</size>
         <input_file_ref idref="fl-c8"/>
      </object_component>
      <object_component id="oc-253">
         <name>.debug_line</name>
         <load_address>0x1b63</load_address>
         <run_address>0x1b63</run_address>
         <size>0xbf</size>
         <input_file_ref idref="fl-cb"/>
      </object_component>
      <object_component id="oc-e7">
         <name>.debug_line</name>
         <load_address>0x1c22</load_address>
         <run_address>0x1c22</run_address>
         <size>0x6f</size>
         <input_file_ref idref="fl-cb"/>
      </object_component>
      <object_component id="oc-257">
         <name>.debug_line</name>
         <load_address>0x1c91</load_address>
         <run_address>0x1c91</run_address>
         <size>0x2e</size>
         <input_file_ref idref="fl-cb"/>
      </object_component>
      <object_component id="oc-279">
         <name>.debug_line</name>
         <load_address>0x1cbf</load_address>
         <run_address>0x1cbf</run_address>
         <size>0x9a</size>
         <input_file_ref idref="fl-cb"/>
      </object_component>
      <object_component id="oc-25c">
         <name>.debug_line</name>
         <load_address>0x1d59</load_address>
         <run_address>0x1d59</run_address>
         <size>0x97</size>
         <input_file_ref idref="fl-cb"/>
      </object_component>
      <object_component id="oc-261">
         <name>.debug_line</name>
         <load_address>0x1df0</load_address>
         <run_address>0x1df0</run_address>
         <size>0x93</size>
         <input_file_ref idref="fl-cb"/>
      </object_component>
      <object_component id="oc-99">
         <name>.debug_line</name>
         <load_address>0x1e83</load_address>
         <run_address>0x1e83</run_address>
         <size>0x40</size>
         <input_file_ref idref="fl-cc"/>
      </object_component>
      <object_component id="oc-db">
         <name>.debug_line</name>
         <load_address>0x1ec3</load_address>
         <run_address>0x1ec3</run_address>
         <size>0x3c</size>
         <input_file_ref idref="fl-ce"/>
      </object_component>
      <object_component id="oc-238">
         <name>.debug_line</name>
         <load_address>0x1eff</load_address>
         <run_address>0x1eff</run_address>
         <size>0xe1</size>
         <input_file_ref idref="fl-d1"/>
      </object_component>
      <object_component id="oc-ce">
         <name>.debug_line</name>
         <load_address>0x1fe0</load_address>
         <run_address>0x1fe0</run_address>
         <size>0x14d</size>
         <input_file_ref idref="fl-d1"/>
      </object_component>
      <object_component id="oc-270">
         <name>.debug_line</name>
         <load_address>0x212d</load_address>
         <run_address>0x212d</run_address>
         <size>0x82</size>
         <input_file_ref idref="fl-d2"/>
      </object_component>
      <object_component id="oc-170">
         <name>.debug_line</name>
         <load_address>0x21af</load_address>
         <run_address>0x21af</run_address>
         <size>0x91</size>
         <input_file_ref idref="fl-d2"/>
      </object_component>
      <object_component id="oc-22d">
         <name>.debug_line</name>
         <load_address>0x2240</load_address>
         <run_address>0x2240</run_address>
         <size>0x91</size>
         <input_file_ref idref="fl-d2"/>
      </object_component>
      <object_component id="oc-16a">
         <name>.debug_line</name>
         <load_address>0x22d1</load_address>
         <run_address>0x22d1</run_address>
         <size>0x9b</size>
         <input_file_ref idref="fl-d2"/>
      </object_component>
      <object_component id="oc-188">
         <name>.debug_line</name>
         <load_address>0x236c</load_address>
         <run_address>0x236c</run_address>
         <size>0x94</size>
         <input_file_ref idref="fl-d2"/>
      </object_component>
      <object_component id="oc-176">
         <name>.debug_line</name>
         <load_address>0x2400</load_address>
         <run_address>0x2400</run_address>
         <size>0x91</size>
         <input_file_ref idref="fl-d2"/>
      </object_component>
      <object_component id="oc-18e">
         <name>.debug_line</name>
         <load_address>0x2491</load_address>
         <run_address>0x2491</run_address>
         <size>0x91</size>
         <input_file_ref idref="fl-d2"/>
      </object_component>
      <object_component id="oc-17c">
         <name>.debug_line</name>
         <load_address>0x2522</load_address>
         <run_address>0x2522</run_address>
         <size>0x91</size>
         <input_file_ref idref="fl-d2"/>
      </object_component>
      <object_component id="oc-182">
         <name>.debug_line</name>
         <load_address>0x25b3</load_address>
         <run_address>0x25b3</run_address>
         <size>0x91</size>
         <input_file_ref idref="fl-d2"/>
      </object_component>
      <object_component id="oc-129">
         <name>.debug_line</name>
         <load_address>0x2644</load_address>
         <run_address>0x2644</run_address>
         <size>0x81</size>
         <input_file_ref idref="fl-d3"/>
      </object_component>
      <object_component id="oc-20d">
         <name>.debug_line</name>
         <load_address>0x26c5</load_address>
         <run_address>0x26c5</run_address>
         <size>0x37</size>
         <input_file_ref idref="fl-d4"/>
      </object_component>
      <object_component id="oc-a0">
         <name>.debug_frame</name>
         <load_address>0x0</load_address>
         <run_address>0x0</run_address>
         <size>0x58</size>
         <input_file_ref idref="fl-1"/>
      </object_component>
      <object_component id="oc-2c">
         <name>.debug_frame</name>
         <load_address>0x58</load_address>
         <run_address>0x58</run_address>
         <size>0x90</size>
         <input_file_ref idref="fl-2"/>
      </object_component>
      <object_component id="oc-d5">
         <name>.debug_frame</name>
         <load_address>0xe8</load_address>
         <run_address>0xe8</run_address>
         <size>0x7c</size>
         <input_file_ref idref="fl-a"/>
      </object_component>
      <object_component id="oc-135">
         <name>.debug_frame</name>
         <load_address>0x164</load_address>
         <run_address>0x164</run_address>
         <size>0x54</size>
         <input_file_ref idref="fl-b"/>
      </object_component>
      <object_component id="oc-21a">
         <name>.debug_frame</name>
         <load_address>0x1b8</load_address>
         <run_address>0x1b8</run_address>
         <size>0x54</size>
         <input_file_ref idref="fl-b"/>
      </object_component>
      <object_component id="oc-214">
         <name>.debug_frame</name>
         <load_address>0x20c</load_address>
         <run_address>0x20c</run_address>
         <size>0x68</size>
         <input_file_ref idref="fl-b"/>
      </object_component>
      <object_component id="oc-1a8">
         <name>.debug_frame</name>
         <load_address>0x274</load_address>
         <run_address>0x274</run_address>
         <size>0x58</size>
         <input_file_ref idref="fl-b"/>
      </object_component>
      <object_component id="oc-147">
         <name>.debug_frame</name>
         <load_address>0x2cc</load_address>
         <run_address>0x2cc</run_address>
         <size>0x58</size>
         <input_file_ref idref="fl-b"/>
      </object_component>
      <object_component id="oc-14d">
         <name>.debug_frame</name>
         <load_address>0x324</load_address>
         <run_address>0x324</run_address>
         <size>0x58</size>
         <input_file_ref idref="fl-b"/>
      </object_component>
      <object_component id="oc-12f">
         <name>.debug_frame</name>
         <load_address>0x37c</load_address>
         <run_address>0x37c</run_address>
         <size>0x5c</size>
         <input_file_ref idref="fl-b"/>
      </object_component>
      <object_component id="oc-15f">
         <name>.debug_frame</name>
         <load_address>0x3d8</load_address>
         <run_address>0x3d8</run_address>
         <size>0x58</size>
         <input_file_ref idref="fl-b"/>
      </object_component>
      <object_component id="oc-13b">
         <name>.debug_frame</name>
         <load_address>0x430</load_address>
         <run_address>0x430</run_address>
         <size>0x54</size>
         <input_file_ref idref="fl-b"/>
      </object_component>
      <object_component id="oc-141">
         <name>.debug_frame</name>
         <load_address>0x484</load_address>
         <run_address>0x484</run_address>
         <size>0x58</size>
         <input_file_ref idref="fl-b"/>
      </object_component>
      <object_component id="oc-1ba">
         <name>.debug_frame</name>
         <load_address>0x4dc</load_address>
         <run_address>0x4dc</run_address>
         <size>0x54</size>
         <input_file_ref idref="fl-d"/>
      </object_component>
      <object_component id="oc-1c0">
         <name>.debug_frame</name>
         <load_address>0x530</load_address>
         <run_address>0x530</run_address>
         <size>0x54</size>
         <input_file_ref idref="fl-d"/>
      </object_component>
      <object_component id="oc-1b4">
         <name>.debug_frame</name>
         <load_address>0x584</load_address>
         <run_address>0x584</run_address>
         <size>0x54</size>
         <input_file_ref idref="fl-d"/>
      </object_component>
      <object_component id="oc-1c6">
         <name>.debug_frame</name>
         <load_address>0x5d8</load_address>
         <run_address>0x5d8</run_address>
         <size>0x54</size>
         <input_file_ref idref="fl-d"/>
      </object_component>
      <object_component id="oc-1ae">
         <name>.debug_frame</name>
         <load_address>0x62c</load_address>
         <run_address>0x62c</run_address>
         <size>0x54</size>
         <input_file_ref idref="fl-d"/>
      </object_component>
      <object_component id="oc-165">
         <name>.debug_frame</name>
         <load_address>0x680</load_address>
         <run_address>0x680</run_address>
         <size>0x58</size>
         <input_file_ref idref="fl-e"/>
      </object_component>
      <object_component id="oc-159">
         <name>.debug_frame</name>
         <load_address>0x6d8</load_address>
         <run_address>0x6d8</run_address>
         <size>0x54</size>
         <input_file_ref idref="fl-e"/>
      </object_component>
      <object_component id="oc-153">
         <name>.debug_frame</name>
         <load_address>0x72c</load_address>
         <run_address>0x72c</run_address>
         <size>0x54</size>
         <input_file_ref idref="fl-e"/>
      </object_component>
      <object_component id="oc-19c">
         <name>.debug_frame</name>
         <load_address>0x780</load_address>
         <run_address>0x780</run_address>
         <size>0x54</size>
         <input_file_ref idref="fl-e"/>
      </object_component>
      <object_component id="oc-1a2">
         <name>.debug_frame</name>
         <load_address>0x7d4</load_address>
         <run_address>0x7d4</run_address>
         <size>0x54</size>
         <input_file_ref idref="fl-e"/>
      </object_component>
      <object_component id="oc-c9">
         <name>.debug_frame</name>
         <load_address>0x828</load_address>
         <run_address>0x828</run_address>
         <size>0x68</size>
         <input_file_ref idref="fl-e"/>
      </object_component>
      <object_component id="oc-124">
         <name>.debug_frame</name>
         <load_address>0x890</load_address>
         <run_address>0x890</run_address>
         <size>0x60</size>
         <input_file_ref idref="fl-e"/>
      </object_component>
      <object_component id="oc-4c">
         <name>.debug_frame</name>
         <load_address>0x8f0</load_address>
         <run_address>0x8f0</run_address>
         <size>0x54</size>
         <input_file_ref idref="fl-c5"/>
      </object_component>
      <object_component id="oc-5e">
         <name>.debug_frame</name>
         <load_address>0x944</load_address>
         <run_address>0x944</run_address>
         <size>0x50</size>
         <input_file_ref idref="fl-c8"/>
      </object_component>
      <object_component id="oc-e8">
         <name>.debug_frame</name>
         <load_address>0x994</load_address>
         <run_address>0x994</run_address>
         <size>0x5c</size>
         <input_file_ref idref="fl-cb"/>
      </object_component>
      <object_component id="oc-9a">
         <name>.debug_frame</name>
         <load_address>0x9f0</load_address>
         <run_address>0x9f0</run_address>
         <size>0x54</size>
         <input_file_ref idref="fl-cc"/>
      </object_component>
      <object_component id="oc-dc">
         <name>.debug_frame</name>
         <load_address>0xa44</load_address>
         <run_address>0xa44</run_address>
         <size>0x54</size>
         <input_file_ref idref="fl-ce"/>
      </object_component>
      <object_component id="oc-cf">
         <name>.debug_frame</name>
         <load_address>0xa98</load_address>
         <run_address>0xa98</run_address>
         <size>0xe8</size>
         <input_file_ref idref="fl-d1"/>
      </object_component>
      <object_component id="oc-171">
         <name>.debug_frame</name>
         <load_address>0xb80</load_address>
         <run_address>0xb80</run_address>
         <size>0x54</size>
         <input_file_ref idref="fl-d2"/>
      </object_component>
      <object_component id="oc-22e">
         <name>.debug_frame</name>
         <load_address>0xbd4</load_address>
         <run_address>0xbd4</run_address>
         <size>0x54</size>
         <input_file_ref idref="fl-d2"/>
      </object_component>
      <object_component id="oc-16b">
         <name>.debug_frame</name>
         <load_address>0xc28</load_address>
         <run_address>0xc28</run_address>
         <size>0x5c</size>
         <input_file_ref idref="fl-d2"/>
      </object_component>
      <object_component id="oc-189">
         <name>.debug_frame</name>
         <load_address>0xc84</load_address>
         <run_address>0xc84</run_address>
         <size>0x58</size>
         <input_file_ref idref="fl-d2"/>
      </object_component>
      <object_component id="oc-177">
         <name>.debug_frame</name>
         <load_address>0xcdc</load_address>
         <run_address>0xcdc</run_address>
         <size>0x54</size>
         <input_file_ref idref="fl-d2"/>
      </object_component>
      <object_component id="oc-18f">
         <name>.debug_frame</name>
         <load_address>0xd30</load_address>
         <run_address>0xd30</run_address>
         <size>0x54</size>
         <input_file_ref idref="fl-d2"/>
      </object_component>
      <object_component id="oc-17d">
         <name>.debug_frame</name>
         <load_address>0xd84</load_address>
         <run_address>0xd84</run_address>
         <size>0x54</size>
         <input_file_ref idref="fl-d2"/>
      </object_component>
      <object_component id="oc-183">
         <name>.debug_frame</name>
         <load_address>0xdd8</load_address>
         <run_address>0xdd8</run_address>
         <size>0x54</size>
         <input_file_ref idref="fl-d2"/>
      </object_component>
      <object_component id="oc-115">
         <name>.debug_abbrev</name>
         <load_address>0x0</load_address>
         <run_address>0x0</run_address>
         <size>0xc8</size>
         <input_file_ref idref="fl-1"/>
      </object_component>
      <object_component id="oc-d6">
         <name>.debug_abbrev</name>
         <load_address>0xc8</load_address>
         <run_address>0xc8</run_address>
         <size>0x54</size>
         <input_file_ref idref="fl-1"/>
      </object_component>
      <object_component id="oc-72">
         <name>.debug_abbrev</name>
         <load_address>0x11c</load_address>
         <run_address>0x11c</run_address>
         <size>0x69</size>
         <input_file_ref idref="fl-1"/>
      </object_component>
      <object_component id="oc-38">
         <name>.debug_abbrev</name>
         <load_address>0x185</load_address>
         <run_address>0x185</run_address>
         <size>0x1f</size>
         <input_file_ref idref="fl-1"/>
      </object_component>
      <object_component id="oc-af">
         <name>.debug_abbrev</name>
         <load_address>0x1a4</load_address>
         <run_address>0x1a4</run_address>
         <size>0x5c</size>
         <input_file_ref idref="fl-1"/>
      </object_component>
      <object_component id="oc-77">
         <name>.debug_abbrev</name>
         <load_address>0x200</load_address>
         <run_address>0x200</run_address>
         <size>0x24</size>
         <input_file_ref idref="fl-1"/>
      </object_component>
      <object_component id="oc-6e">
         <name>.debug_abbrev</name>
         <load_address>0x224</load_address>
         <run_address>0x224</run_address>
         <size>0x68</size>
         <input_file_ref idref="fl-2"/>
      </object_component>
      <object_component id="oc-2d">
         <name>.debug_abbrev</name>
         <load_address>0x28c</load_address>
         <run_address>0x28c</run_address>
         <size>0x29</size>
         <input_file_ref idref="fl-2"/>
      </object_component>
      <object_component id="oc-6d">
         <name>.debug_abbrev</name>
         <load_address>0x2b5</load_address>
         <run_address>0x2b5</run_address>
         <size>0x79</size>
         <input_file_ref idref="fl-2"/>
      </object_component>
      <object_component id="oc-242">
         <name>.debug_abbrev</name>
         <load_address>0x32e</load_address>
         <run_address>0x32e</run_address>
         <size>0xce</size>
         <input_file_ref idref="fl-a"/>
      </object_component>
      <object_component id="oc-1cf">
         <name>.debug_abbrev</name>
         <load_address>0x3fc</load_address>
         <run_address>0x3fc</run_address>
         <size>0x7a</size>
         <input_file_ref idref="fl-a"/>
      </object_component>
      <object_component id="oc-193">
         <name>.debug_abbrev</name>
         <load_address>0x476</load_address>
         <run_address>0x476</run_address>
         <size>0x1f</size>
         <input_file_ref idref="fl-a"/>
      </object_component>
      <object_component id="oc-26a">
         <name>.debug_abbrev</name>
         <load_address>0x495</load_address>
         <run_address>0x495</run_address>
         <size>0x7d</size>
         <input_file_ref idref="fl-b"/>
      </object_component>
      <object_component id="oc-26c">
         <name>.debug_abbrev</name>
         <load_address>0x512</load_address>
         <run_address>0x512</run_address>
         <size>0x27</size>
         <input_file_ref idref="fl-b"/>
      </object_component>
      <object_component id="oc-21d">
         <name>.debug_abbrev</name>
         <load_address>0x539</load_address>
         <run_address>0x539</run_address>
         <size>0x6c</size>
         <input_file_ref idref="fl-b"/>
      </object_component>
      <object_component id="oc-269">
         <name>.debug_abbrev</name>
         <load_address>0x5a5</load_address>
         <run_address>0x5a5</run_address>
         <size>0x6c</size>
         <input_file_ref idref="fl-b"/>
      </object_component>
      <object_component id="oc-268">
         <name>.debug_abbrev</name>
         <load_address>0x611</load_address>
         <run_address>0x611</run_address>
         <size>0x6c</size>
         <input_file_ref idref="fl-b"/>
      </object_component>
      <object_component id="oc-23b">
         <name>.debug_abbrev</name>
         <load_address>0x67d</load_address>
         <run_address>0x67d</run_address>
         <size>0x7a</size>
         <input_file_ref idref="fl-b"/>
      </object_component>
      <object_component id="oc-223">
         <name>.debug_abbrev</name>
         <load_address>0x6f7</load_address>
         <run_address>0x6f7</run_address>
         <size>0x7a</size>
         <input_file_ref idref="fl-b"/>
      </object_component>
      <object_component id="oc-224">
         <name>.debug_abbrev</name>
         <load_address>0x771</load_address>
         <run_address>0x771</run_address>
         <size>0x7a</size>
         <input_file_ref idref="fl-b"/>
      </object_component>
      <object_component id="oc-21b">
         <name>.debug_abbrev</name>
         <load_address>0x7eb</load_address>
         <run_address>0x7eb</run_address>
         <size>0x7a</size>
         <input_file_ref idref="fl-b"/>
      </object_component>
      <object_component id="oc-227">
         <name>.debug_abbrev</name>
         <load_address>0x865</load_address>
         <run_address>0x865</run_address>
         <size>0x7a</size>
         <input_file_ref idref="fl-b"/>
      </object_component>
      <object_component id="oc-21e">
         <name>.debug_abbrev</name>
         <load_address>0x8df</load_address>
         <run_address>0x8df</run_address>
         <size>0x6e</size>
         <input_file_ref idref="fl-b"/>
      </object_component>
      <object_component id="oc-222">
         <name>.debug_abbrev</name>
         <load_address>0x94d</load_address>
         <run_address>0x94d</run_address>
         <size>0x6c</size>
         <input_file_ref idref="fl-b"/>
      </object_component>
      <object_component id="oc-202">
         <name>.debug_abbrev</name>
         <load_address>0x9b9</load_address>
         <run_address>0x9b9</run_address>
         <size>0x69</size>
         <input_file_ref idref="fl-b"/>
      </object_component>
      <object_component id="oc-1f2">
         <name>.debug_abbrev</name>
         <load_address>0xa22</load_address>
         <run_address>0xa22</run_address>
         <size>0x5c</size>
         <input_file_ref idref="fl-b"/>
      </object_component>
      <object_component id="oc-1fd">
         <name>.debug_abbrev</name>
         <load_address>0xa7e</load_address>
         <run_address>0xa7e</run_address>
         <size>0x24</size>
         <input_file_ref idref="fl-b"/>
      </object_component>
      <object_component id="oc-11b">
         <name>.debug_abbrev</name>
         <load_address>0xaa2</load_address>
         <run_address>0xaa2</run_address>
         <size>0x24</size>
         <input_file_ref idref="fl-b"/>
      </object_component>
      <object_component id="oc-271">
         <name>.debug_abbrev</name>
         <load_address>0xac6</load_address>
         <run_address>0xac6</run_address>
         <size>0x69</size>
         <input_file_ref idref="fl-d"/>
      </object_component>
      <object_component id="oc-23f">
         <name>.debug_abbrev</name>
         <load_address>0xb2f</load_address>
         <run_address>0xb2f</run_address>
         <size>0x6c</size>
         <input_file_ref idref="fl-d"/>
      </object_component>
      <object_component id="oc-240">
         <name>.debug_abbrev</name>
         <load_address>0xb9b</load_address>
         <run_address>0xb9b</run_address>
         <size>0x6c</size>
         <input_file_ref idref="fl-d"/>
      </object_component>
      <object_component id="oc-23e">
         <name>.debug_abbrev</name>
         <load_address>0xc07</load_address>
         <run_address>0xc07</run_address>
         <size>0x6c</size>
         <input_file_ref idref="fl-d"/>
      </object_component>
      <object_component id="oc-241">
         <name>.debug_abbrev</name>
         <load_address>0xc73</load_address>
         <run_address>0xc73</run_address>
         <size>0x6c</size>
         <input_file_ref idref="fl-d"/>
      </object_component>
      <object_component id="oc-23c">
         <name>.debug_abbrev</name>
         <load_address>0xcdf</load_address>
         <run_address>0xcdf</run_address>
         <size>0x6c</size>
         <input_file_ref idref="fl-d"/>
      </object_component>
      <object_component id="oc-1f5">
         <name>.debug_abbrev</name>
         <load_address>0xd4b</load_address>
         <run_address>0xd4b</run_address>
         <size>0xbb</size>
         <input_file_ref idref="fl-e"/>
      </object_component>
      <object_component id="oc-265">
         <name>.debug_abbrev</name>
         <load_address>0xe06</load_address>
         <run_address>0xe06</run_address>
         <size>0x27</size>
         <input_file_ref idref="fl-e"/>
      </object_component>
      <object_component id="oc-228">
         <name>.debug_abbrev</name>
         <load_address>0xe2d</load_address>
         <run_address>0xe2d</run_address>
         <size>0x6c</size>
         <input_file_ref idref="fl-e"/>
      </object_component>
      <object_component id="oc-226">
         <name>.debug_abbrev</name>
         <load_address>0xe99</load_address>
         <run_address>0xe99</run_address>
         <size>0x6e</size>
         <input_file_ref idref="fl-e"/>
      </object_component>
      <object_component id="oc-225">
         <name>.debug_abbrev</name>
         <load_address>0xf07</load_address>
         <run_address>0xf07</run_address>
         <size>0x6c</size>
         <input_file_ref idref="fl-e"/>
      </object_component>
      <object_component id="oc-239">
         <name>.debug_abbrev</name>
         <load_address>0xf73</load_address>
         <run_address>0xf73</run_address>
         <size>0x6c</size>
         <input_file_ref idref="fl-e"/>
      </object_component>
      <object_component id="oc-23a">
         <name>.debug_abbrev</name>
         <load_address>0xfdf</load_address>
         <run_address>0xfdf</run_address>
         <size>0x52</size>
         <input_file_ref idref="fl-e"/>
      </object_component>
      <object_component id="oc-118">
         <name>.debug_abbrev</name>
         <load_address>0x1031</load_address>
         <run_address>0x1031</run_address>
         <size>0x7a</size>
         <input_file_ref idref="fl-e"/>
      </object_component>
      <object_component id="oc-208">
         <name>.debug_abbrev</name>
         <load_address>0x10ab</load_address>
         <run_address>0x10ab</run_address>
         <size>0x60</size>
         <input_file_ref idref="fl-e"/>
      </object_component>
      <object_component id="oc-1f8">
         <name>.debug_abbrev</name>
         <load_address>0x110b</load_address>
         <run_address>0x110b</run_address>
         <size>0x38</size>
         <input_file_ref idref="fl-e"/>
      </object_component>
      <object_component id="oc-c0">
         <name>.debug_abbrev</name>
         <load_address>0x1143</load_address>
         <run_address>0x1143</run_address>
         <size>0x5d</size>
         <input_file_ref idref="fl-c5"/>
      </object_component>
      <object_component id="oc-88">
         <name>.debug_abbrev</name>
         <load_address>0x11a0</load_address>
         <run_address>0x11a0</run_address>
         <size>0x6f</size>
         <input_file_ref idref="fl-c5"/>
      </object_component>
      <object_component id="oc-8b">
         <name>.debug_abbrev</name>
         <load_address>0x120f</load_address>
         <run_address>0x120f</run_address>
         <size>0x24</size>
         <input_file_ref idref="fl-c5"/>
      </object_component>
      <object_component id="oc-bd">
         <name>.debug_abbrev</name>
         <load_address>0x1233</load_address>
         <run_address>0x1233</run_address>
         <size>0x24</size>
         <input_file_ref idref="fl-c5"/>
      </object_component>
      <object_component id="oc-6b">
         <name>.debug_abbrev</name>
         <load_address>0x1257</load_address>
         <run_address>0x1257</run_address>
         <size>0x29</size>
         <input_file_ref idref="fl-c8"/>
      </object_component>
      <object_component id="oc-a4">
         <name>.debug_abbrev</name>
         <load_address>0x1280</load_address>
         <run_address>0x1280</run_address>
         <size>0x55</size>
         <input_file_ref idref="fl-c8"/>
      </object_component>
      <object_component id="oc-252">
         <name>.debug_abbrev</name>
         <load_address>0x12d5</load_address>
         <run_address>0x12d5</run_address>
         <size>0xc0</size>
         <input_file_ref idref="fl-cb"/>
      </object_component>
      <object_component id="oc-1da">
         <name>.debug_abbrev</name>
         <load_address>0x1395</load_address>
         <run_address>0x1395</run_address>
         <size>0x7e</size>
         <input_file_ref idref="fl-cb"/>
      </object_component>
      <object_component id="oc-256">
         <name>.debug_abbrev</name>
         <load_address>0x1413</load_address>
         <run_address>0x1413</run_address>
         <size>0x24</size>
         <input_file_ref idref="fl-cb"/>
      </object_component>
      <object_component id="oc-278">
         <name>.debug_abbrev</name>
         <load_address>0x1437</load_address>
[...]
            <object_component_ref idref="oc-c6"/>
            <object_component_ref idref="oc-121"/>
            <object_component_ref idref="oc-49"/>
            <object_component_ref idref="oc-5b"/>
            <object_component_ref idref="oc-e5"/>
            <object_component_ref idref="oc-97"/>
            <object_component_ref idref="oc-d9"/>
            <object_component_ref idref="oc-cc"/>
            <object_component_ref idref="oc-16e"/>
            <object_component_ref idref="oc-22b"/>
            <object_component_ref idref="oc-168"/>
            <object_component_ref idref="oc-186"/>
            <object_component_ref idref="oc-174"/>
            <object_component_ref idref="oc-18c"/>
            <object_component_ref idref="oc-17a"/>
            <object_component_ref idref="oc-180"/>
            <object_component_ref idref="oc-127"/>
            <object_component_ref idref="oc-20b"/>
         </contents>
      </logical_group>
      <logical_group id="lg-29f" display="never" color="cyan">
         <name>.debug_pubnames</name>
         <load_address>0x0</load_address>
         <run_address>0x0</run_address>
         <size>0x888</size>
         <contents>
            <object_component_ref idref="oc-b3"/>
            <object_component_ref idref="oc-9e"/>
            <object_component_ref idref="oc-14"/>
            <object_component_ref idref="oc-2a"/>
            <object_component_ref idref="oc-1c9"/>
            <object_component_ref idref="oc-d3"/>
            <object_component_ref idref="oc-221"/>
            <object_component_ref idref="oc-133"/>
            <object_component_ref idref="oc-218"/>
            <object_component_ref idref="oc-212"/>
            <object_component_ref idref="oc-1a6"/>
            <object_component_ref idref="oc-145"/>
            <object_component_ref idref="oc-14b"/>
            <object_component_ref idref="oc-12d"/>
            <object_component_ref idref="oc-15d"/>
            <object_component_ref idref="oc-139"/>
            <object_component_ref idref="oc-13f"/>
            <object_component_ref idref="oc-1b8"/>
            <object_component_ref idref="oc-1be"/>
            <object_component_ref idref="oc-1b2"/>
            <object_component_ref idref="oc-1c4"/>
            <object_component_ref idref="oc-1ac"/>
            <object_component_ref idref="oc-207"/>
            <object_component_ref idref="oc-163"/>
            <object_component_ref idref="oc-157"/>
            <object_component_ref idref="oc-151"/>
            <object_component_ref idref="oc-19a"/>
            <object_component_ref idref="oc-1a0"/>
            <object_component_ref idref="oc-c7"/>
            <object_component_ref idref="oc-122"/>
            <object_component_ref idref="oc-4a"/>
            <object_component_ref idref="oc-26"/>
            <object_component_ref idref="oc-5c"/>
            <object_component_ref idref="oc-e6"/>
            <object_component_ref idref="oc-98"/>
            <object_component_ref idref="oc-da"/>
            <object_component_ref idref="oc-cd"/>
            <object_component_ref idref="oc-16f"/>
            <object_component_ref idref="oc-22c"/>
            <object_component_ref idref="oc-169"/>
            <object_component_ref idref="oc-187"/>
            <object_component_ref idref="oc-175"/>
            <object_component_ref idref="oc-18d"/>
            <object_component_ref idref="oc-17b"/>
            <object_component_ref idref="oc-181"/>
            <object_component_ref idref="oc-128"/>
            <object_component_ref idref="oc-20c"/>
         </contents>
      </logical_group>
      <logical_group id="lg-2a1" display="never" color="cyan">
         <name>.debug_pubtypes</name>
         <load_address>0x0</load_address>
         <run_address>0x0</run_address>
         <size>0x10be</size>
         <contents>
            <object_component_ref idref="oc-71"/>
            <object_component_ref idref="oc-37"/>
            <object_component_ref idref="oc-ae"/>
            <object_component_ref idref="oc-76"/>
            <object_component_ref idref="oc-192"/>
            <object_component_ref idref="oc-201"/>
            <object_component_ref idref="oc-1f1"/>
            <object_component_ref idref="oc-1fc"/>
            <object_component_ref idref="oc-11a"/>
            <object_component_ref idref="oc-8a"/>
            <object_component_ref idref="oc-bc"/>
            <object_component_ref idref="oc-255"/>
            <object_component_ref idref="oc-277"/>
            <object_component_ref idref="oc-25a"/>
            <object_component_ref idref="oc-25f"/>
         </contents>
      </logical_group>
      <logical_group id="lg-2ae" display="no" color="cyan">
         <name>Veneer$$CMSE</name>
         <run_address>0x0</run_address>
         <size>0x0</size>
         <contents>
         </contents>
      </logical_group>
      <load_segment id="lg-2b4" display="no" color="cyan">
         <name>SEGMENT_0</name>
         <load_address>0x0</load_address>
         <run_address>0x0</run_address>
         <size>0x1134</size>
         <flags>0x5</flags>
         <contents>
            <logical_group_ref idref="lg-3"/>
            <logical_group_ref idref="lg-4"/>
            <logical_group_ref idref="lg-5"/>
            <logical_group_ref idref="lg-6"/>
         </contents>
      </load_segment>
      <load_segment id="lg-2b5" display="no" color="cyan">
         <name>SEGMENT_1</name>
         <run_address>0x20000000</run_address>
         <size>0x218</size>
         <flags>0x6</flags>
         <contents>
            <logical_group_ref idref="lg-d"/>
            <logical_group_ref idref="lg-b"/>
         </contents>
      </load_segment>
   </logical_group_list>
   <placement_map>
      <memory_area display="yes" color="green">
         <name>FLASH</name>
         <page_id>0x0</page_id>
         <origin>0x0</origin>
         <length>0x40000</length>
         <used_space>0x1132</used_space>
         <unused_space>0x3eece</unused_space>
         <attributes>RX</attributes>
         <usage_details>
            <allocated_space>
               <start_address>0x0</start_address>
               <size>0x26c</size>
               <logical_group_ref idref="lg-3"/>
            </allocated_space>
            <allocated_space>
               <start_address>0x26c</start_address>
               <size>0xdb6</size>
               <logical_group_ref idref="lg-4"/>
            </allocated_space>
            <available_space>
               <start_address>0x1022</start_address>
               <size>0x2</size>
            </available_space>
            <allocated_space>
               <start_address>0x1024</start_address>
               <size>0xfc</size>
               <logical_group_ref idref="lg-5"/>
            </allocated_space>
            <allocated_space>
               <start_address>0x1120</start_address>
               <size>0x14</size>
               <logical_group_ref idref="lg-6"/>
            </allocated_space>
            <available_space>
               <start_address>0x1134</start_address>
               <size>0x3eecc</size>
            </available_space>
         </usage_details>
      </memory_area>
      <memory_area display="yes" color="green">
         <name>SRAM</name>
         <page_id>0x0</page_id>
         <origin>0x20000000</origin>
         <length>0x8000</length>
         <used_space>0x218</used_space>
         <unused_space>0x7de8</unused_space>
         <attributes>RWX</attributes>
         <usage_details>
            <allocated_space>
               <start_address>0x20000000</start_address>
               <size>0x0</size>
               <logical_group_ref idref="lg-284"/>
            </allocated_space>
            <allocated_space>
               <start_address>0x20000000</start_address>
               <size>0x200</size>
               <logical_group_ref idref="lg-d"/>
            </allocated_space>
            <allocated_space>
               <start_address>0x20000200</start_address>
               <size>0x18</size>
               <logical_group_ref idref="lg-b"/>
            </allocated_space>
            <available_space>
               <start_address>0x20000218</start_address>
               <size>0x7de8</size>
            </available_space>
         </usage_details>
      </memory_area>
   </placement_map>
   <cptbl_list>
      <cptbl>
         <name>__TI_cinit_table</name>
         <cprec>
            <name>.bss</name>
            <load_address>0x1120</load_address>
            <load_size>0x8</load_size>
            <run_address>0x20000200</run_address>
            <run_size>0x18</run_size>
            <compression>zero_init</compression>
         </cprec>
      </cptbl>
   </cptbl_list>
   <handler_table>
      <handler_table_name>__TI_handler_table</handler_table_name>
      <handler>
         <index>0x0</index>
         <name>__TI_zero_init</name>
      </handler>
   </handler_table>
   <symbol_table>
      <symbol id="sm-1">
         <name>__STACK_TOP</name>
         <value>0x20000200</value>
      </symbol>
      <symbol id="sm-2">
         <name>__start___llvm_prf_cnts</name>
         <value>0x20000000</value>
      </symbol>
      <symbol id="sm-3">
         <name>__stop___llvm_prf_cnts</name>
         <value>0x20000000</value>
      </symbol>
      <symbol id="sm-4">
         <name>__TI_CINIT_Base</name>
         <value>0x112c</value>
      </symbol>
      <symbol id="sm-5">
         <name>__TI_CINIT_Limit</name>
         <value>0x1134</value>
      </symbol>
      <symbol id="sm-6">
         <name>__TI_Handler_Table_Base</name>
         <value>0x1128</value>
      </symbol>
      <symbol id="sm-7">
         <name>__TI_Handler_Table_Limit</name>
         <value>0x112c</value>
      </symbol>
      <symbol id="sm-8">
         <name>binit</name>
         <value>0xffffffff</value>
      </symbol>
      <symbol id="sm-9">
         <name>__binit__</name>
         <value>0xffffffff</value>
      </symbol>
      <symbol id="sm-a">
         <name>__STACK_SIZE</name>
         <value>0x200</value>
      </symbol>
      <symbol id="sm-b">
         <name>__STACK_END</name>
         <value>0x20000200</value>
      </symbol>
      <symbol id="sm-c">
         <name>__c_args__</name>
         <value>0xffffffff</value>
      </symbol>
      <symbol id="sm-d">
         <name>__TI_pprof_out_hndl</name>
         <value>0xffffffff</value>
      </symbol>
      <symbol id="sm-e">
         <name>__TI_prof_data_start</name>
         <value>0xffffffff</value>
      </symbol>
      <symbol id="sm-f">
         <name>__TI_prof_data_size</name>
         <value>0xffffffff</value>
      </symbol>
      <symbol id="sm-4b">
         <name>ui32Load</name>
         <value>0x20000200</value>
      </symbol>
      <symbol id="sm-4c">
         <name>ui32PWMClock</name>
         <value>0x20000204</value>
      </symbol>
      <symbol id="sm-4d">
         <name>ui8Adjust1</name>
         <value>0x20000208</value>
      </symbol>
      <symbol id="sm-4e">
         <name>ui8Adjust2</name>
         <value>0x2000020c</value>
      </symbol>
      <symbol id="sm-4f">
         <name>ui8Adjust3</name>
         <value>0x20000210</value>
      </symbol>
      <symbol id="sm-50">
         <name>ui8Adjust4</name>
         <value>0x20000214</value>
      </symbol>
      <symbol id="sm-51">
         <name>main</name>
         <value>0xed5</value>
         <object_component_ref idref="oc-9b"/>
      </symbol>
      <symbol id="sm-6d">
         <name>ResetISR</name>
         <value>0xfd7</value>
         <object_component_ref idref="oc-27"/>
      </symbol>
      <symbol id="sm-6e">
         <name>g_pfnVectors</name>
         <value>0x0</value>
         <object_component_ref idref="oc-12"/>
      </symbol>
      <symbol id="sm-9e">
         <name>wheel_setSpeed</name>
         <value>0x6f3</value>
         <object_component_ref idref="oc-d0"/>
      </symbol>
      <symbol id="sm-9f">
         <name>wheels_init</name>
         <value>0x595</value>
         <object_component_ref idref="oc-d0"/>
      </symbol>
      <symbol id="sm-11d">
         <name>GPIOPinTypePWM</name>
         <value>0xf67</value>
         <object_component_ref idref="oc-1a3"/>
      </symbol>
      <symbol id="sm-11e">
         <name>GPIOPinConfigure</name>
         <value>0xcd1</value>
         <object_component_ref idref="oc-13c"/>
      </symbol>
      <symbol id="sm-11f">
         <name>GPIOPinTypeI2CSCL</name>
         <value>0xf51</value>
         <object_component_ref idref="oc-142"/>
      </symbol>
      <symbol id="sm-120">
         <name>GPIOPinTypeI2C</name>
         <value>0xf3b</value>
         <object_component_ref idref="oc-148"/>
      </symbol>
      <symbol id="sm-121">
         <name>GPIOPinTypeGPIOInput</name>
         <value>0xf25</value>
         <object_component_ref idref="oc-15a"/>
      </symbol>
      <symbol id="sm-122">
         <name>GPIOPinTypeGPIOOutput</name>
         <value>0xef1</value>
         <object_component_ref idref="oc-12a"/>
      </symbol>
      <symbol id="sm-123">
         <name>GPIOPinRead</name>
         <value>0xffd</value>
         <object_component_ref idref="oc-136"/>
      </symbol>
      <symbol id="sm-124">
         <name>GPIODirModeSet</name>
         <value>0xe4d</value>
         <object_component_ref idref="oc-215"/>
      </symbol>
      <symbol id="sm-125">
         <name>GPIOPinWrite</name>
         <value>0x1003</value>
         <object_component_ref idref="oc-130"/>
      </symbol>
      <symbol id="sm-126">
         <name>GPIOPadConfigSet</name>
         <value>0x871</value>
         <object_component_ref idref="oc-20f"/>
      </symbol>
      <symbol id="sm-154">
         <name>PWMGenPeriodSet</name>
         <value>0xfbb</value>
         <object_component_ref idref="oc-1af"/>
      </symbol>
      <symbol id="sm-155">
         <name>PWMPulseWidthSet</name>
         <value>0xe9b</value>
         <object_component_ref idref="oc-1b5"/>
      </symbol>
      <symbol id="sm-156">
         <name>PWMOutputState</name>
         <value>0xfa9</value>
         <object_component_ref idref="oc-1bb"/>
      </symbol>
      <symbol id="sm-157">
         <name>PWMGenEnable</name>
         <value>0xfcb</value>
         <object_component_ref idref="oc-1c1"/>
      </symbol>
      <symbol id="sm-158">
         <name>PWMGenConfigure</name>
         <value>0xe79</value>
         <object_component_ref idref="oc-1a9"/>
      </symbol>
      <symbol id="sm-1d6">
         <name>SysCtlClockSet</name>
         <value>0xaf5</value>
         <object_component_ref idref="oc-c4"/>
      </symbol>
      <symbol id="sm-1d7">
         <name>SysCtlPWMClockGet</name>
         <value>0xf0d</value>
         <object_component_ref idref="oc-19d"/>
      </symbol>
      <symbol id="sm-1d8">
         <name>SysCtlDelay</name>
         <value>0x1009</value>
         <object_component_ref idref="oc-117"/>
      </symbol>
      <symbol id="sm-1d9">
         <name>SysCtlPeripheralEnable</name>
         <value>0xde5</value>
         <object_component_ref idref="oc-14e"/>
      </symbol>
      <symbol id="sm-1da">
         <name>SysCtlClockGet</name>
         <value>0x9dd</value>
         <object_component_ref idref="oc-11f"/>
      </symbol>
      <symbol id="sm-1db">
         <name>SysCtlPWMClockSet</name>
         <value>0xf95</value>
         <object_component_ref idref="oc-197"/>
      </symbol>
      <symbol id="sm-1dc">
         <name>SysCtlPeripheralReady</name>
         <value>0xdad</value>
         <object_component_ref idref="oc-154"/>
      </symbol>
      <symbol id="sm-1dd">
         <name>SysCtlPeripheralReset</name>
         <value>0xc81</value>
         <object_component_ref idref="oc-160"/>
      </symbol>
      <symbol id="sm-1f7">
         <name>__TI_zero_init_nomemset</name>
         <value>0xeb9</value>
         <object_component_ref idref="oc-47"/>
      </symbol>
      <symbol id="sm-20c">
         <name>__stack</name>
         <value>0x20000000</value>
         <object_component_ref idref="oc-24"/>
      </symbol>
      <symbol id="sm-20d">
         <name>_c_int00_noargs</name>
         <value>0xe19</value>
         <object_component_ref idref="oc-59"/>
      </symbol>
      <symbol id="sm-237">
         <name>__TI_auto_init_nobinit_nopinit</name>
         <value>0xd69</value>
         <object_component_ref idref="oc-e3"/>
      </symbol>
      <symbol id="sm-241">
         <name>_system_pre_init</name>
         <value>0x101b</value>
         <object_component_ref idref="oc-95"/>
      </symbol>
      <symbol id="sm-24d">
         <name>C$$EXIT</name>
         <value>0x101f</value>
         <object_component_ref idref="oc-d7"/>
      </symbol>
      <symbol id="sm-24e">
         <name>abort</name>
         <value>0x101f</value>
         <object_component_ref idref="oc-d7"/>
      </symbol>
      <symbol id="sm-27d">
         <name>recover_i2c_bus</name>
         <value>0x2b5</value>
         <object_component_ref idref="oc-ca"/>
      </symbol>
      <symbol id="sm-27e">
         <name>delay_us</name>
         <value>0x28d</value>
         <object_component_ref idref="oc-ca"/>
      </symbol>
      <symbol id="sm-27f">
         <name>mpu9250_readBytes</name>
         <value>0x3cb</value>
         <object_component_ref idref="oc-ca"/>
      </symbol>
      <symbol id="sm-280">
         <name>mpu9250_init</name>
         <value>0x36f</value>
         <object_component_ref idref="oc-ca"/>
      </symbol>
      <symbol id="sm-281">
         <name>delay_ms</name>
         <value>0x26d</value>
         <object_component_ref idref="oc-ca"/>
      </symbol>
      <symbol id="sm-282">
         <name>mpu9250_readAcceleration</name>
         <value>0x4b7</value>
         <object_component_ref idref="oc-ca"/>
      </symbol>
      <symbol id="sm-2ce">
         <name>I2CMasterDataPut</name>
         <value>0x1017</value>
         <object_component_ref idref="oc-172"/>
      </symbol>
      <symbol id="sm-2cf">
         <name>I2CMasterInitExpClk</name>
         <value>0xd1d</value>
         <object_component_ref idref="oc-166"/>
      </symbol>
      <symbol id="sm-2d0">
         <name>I2CMasterSlaveAddrSet</name>
         <value>0xff5</value>
         <object_component_ref idref="oc-16c"/>
      </symbol>
      <symbol id="sm-2d1">
         <name>I2CMasterDataGet</name>
         <value>0x1013</value>
         <object_component_ref idref="oc-18a"/>
      </symbol>
      <symbol id="sm-2d2">
         <name>I2CMasterErr</name>
         <value>0xf7d</value>
         <object_component_ref idref="oc-184"/>
      </symbol>
      <symbol id="sm-2d3">
         <name>I2CMasterControl</name>
         <value>0x100f</value>
         <object_component_ref idref="oc-178"/>
      </symbol>
      <symbol id="sm-2d4">
         <name>I2CMasterBusy</name>
         <value>0xfed</value>
         <object_component_ref idref="oc-17e"/>
      </symbol>
      <symbol id="sm-2d5">
         <name>I2CMasterEnable</name>
         <value>0xfe3</value>
         <object_component_ref idref="oc-229"/>
      </symbol>
      <symbol id="sm-2e2">
         <name>__aeabi_uldivmod</name>
         <value>0xbe9</value>
         <object_component_ref idref="oc-125"/>
      </symbol>
      <symbol id="sm-2ec">
         <name>__aeabi_idiv0</name>
         <value>0xc7f</value>
         <object_component_ref idref="oc-209"/>
      </symbol>
      <symbol id="sm-2ed">
         <name>__aeabi_ldiv0</name>
         <value>0xc7f</value>
         <object_component_ref idref="oc-209"/>
      </symbol>
      <symbol id="sm-2ee">
         <name>__TI_static_base__</name>
         <value>0x0</value>
      </symbol>
      <symbol id="sm-2f0">
         <name>__mpu_init</name>
         <value>0x0</value>
      </symbol>
      <symbol id="sm-2f1">
         <name>_system_post_cinit</name>
         <value>0x0</value>
      </symbol>
   </symbol_table>
   <title>Link successful</title>
</link_info>
