******************************************************************************
                  TI ARM Linker Unix v20.2.7                   
******************************************************************************
>> Linked Sun Nov  2 13:58:24 2025

OUTPUT FILE NAME:   <TWSBR_CodeBase.out>
ENTRY POINT SYMBOL: "_c_int00_noargs"  address: 00000e19


MEMORY CONFIGURATION

         name            origin    length      used     unused   attr    fill
----------------------  --------  ---------  --------  --------  ----  --------
  FLASH                 00000000   00040000  00001132  0003eece  R  X
  SRAM                  20000000   00008000  00000218  00007de8  RW X


SEGMENT ALLOCATION MAP

run origin  load origin   length   init length attrs members
----------  ----------- ---------- ----------- ----- -------
00000000    00000000    00001134   00001134    r-x
  00000000    00000000    0000026c   0000026c    r-- .intvecs
  0000026c    0000026c    00000db6   00000db6    r-x .text
  00001024    00001024    000000fc   000000fc    r-- .const
  00001120    00001120    00000014   00000014    r-- .cinit
20000000    20000000    00000218   00000000    rw-
  20000000    20000000    00000200   00000000    rw- .stack
  20000200    20000200    00000018   00000000    rw- .bss


SECTION ALLOCATION MAP

 output                                  attributes/
section   page    origin      length       input sections
--------  ----  ----------  ----------   ----------------
.intvecs   0    00000000    0000026c     
                  00000000    0000026c     tm4c123gh6pm_startup_ccs.obj (.intvecs)

.text      0    0000026c    00000db6     
                  0000026c    00000328     TWSBR_MPU9250.lib : main.obj (.text)
                  00000594    000002dc     TWSBR_Wheel.lib : main.obj (.text)
                  00000870    0000016c     driverlib.lib : gpio.obj (.text:GPIOPadConfigSet)
                  000009dc    00000118                   : sysctl.obj (.text:SysCtlClockGet)
                  00000af4    000000f4                   : sysctl.obj (.text:SysCtlClockSet)
                  00000be8    00000096     rtsv7M4_T_le_v4SPD16_eabi.lib : ull_div_t2.asm.obj (.text)
                  00000c7e    00000002                                   : div0.asm.obj (.text)
                  00000c80    00000050     driverlib.lib : sysctl.obj (.text:SysCtlPeripheralReset)
                  00000cd0    0000004c                   : gpio.obj (.text:GPIOPinConfigure)
                  00000d1c    0000004c                   : i2c.obj (.text:I2CMasterInitExpClk)
                  00000d68    00000044     rtsv7M4_T_le_v4SPD16_eabi.lib : autoinit.c.obj (.text:__TI_auto_init_nobinit_nopinit:__TI_auto_init_nobinit_nopinit)
                  00000dac    00000038     driverlib.lib : sysctl.obj (.text:SysCtlPeripheralReady)
                  00000de4    00000034                   : sysctl.obj (.text:SysCtlPeripheralEnable)
                  00000e18    00000034     rtsv7M4_T_le_v4SPD16_eabi.lib : boot_cortex_m.c.obj (.text:_c_int00_noargs:_c_int00_noargs)
                  00000e4c    0000002c     driverlib.lib : gpio.obj (.text:GPIODirModeSet)
                  00000e78    00000022                   : pwm.obj (.text:PWMGenConfigure)
                  00000e9a    0000001e                   : pwm.obj (.text:PWMPulseWidthSet)
                  00000eb8    0000001c     rtsv7M4_T_le_v4SPD16_eabi.lib : copy_zero_init.c.obj (.text:decompress:ZI:__TI_zero_init_nomemset:__TI_zero_init_nomemset)
                  00000ed4    0000001c     main.obj (.text)
                  00000ef0    0000001a     driverlib.lib : gpio.obj (.text:GPIOPinTypeGPIOOutput)
                  00000f0a    00000002     --HOLE-- [fill = 0]
                  00000f0c    00000018                   : sysctl.obj (.text:SysCtlPWMClockGet)
                  00000f24    00000016                   : gpio.obj (.text:GPIOPinTypeGPIOInput)
                  00000f3a    00000016                   : gpio.obj (.text:GPIOPinTypeI2C)
                  00000f50    00000016                   : gpio.obj (.text:GPIOPinTypeI2CSCL)
                  00000f66    00000016                   : gpio.obj (.text:GPIOPinTypePWM)
                  00000f7c    00000016                   : i2c.obj (.text:I2CMasterErr)
                  00000f92    00000002     --HOLE-- [fill = 0]
                  00000f94    00000014                   : sysctl.obj (.text:SysCtlPWMClockSet)
                  00000fa8    00000012                   : pwm.obj (.text:PWMOutputState)
                  00000fba    00000010                   : pwm.obj (.text:PWMGenPeriodSet)
                  00000fca    0000000c                   : pwm.obj (.text:PWMGenEnable)
                  00000fd6    0000000c     tm4c123gh6pm_startup_ccs.obj (.text)
                  00000fe2    0000000a     driverlib.lib : i2c.obj (.text:I2CMasterEnable)
                  00000fec    00000008                   : i2c.obj (.text:I2CMasterBusy)
                  00000ff4    00000008                   : i2c.obj (.text:I2CMasterSlaveAddrSet)
                  00000ffc    00000006                   : gpio.obj (.text:GPIOPinRead)
                  00001002    00000006                   : gpio.obj (.text:GPIOPinWrite)
                  00001008    00000006                   : sysctl.obj (.text:SysCtlDelay)
                  0000100e    00000004                   : i2c.obj (.text:I2CMasterControl)
                  00001012    00000004                   : i2c.obj (.text:I2CMasterDataGet)
                  00001016    00000004                   : i2c.obj (.text:I2CMasterDataPut)
                  0000101a    00000004     rtsv7M4_T_le_v4SPD16_eabi.lib : pre_init.c.obj (.text:_system_pre_init)
                  0000101e    00000004                                   : exit.c.obj (.text:abort:abort)

.const     0    00001024    000000fc     
                  00001024    00000090     driverlib.lib : gpio.obj (.const:g_pui32GPIOBaseAddrs)
                  000010b4    0000006c                   : sysctl.obj (.const:g_pui32Xtals)

.cinit     0    00001120    00000014     
                  00001120    00000008     (.cinit..bss.load) [load image, compression = zero_init]
                  00001128    00000004     (__TI_handler_table)
                  0000112c    00000008     (__TI_cinit_table)

.init_array 
*          0    00000000    00000000     UNINITIALIZED

.bss       0    20000200    00000018     UNINITIALIZED
                  20000200    00000004     (.common:ui32Load)
                  20000204    00000004     (.common:ui32PWMClock)
                  20000208    00000004     (.common:ui8Adjust1)
                  2000020c    00000004     (.common:ui8Adjust2)
                  20000210    00000004     (.common:ui8Adjust3)
                  20000214    00000004     (.common:ui8Adjust4)

.stack     0    20000000    00000200     UNINITIALIZED
                  20000000    00000004     rtsv7M4_T_le_v4SPD16_eabi.lib : boot_cortex_m.c.obj (.stack)
                  20000004    000001fc     --HOLE--

__llvm_prf_cnts 
*          0    20000000    00000000     UNINITIALIZED

MODULE SUMMARY

       Module                         code   ro data   rw data
       ------                         ----   -------   -------
    ./
       tm4c123gh6pm_startup_ccs.obj   12     620       0      
       main.obj                       28     0         24     
    +--+------------------------------+------+---------+---------+
       Total:                         40     620       24     
                                                              
    /home/akshat/ti/TivaWare_C_Series-2.2.0.295/driverlib/ccs/Debug/driverlib.lib
       sysctl.obj                     762    108       0      
       gpio.obj                       610    144       0      
       i2c.obj                        136    0         0      
       pwm.obj                        110    0         0      
    +--+------------------------------+------+---------+---------+
       Total:                         1618   252       0      
                                                              
    /home/akshat/ti/ccs1110/ccs/tools/compiler/ti-cgt-arm_20.2.7.LTS/lib/rtsv7M4_T_le_v4SPD16_eabi.lib
       ull_div_t2.asm.obj             150    0         0      
       autoinit.c.obj                 68     0         0      
       boot_cortex_m.c.obj            52     0         0      
       copy_zero_init.c.obj           28     0         0      
       exit.c.obj                     4      0         0      
       pre_init.c.obj                 4      0         0      
       div0.asm.obj                   2      0         0      
    +--+------------------------------+------+---------+---------+
       Total:                         308    0         0      
                                                              
    /home/akshat/workspace_v12/TWSBR_MPU9250/Debug/TWSBR_MPU9250.lib
       main.obj                       808    0         0      
    +--+------------------------------+------+---------+---------+
       Total:                         808    0         0      
                                                              
    /home/akshat/workspace_v12/TWSBR_Wheel/Debug/TWSBR_Wheel.lib
       main.obj                       732    0         0      
    +--+------------------------------+------+---------+---------+
       Total:                         732    0         0      
                                                              
       Stack:                         0      0         512    
       Linker Generated:              0      20        0      
    +--+------------------------------+------+---------+---------+
       Grand Total:                   3506   892       536    


LINKER GENERATED COPY TABLES

__TI_cinit_table @ 0000112c records: 1, size/record: 8, table size: 8
	.bss: load addr=00001120, load size=00000008 bytes, run addr=20000200, run size=00000018 bytes, compression=zero_init


LINKER GENERATED HANDLER TABLE

__TI_handler_table @ 00001128 records: 1, size/record: 4, table size: 4
	index: 0, handler: __TI_zero_init


GLOBAL SYMBOLS: SORTED ALPHABETICALLY BY Name 

address   name                          
-------   ----                          
0000101f  C$$EXIT                       
00000e4d  GPIODirModeSet                
00000871  GPIOPadConfigSet              
00000cd1  GPIOPinConfigure              
00000ffd  GPIOPinRead                   
00000f25  GPIOPinTypeGPIOInput          
00000ef1  GPIOPinTypeGPIOOutput         
00000f3b  GPIOPinTypeI2C                
00000f51  GPIOPinTypeI2CSCL             
00000f67  GPIOPinTypePWM                
00001003  GPIOPinWrite                  
00000fed  I2CMasterBusy                 
0000100f  I2CMasterControl              
00001013  I2CMasterDataGet              
00001017  I2CMasterDataPut              
00000fe3  I2CMasterEnable               
00000f7d  I2CMasterErr                  
00000d1d  I2CMasterInitExpClk           
00000ff5  I2CMasterSlaveAddrSet         
00000e79  PWMGenConfigure               
00000fcb  PWMGenEnable                  
00000fbb  PWMGenPeriodSet               
00000fa9  PWMOutputState                
00000e9b  PWMPulseWidthSet              
00000fd7  ResetISR                      
000009dd  SysCtlClockGet                
00000af5  SysCtlClockSet                
00001009  SysCtlDelay                   
00000f0d  SysCtlPWMClockGet             
00000f95  SysCtlPWMClockSet             
00000de5  SysCtlPeripheralEnable        
00000dad  SysCtlPeripheralReady         
00000c81  SysCtlPeripheralReset         
20000200  __STACK_END                   
00000200  __STACK_SIZE                  
20000200  __STACK_TOP                   
0000112c  __TI_CINIT_Base               
00001134  __TI_CINIT_Limit              
00001128  __TI_Handler_Table_Base       
0000112c  __TI_Handler_Table_Limit      
00000d69  __TI_auto_init_nobinit_nopinit
ffffffff  __TI_pprof_out_hndl           
ffffffff  __TI_prof_data_size           
ffffffff  __TI_prof_data_start          
00000000  __TI_static_base__            
00000eb9  __TI_zero_init_nomemset       
00000c7f  __aeabi_idiv0                 
00000c7f  __aeabi_ldiv0                 
00000be9  __aeabi_uldivmod              
ffffffff  __binit__                     
ffffffff  __c_args__                    
UNDEFED   __mpu_init                    
20000000  __stack                       
20000000  __start___llvm_prf_cnts       
20000000  __stop___llvm_prf_cnts        
00000e19  _c_int00_noargs               
UNDEFED   _system_post_cinit            
0000101b  _system_pre_init              
0000101f  abort                         
ffffffff  binit                         
0000026d  delay_ms                      
0000028d  delay_us                      
00000000  g_pfnVectors                  
00000ed5  main                          
0000036f  mpu9250_init                  
000004b7  mpu9250_readAcceleration      
000003cb  mpu9250_readBytes             
000002b5  recover_i2c_bus               
20000200  ui32Load                      
20000204  ui32PWMClock                  
20000208  ui8Adjust1                    
2000020c  ui8Adjust2                    
20000210  ui8Adjust3                    
20000214  ui8Adjust4                    
000006f3  wheel_setSpeed                
00000595  wheels_init                   


GLOBAL SYMBOLS: SORTED BY Symbol Address 

address   name                          
-------   ----                          
00000000  __TI_static_base__            
00000000  g_pfnVectors                  
00000200  __STACK_SIZE                  
0000026d  delay_ms                      
0000028d  delay_us                      
000002b5  recover_i2c_bus               
0000036f  mpu9250_init                  
000003cb  mpu9250_readBytes             
000004b7  mpu9250_readAcceleration      
00000595  wheels_init                   
000006f3  wheel_setSpeed                
00000871  GPIOPadConfigSet              
000009dd  SysCtlClockGet                
00000af5  SysCtlClockSet                
00000be9  __aeabi_uldivmod              
00000c7f  __aeabi_idiv0                 
00000c7f  __aeabi_ldiv0                 
00000c81  SysCtlPeripheralReset         
00000cd1  GPIOPinConfigure              
00000d1d  I2CMasterInitExpClk           
00000d69  __TI_auto_init_nobinit_nopinit
00000dad  SysCtlPeripheralReady         
00000de5  SysCtlPeripheralEnable        
00000e19  _c_int00_noargs               
00000e4d  GPIODirModeSet                
00000e79  PWMGenConfigure               
00000e9b  PWMPulseWidthSet              
00000eb9  __TI_zero_init_nomemset       
00000ed5  main                          
00000ef1  GPIOPinTypeGPIOOutput         
00000f0d  SysCtlPWMClockGet             
00000f25  GPIOPinTypeGPIOInput          
00000f3b  GPIOPinTypeI2C                
00000f51  GPIOPinTypeI2CSCL             
00000f67  GPIOPinTypePWM                
00000f7d  I2CMasterErr                  
00000f95  SysCtlPWMClockSet             
00000fa9  PWMOutputState                
00000fbb  PWMGenPeriodSet               
00000fcb  PWMGenEnable                  
00000fd7  ResetISR                      
00000fe3  I2CMasterEnable               
00000fed  I2CMasterBusy                 
00000ff5  I2CMasterSlaveAddrSet         
00000ffd  GPIOPinRead                   
00001003  GPIOPinWrite                  
00001009  SysCtlDelay                   
0000100f  I2CMasterControl              
00001013  I2CMasterDataGet              
00001017  I2CMasterDataPut              
0000101b  _system_pre_init              
0000101f  C$$EXIT                       
0000101f  abort                         
00001128  __TI_Handler_Table_Base       
0000112c  __TI_CINIT_Base               
0000112c  __TI_Handler_Table_Limit      
00001134  __TI_CINIT_Limit              
20000000  __stack                       
20000000  __start___llvm_prf_cnts       
20000000  __stop___llvm_prf_cnts        
20000200  __STACK_END                   
20000200  __STACK_TOP                   
20000200  ui32Load                      
20000204  ui32PWMClock                  
20000208  ui8Adjust1                    
2000020c  ui8Adjust2                    
20000210  ui8Adjust3                    
20000214  ui8Adjust4                    
ffffffff  __TI_pprof_out_hndl           
ffffffff  __TI_prof_data_size           
ffffffff  __TI_prof_data_start          
ffffffff  __binit__                     
ffffffff  __c_args__                    
ffffffff  binit                         
UNDEFED   __mpu_init                    
UNDEFED   _system_post_cinit            

[76 symbols]
