<?xml version="1.0" encoding="ISO-8859-1" ?>
<link_info>
   <banner>TI ARM Linker Unix v20.2.7.LTS</banner>
   <copyright>Copyright (c) 1996-2018 Texas Instruments Incorporated</copyright>
   <link_time>0x691b8907</link_time>
   <link_errors>0x0</link_errors>
   <output_file>TWSBR_test_bench.out</output_file>
   <entry_point>
      <name>_c_int00_noargs</name>
      <address>0x1a79</address>
   </entry_point>
   <input_file_list>
      <input_file id="fl-1">
         <path>./</path>
         <kind>object</kind>
         <file>main.obj</file>
         <name>main.obj</name>
      </input_file>
      <input_file id="fl-2">
         <path>./</path>
         <kind>object</kind>
         <file>tm4c123gh6pm_startup_ccs.obj</file>
         <name>tm4c123gh6pm_startup_ccs.obj</name>
      </input_file>
      <input_file id="fl-7">
         <kind>object</kind>
         <file>&lt;internal&gt;</file>
         <name>&lt;internal&gt;</name>
      </input_file>
      <input_file id="fl-bd">
         <path>/home/akshat/ti/ccs1110/ccs/tools/compiler/ti-cgt-arm_20.2.7.LTS/lib/</path>
         <kind>archive</kind>
         <file>rtsv7M4_T_le_v4SPD16_eabi.lib</file>
         <name>ull_div_t2.asm.obj</name>
      </input_file>
      <input_file id="fl-be">
         <path>/home/akshat/ti/ccs1110/ccs/tools/compiler/ti-cgt-arm_20.2.7.LTS/lib/</path>
         <kind>archive</kind>
         <file>rtsv7M4_T_le_v4SPD16_eabi.lib</file>
         <name>copy_zero_init.c.obj</name>
      </input_file>
      <input_file id="fl-bf">
         <path>/home/akshat/ti/ccs1110/ccs/tools/compiler/ti-cgt-arm_20.2.7.LTS/lib/</path>
         <kind>archive</kind>
         <file>rtsv7M4_T_le_v4SPD16_eabi.lib</file>
         <name>copy_decompress_none.c.obj</name>
      </input_file>
      <input_file id="fl-c0">
         <path>/home/akshat/ti/ccs1110/ccs/tools/compiler/ti-cgt-arm_20.2.7.LTS/lib/</path>
         <kind>archive</kind>
         <file>rtsv7M4_T_le_v4SPD16_eabi.lib</file>
         <name>copy_decompress_lzss.c.obj</name>
      </input_file>
      <input_file id="fl-c1">
         <path>/home/akshat/ti/ccs1110/ccs/tools/compiler/ti-cgt-arm_20.2.7.LTS/lib/</path>
         <kind>archive</kind>
         <file>rtsv7M4_T_le_v4SPD16_eabi.lib</file>
         <name>atoi.c.obj</name>
      </input_file>
      <input_file id="fl-c2">
         <path>/home/akshat/ti/ccs1110/ccs/tools/compiler/ti-cgt-arm_20.2.7.LTS/lib/</path>
         <kind>archive</kind>
         <file>rtsv7M4_T_le_v4SPD16_eabi.lib</file>
         <name>ctype.c.obj</name>
      </input_file>
      <input_file id="fl-c3">
         <path>/home/akshat/ti/ccs1110/ccs/tools/compiler/ti-cgt-arm_20.2.7.LTS/lib/</path>
         <kind>archive</kind>
         <file>rtsv7M4_T_le_v4SPD16_eabi.lib</file>
         <name>strchr.c.obj</name>
      </input_file>
      <input_file id="fl-c4">
         <path>/home/akshat/ti/ccs1110/ccs/tools/compiler/ti-cgt-arm_20.2.7.LTS/lib/</path>
         <kind>archive</kind>
         <file>rtsv7M4_T_le_v4SPD16_eabi.lib</file>
         <name>strncpy.c.obj</name>
      </input_file>
      <input_file id="fl-c5">
         <path>/home/akshat/ti/ccs1110/ccs/tools/compiler/ti-cgt-arm_20.2.7.LTS/lib/</path>
         <kind>archive</kind>
         <file>rtsv7M4_T_le_v4SPD16_eabi.lib</file>
         <name>strstr.c.obj</name>
      </input_file>
      <input_file id="fl-c6">
         <path>/home/akshat/ti/ccs1110/ccs/tools/compiler/ti-cgt-arm_20.2.7.LTS/lib/</path>
         <kind>archive</kind>
         <file>rtsv7M4_T_le_v4SPD16_eabi.lib</file>
         <name>boot_cortex_m.c.obj</name>
      </input_file>
      <input_file id="fl-c7">
         <path>/home/akshat/ti/ccs1110/ccs/tools/compiler/ti-cgt-arm_20.2.7.LTS/lib/</path>
         <kind>archive</kind>
         <file>rtsv7M4_T_le_v4SPD16_eabi.lib</file>
         <name>div0.asm.obj</name>
      </input_file>
      <input_file id="fl-c8">
         <path>/home/akshat/ti/ccs1110/ccs/tools/compiler/ti-cgt-arm_20.2.7.LTS/lib/</path>
         <kind>archive</kind>
         <file>rtsv7M4_T_le_v4SPD16_eabi.lib</file>
         <name>memcpy_t2.asm.obj</name>
      </input_file>
      <input_file id="fl-c9">
         <path>/home/akshat/ti/ccs1110/ccs/tools/compiler/ti-cgt-arm_20.2.7.LTS/lib/</path>
         <kind>archive</kind>
         <file>rtsv7M4_T_le_v4SPD16_eabi.lib</file>
         <name>memset_t2.asm.obj</name>
      </input_file>
      <input_file id="fl-ca">
         <path>/home/akshat/ti/ccs1110/ccs/tools/compiler/ti-cgt-arm_20.2.7.LTS/lib/</path>
         <kind>archive</kind>
         <file>rtsv7M4_T_le_v4SPD16_eabi.lib</file>
         <name>autoinit.c.obj</name>
      </input_file>
      <input_file id="fl-cb">
         <path>/home/akshat/ti/ccs1110/ccs/tools/compiler/ti-cgt-arm_20.2.7.LTS/lib/</path>
         <kind>archive</kind>
         <file>rtsv7M4_T_le_v4SPD16_eabi.lib</file>
         <name>pre_init.c.obj</name>
      </input_file>
      <input_file id="fl-cc">
         <path>/home/akshat/ti/ccs1110/ccs/tools/compiler/ti-cgt-arm_20.2.7.LTS/lib/</path>
         <kind>archive</kind>
         <file>rtsv7M4_T_le_v4SPD16_eabi.lib</file>
         <name>cpy_tbl.c.obj</name>
      </input_file>
      <input_file id="fl-cd">
         <path>/home/akshat/ti/ccs1110/ccs/tools/compiler/ti-cgt-arm_20.2.7.LTS/lib/</path>
         <kind>archive</kind>
         <file>rtsv7M4_T_le_v4SPD16_eabi.lib</file>
         <name>exit.c.obj</name>
      </input_file>
      <input_file id="fl-ce">
         <path>/home/akshat/ti/ccs1110/ccs/tools/compiler/ti-cgt-arm_20.2.7.LTS/lib/</path>
         <kind>archive</kind>
         <file>rtsv7M4_T_le_v4SPD16_eabi.lib</file>
         <name>_lock.c.obj</name>
      </input_file>
      <input_file id="fl-cf">
         <path>/home/akshat/ti/ccs1110/ccs/tools/compiler/ti-cgt-arm_20.2.7.LTS/lib/</path>
         <kind>archive</kind>
         <file>rtsv7M4_T_le_v4SPD16_eabi.lib</file>
         <name>args_main.c.obj</name>
      </input_file>
      <input_file id="fl-d0">
         <path>/home/akshat/ti/TivaWare_C_Series-2.2.0.295/driverlib/ccs/Debug/</path>
         <kind>archive</kind>
         <file>driverlib.lib</file>
         <name>gpio.obj</name>
      </input_file>
      <input_file id="fl-d1">
         <path>/home/akshat/ti/TivaWare_C_Series-2.2.0.295/driverlib/ccs/Debug/</path>
         <kind>archive</kind>
         <file>driverlib.lib</file>
         <name>i2c.obj</name>
      </input_file>
      <input_file id="fl-d2">
         <path>/home/akshat/ti/TivaWare_C_Series-2.2.0.295/driverlib/ccs/Debug/</path>
         <kind>archive</kind>
         <file>driverlib.lib</file>
         <name>interrupt.obj</name>
      </input_file>
      <input_file id="fl-d3">
         <path>/home/akshat/ti/TivaWare_C_Series-2.2.0.295/driverlib/ccs/Debug/</path>
         <kind>archive</kind>
         <file>driverlib.lib</file>
         <name>pwm.obj</name>
      </input_file>
      <input_file id="fl-d4">
         <path>/home/akshat/ti/TivaWare_C_Series-2.2.0.295/driverlib/ccs/Debug/</path>
         <kind>archive</kind>
         <file>driverlib.lib</file>
         <name>qei.obj</name>
      </input_file>
      <input_file id="fl-d5">
         <path>/home/akshat/ti/TivaWare_C_Series-2.2.0.295/driverlib/ccs/Debug/</path>
         <kind>archive</kind>
         <file>driverlib.lib</file>
         <name>sysctl.obj</name>
      </input_file>
      <input_file id="fl-d6">
         <path>/home/akshat/ti/TivaWare_C_Series-2.2.0.295/driverlib/ccs/Debug/</path>
         <kind>archive</kind>
         <file>driverlib.lib</file>
         <name>timer.obj</name>
      </input_file>
      <input_file id="fl-d7">
         <path>/home/akshat/ti/TivaWare_C_Series-2.2.0.295/driverlib/ccs/Debug/</path>
         <kind>archive</kind>
         <file>driverlib.lib</file>
         <name>uart.obj</name>
      </input_file>
      <input_file id="fl-d8">
         <path>/home/akshat/ti/TivaWare_C_Series-2.2.0.295/driverlib/ccs/Debug/</path>
         <kind>archive</kind>
         <file>driverlib.lib</file>
         <name>cpu.obj</name>
      </input_file>
   </input_file_list>
   <object_component_list>
      <object_component id="oc-12">
         <name>.intvecs</name>
         <load_address>0x0</load_address>
         <run_address>0x0</run_address>
         <size>0x26c</size>
         <input_file_ref idref="fl-2"/>
      </object_component>
      <object_component id="oc-9b">
         <name>.text</name>
         <load_address>0x26c</load_address>
         <run_address>0x26c</run_address>
         <size>0xf4c</size>
         <input_file_ref idref="fl-1"/>
      </object_component>
      <object_component id="oc-26e">
         <name>.text:GPIOPadConfigSet</name>
         <load_address>0x11b8</load_address>
         <run_address>0x11b8</run_address>
         <size>0x16c</size>
         <input_file_ref idref="fl-d0"/>
      </object_component>
      <object_component id="oc-c9">
         <name>.text:SysCtlClockGet</name>
         <load_address>0x1324</load_address>
         <run_address>0x1324</run_address>
         <size>0x118</size>
         <input_file_ref idref="fl-d5"/>
      </object_component>
      <object_component id="oc-20d">
         <name>.text:SysCtlClockSet</name>
         <load_address>0x143c</load_address>
         <run_address>0x143c</run_address>
         <size>0xf4</size>
         <input_file_ref idref="fl-d5"/>
      </object_component>
      <object_component id="oc-3b">
         <name>.text</name>
         <load_address>0x1530</load_address>
         <run_address>0x1530</run_address>
         <size>0x9c</size>
         <input_file_ref idref="fl-c8"/>
      </object_component>
      <object_component id="oc-d0">
         <name>.text</name>
         <load_address>0x15cc</load_address>
         <run_address>0x15cc</run_address>
         <size>0x96</size>
         <input_file_ref idref="fl-bd"/>
      </object_component>
      <object_component id="oc-268">
         <name>.text</name>
         <load_address>0x1662</load_address>
         <run_address>0x1662</run_address>
         <size>0x2</size>
         <input_file_ref idref="fl-c7"/>
      </object_component>
      <object_component id="oc-2c3">
         <name>.text:IntEnable</name>
         <load_address>0x1664</load_address>
         <run_address>0x1664</run_address>
         <size>0x68</size>
         <input_file_ref idref="fl-d2"/>
      </object_component>
      <object_component id="oc-15">
         <name>.text:decompress:lzss:__TI_decompress_lzss</name>
         <load_address>0x16cc</load_address>
         <run_address>0x16cc</run_address>
         <size>0x68</size>
         <input_file_ref idref="fl-c0"/>
      </object_component>
      <object_component id="oc-1b5">
         <name>.text:TimerConfigure</name>
         <load_address>0x1734</load_address>
         <run_address>0x1734</run_address>
         <size>0x60</size>
         <input_file_ref idref="fl-d6"/>
      </object_component>
      <object_component id="oc-10b">
         <name>.text:SysCtlPeripheralReset</name>
         <load_address>0x1794</load_address>
         <run_address>0x1794</run_address>
         <size>0x50</size>
         <input_file_ref idref="fl-d5"/>
      </object_component>
      <object_component id="oc-e7">
         <name>.text:GPIOPinConfigure</name>
         <load_address>0x17e4</load_address>
         <run_address>0x17e4</run_address>
         <size>0x4c</size>
         <input_file_ref idref="fl-d0"/>
      </object_component>
      <object_component id="oc-111">
         <name>.text:I2CMasterInitExpClk</name>
         <load_address>0x1830</load_address>
         <run_address>0x1830</run_address>
         <size>0x4c</size>
         <input_file_ref idref="fl-d1"/>
      </object_component>
      <object_component id="oc-2b7">
         <name>.text:_TimerIntNumberGet</name>
         <load_address>0x187c</load_address>
         <run_address>0x187c</run_address>
         <size>0x4c</size>
         <input_file_ref idref="fl-d6"/>
      </object_component>
      <object_component id="oc-1ef">
         <name>.text:atoi</name>
         <load_address>0x18c8</load_address>
         <run_address>0x18c8</run_address>
         <size>0x4c</size>
         <input_file_ref idref="fl-c1"/>
      </object_component>
      <object_component id="oc-19d">
         <name>.text:UARTConfigSetExpClk</name>
         <load_address>0x1914</load_address>
         <run_address>0x1914</run_address>
         <size>0x46</size>
         <input_file_ref idref="fl-d7"/>
      </object_component>
      <object_component id="oc-226">
         <name>.text:__TI_auto_init_nobinit_nopinit:__TI_auto_init_nobinit_nopinit</name>
         <load_address>0x195c</load_address>
         <run_address>0x195c</run_address>
         <size>0x44</size>
         <input_file_ref idref="fl-ca"/>
      </object_component>
      <object_component id="oc-ff">
         <name>.text:SysCtlPeripheralReady</name>
         <load_address>0x19a0</load_address>
         <run_address>0x19a0</run_address>
         <size>0x38</size>
         <input_file_ref idref="fl-d5"/>
      </object_component>
      <object_component id="oc-1fe">
         <name>.text:strncpy</name>
         <load_address>0x19d8</load_address>
         <run_address>0x19d8</run_address>
         <size>0x36</size>
         <input_file_ref idref="fl-c4"/>
      </object_component>
      <object_component id="oc-2bd">
         <name>.text:IntRegister</name>
         <load_address>0x1a10</load_address>
         <run_address>0x1a10</run_address>
         <size>0x34</size>
         <input_file_ref idref="fl-d2"/>
      </object_component>
      <object_component id="oc-f9">
         <name>.text:SysCtlPeripheralEnable</name>
         <load_address>0x1a44</load_address>
         <run_address>0x1a44</run_address>
         <size>0x34</size>
         <input_file_ref idref="fl-d5"/>
      </object_component>
      <object_component id="oc-59">
         <name>.text:_c_int00_noargs:_c_int00_noargs</name>
         <load_address>0x1a78</load_address>
         <run_address>0x1a78</run_address>
         <size>0x34</size>
         <input_file_ref idref="fl-c6"/>
      </object_component>
      <object_component id="oc-1e9">
         <name>.text:strstr</name>
         <load_address>0x1aac</load_address>
         <run_address>0x1aac</run_address>
         <size>0x34</size>
         <input_file_ref idref="fl-c5"/>
      </object_component>
      <object_component id="oc-274">
         <name>.text:GPIODirModeSet</name>
         <load_address>0x1ae0</load_address>
         <run_address>0x1ae0</run_address>
         <size>0x2c</size>
         <input_file_ref idref="fl-d0"/>
      </object_component>
      <object_component id="oc-177">
         <name>.text:PWMGenConfigure</name>
         <load_address>0x1b0c</load_address>
         <run_address>0x1b0c</run_address>
         <size>0x22</size>
         <input_file_ref idref="fl-d3"/>
      </object_component>
      <object_component id="oc-2a9">
         <name>.text:UARTDisable</name>
         <load_address>0x1b30</load_address>
         <run_address>0x1b30</run_address>
         <size>0x20</size>
         <input_file_ref idref="fl-d7"/>
      </object_component>
      <object_component id="oc-183">
         <name>.text:PWMPulseWidthSet</name>
         <load_address>0x1b50</load_address>
         <run_address>0x1b50</run_address>
         <size>0x1e</size>
         <input_file_ref idref="fl-d3"/>
      </object_component>
      <object_component id="oc-47">
         <name>.text:decompress:ZI:__TI_zero_init_nomemset:__TI_zero_init_nomemset</name>
         <load_address>0x1b6e</load_address>
         <run_address>0x1b6e</run_address>
         <size>0x1c</size>
         <input_file_ref idref="fl-be"/>
      </object_component>
      <object_component id="oc-d5">
         <name>.text:GPIOPinTypeGPIOOutput</name>
         <load_address>0x1b8a</load_address>
         <run_address>0x1b8a</run_address>
         <size>0x1a</size>
         <input_file_ref idref="fl-d0"/>
      </object_component>
      <object_component id="oc-141">
         <name>.text:SysCtlPWMClockGet</name>
         <load_address>0x1ba4</load_address>
         <run_address>0x1ba4</run_address>
         <size>0x18</size>
         <input_file_ref idref="fl-d5"/>
      </object_component>
      <object_component id="oc-1df">
         <name>.text:TimerDisable</name>
         <load_address>0x1bbc</load_address>
         <run_address>0x1bbc</run_address>
         <size>0x18</size>
         <input_file_ref idref="fl-d6"/>
      </object_component>
      <object_component id="oc-1c1">
         <name>.text:TimerIntRegister</name>
         <load_address>0x1bd4</load_address>
         <run_address>0x1bd4</run_address>
         <size>0x18</size>
         <input_file_ref idref="fl-d6"/>
      </object_component>
      <object_component id="oc-105">
         <name>.text:GPIOPinTypeGPIOInput</name>
         <load_address>0x1bec</load_address>
         <run_address>0x1bec</run_address>
         <size>0x16</size>
         <input_file_ref idref="fl-d0"/>
      </object_component>
      <object_component id="oc-f3">
         <name>.text:GPIOPinTypeI2C</name>
         <load_address>0x1c02</load_address>
         <run_address>0x1c02</run_address>
         <size>0x16</size>
         <input_file_ref idref="fl-d0"/>
      </object_component>
      <object_component id="oc-ed">
         <name>.text:GPIOPinTypeI2CSCL</name>
         <load_address>0x1c18</load_address>
         <run_address>0x1c18</run_address>
         <size>0x16</size>
         <input_file_ref idref="fl-d0"/>
      </object_component>
      <object_component id="oc-147">
         <name>.text:GPIOPinTypePWM</name>
         <load_address>0x1c2e</load_address>
         <run_address>0x1c2e</run_address>
         <size>0x16</size>
         <input_file_ref idref="fl-d0"/>
      </object_component>
      <object_component id="oc-14d">
         <name>.text:GPIOPinTypeQEI</name>
         <load_address>0x1c44</load_address>
         <run_address>0x1c44</run_address>
         <size>0x16</size>
         <input_file_ref idref="fl-d0"/>
      </object_component>
      <object_component id="oc-197">
         <name>.text:GPIOPinTypeUART</name>
         <load_address>0x1c5a</load_address>
         <run_address>0x1c5a</run_address>
         <size>0x16</size>
         <input_file_ref idref="fl-d0"/>
      </object_component>
      <object_component id="oc-12f">
         <name>.text:I2CMasterErr</name>
         <load_address>0x1c70</load_address>
         <run_address>0x1c70</run_address>
         <size>0x16</size>
         <input_file_ref idref="fl-d1"/>
      </object_component>
      <object_component id="oc-1f8">
         <name>.text:strchr</name>
         <load_address>0x1c86</load_address>
         <run_address>0x1c86</run_address>
         <size>0x16</size>
         <input_file_ref idref="fl-c3"/>
      </object_component>
      <object_component id="oc-13b">
         <name>.text:SysCtlPWMClockSet</name>
         <load_address>0x1c9c</load_address>
         <run_address>0x1c9c</run_address>
         <size>0x14</size>
         <input_file_ref idref="fl-d5"/>
      </object_component>
      <object_component id="oc-1a3">
         <name>.text:UARTEnable</name>
         <load_address>0x1cb0</load_address>
         <run_address>0x1cb0</run_address>
         <size>0x14</size>
         <input_file_ref idref="fl-d7"/>
      </object_component>
      <object_component id="oc-189">
         <name>.text:PWMOutputState</name>
         <load_address>0x1cc4</load_address>
         <run_address>0x1cc4</run_address>
         <size>0x12</size>
         <input_file_ref idref="fl-d3"/>
      </object_component>
      <object_component id="oc-1bb">
         <name>.text:TimerLoadSet</name>
         <load_address>0x1cd6</load_address>
         <run_address>0x1cd6</run_address>
         <size>0x12</size>
         <input_file_ref idref="fl-d6"/>
      </object_component>
      <object_component id="oc-213">
         <name>.text:IntMasterEnable</name>
         <load_address>0x1ce8</load_address>
         <run_address>0x1ce8</run_address>
         <size>0x10</size>
         <input_file_ref idref="fl-d2"/>
      </object_component>
      <object_component id="oc-17d">
         <name>.text:PWMGenPeriodSet</name>
         <load_address>0x1cf8</load_address>
         <run_address>0x1cf8</run_address>
         <size>0x10</size>
         <input_file_ref idref="fl-d3"/>
      </object_component>
      <object_component id="oc-153">
         <name>.text:QEIConfigure</name>
         <load_address>0x1d08</load_address>
         <run_address>0x1d08</run_address>
         <size>0xe</size>
         <input_file_ref idref="fl-d4"/>
      </object_component>
      <object_component id="oc-1cd">
         <name>.text:TimerEnable</name>
         <load_address>0x1d16</load_address>
         <run_address>0x1d16</run_address>
         <size>0xe</size>
         <input_file_ref idref="fl-d6"/>
      </object_component>
      <object_component id="oc-1d9">
         <name>.text:UARTCharGetNonBlocking</name>
         <load_address>0x1d24</load_address>
         <run_address>0x1d24</run_address>
         <size>0xe</size>
         <input_file_ref idref="fl-d7"/>
      </object_component>
      <object_component id="oc-1d3">
         <name>.text:UARTCharsAvail</name>
         <load_address>0x1d32</load_address>
         <run_address>0x1d32</run_address>
         <size>0xe</size>
         <input_file_ref idref="fl-d7"/>
      </object_component>
      <object_component id="oc-1b">
         <name>.text:decompress:none:__TI_decompress_none</name>
         <load_address>0x1d40</load_address>
         <run_address>0x1d40</run_address>
         <size>0xe</size>
         <input_file_ref idref="fl-bf"/>
      </object_component>
      <object_component id="oc-2e3">
         <name>.text:CPUcpsie</name>
         <load_address>0x1d4e</load_address>
         <run_address>0x1d4e</run_address>
         <size>0xc</size>
         <input_file_ref idref="fl-d8"/>
      </object_component>
      <object_component id="oc-18f">
         <name>.text:PWMGenEnable</name>
         <load_address>0x1d5a</load_address>
         <run_address>0x1d5a</run_address>
         <size>0xc</size>
         <input_file_ref idref="fl-d3"/>
      </object_component>
      <object_component id="oc-15f">
         <name>.text:QEIFilterConfigure</name>
         <load_address>0x1d66</load_address>
         <run_address>0x1d66</run_address>
         <size>0xc</size>
         <input_file_ref idref="fl-d4"/>
      </object_component>
      <object_component id="oc-27">
         <name>.text</name>
         <load_address>0x1d72</load_address>
         <run_address>0x1d72</run_address>
         <size>0xc</size>
         <input_file_ref idref="fl-2"/>
      </object_component>
      <object_component id="oc-289">
         <name>.text:I2CMasterEnable</name>
         <load_address>0x1d7e</load_address>
         <run_address>0x1d7e</run_address>
         <size>0xa</size>
         <input_file_ref idref="fl-d1"/>
      </object_component>
      <object_component id="oc-171">
         <name>.text:QEIEnable</name>
         <load_address>0x1d88</load_address>
         <run_address>0x1d88</run_address>
         <size>0xa</size>
         <input_file_ref idref="fl-d4"/>
      </object_component>
      <object_component id="oc-159">
         <name>.text:QEIFilterEnable</name>
         <load_address>0x1d92</load_address>
         <run_address>0x1d92</run_address>
         <size>0xa</size>
         <input_file_ref idref="fl-d4"/>
      </object_component>
      <object_component id="oc-16b">
         <name>.text:QEIVelocityEnable</name>
         <load_address>0x1d9c</load_address>
         <run_address>0x1d9c</run_address>
         <size>0xa</size>
         <input_file_ref idref="fl-d4"/>
      </object_component>
      <object_component id="oc-1a9">
         <name>.text:UARTCharPut</name>
         <load_address>0x1da6</load_address>
         <run_address>0x1da6</run_address>
         <size>0xa</size>
         <input_file_ref idref="fl-d7"/>
      </object_component>
      <object_component id="oc-129">
         <name>.text:I2CMasterBusy</name>
         <load_address>0x1db0</load_address>
         <run_address>0x1db0</run_address>
         <size>0x8</size>
         <input_file_ref idref="fl-d1"/>
      </object_component>
      <object_component id="oc-117">
         <name>.text:I2CMasterSlaveAddrSet</name>
         <load_address>0x1db8</load_address>
         <run_address>0x1db8</run_address>
         <size>0x8</size>
         <input_file_ref idref="fl-d1"/>
      </object_component>
      <object_component id="oc-1c7">
         <name>.text:TimerIntEnable</name>
         <load_address>0x1dc0</load_address>
         <run_address>0x1dc0</run_address>
         <size>0x8</size>
         <input_file_ref idref="fl-d6"/>
      </object_component>
      <object_component id="oc-e1">
         <name>.text:GPIOPinRead</name>
         <load_address>0x1dc8</load_address>
         <run_address>0x1dc8</run_address>
         <size>0x6</size>
         <input_file_ref idref="fl-d0"/>
      </object_component>
      <object_component id="oc-db">
         <name>.text:GPIOPinWrite</name>
         <load_address>0x1dce</load_address>
         <run_address>0x1dce</run_address>
         <size>0x6</size>
         <input_file_ref idref="fl-d0"/>
      </object_component>
      <object_component id="oc-cf">
         <name>.text:SysCtlDelay</name>
         <load_address>0x1dd4</load_address>
         <run_address>0x1dd4</run_address>
         <size>0x6</size>
         <input_file_ref idref="fl-d5"/>
      </object_component>
      <object_component id="oc-123">
         <name>.text:I2CMasterControl</name>
         <load_address>0x1dda</load_address>
         <run_address>0x1dda</run_address>
         <size>0x4</size>
         <input_file_ref idref="fl-d1"/>
      </object_component>
      <object_component id="oc-135">
         <name>.text:I2CMasterDataGet</name>
         <load_address>0x1dde</load_address>
         <run_address>0x1dde</run_address>
         <size>0x4</size>
         <input_file_ref idref="fl-d1"/>
      </object_component>
      <object_component id="oc-11d">
         <name>.text:I2CMasterDataPut</name>
         <load_address>0x1de2</load_address>
         <run_address>0x1de2</run_address>
         <size>0x4</size>
         <input_file_ref idref="fl-d1"/>
      </object_component>
      <object_component id="oc-165">
         <name>.text:QEIPositionSet</name>
         <load_address>0x1de6</load_address>
         <run_address>0x1de6</run_address>
         <size>0x4</size>
         <input_file_ref idref="fl-d4"/>
      </object_component>
      <object_component id="oc-1af">
         <name>.text:TimerIntClear</name>
         <load_address>0x1dea</load_address>
         <run_address>0x1dea</run_address>
         <size>0x4</size>
         <input_file_ref idref="fl-d6"/>
      </object_component>
      <object_component id="oc-95">
         <name>.text:_system_pre_init</name>
         <load_address>0x1dee</load_address>
         <run_address>0x1dee</run_address>
         <size>0x4</size>
         <input_file_ref idref="fl-cb"/>
      </object_component>
      <object_component id="oc-21a">
         <name>.text:abort:abort</name>
         <load_address>0x1df2</load_address>
         <run_address>0x1df2</run_address>
         <size>0x4</size>
         <input_file_ref idref="fl-cd"/>
      </object_component>
      <object_component id="oc-2d1">
         <name>.const:.string:_ctypes_</name>
         <load_address>0x1df8</load_address>
         <run_address>0x1df8</run_address>
         <size>0x101</size>
         <input_file_ref idref="fl-c2"/>
      </object_component>
      <object_component id="oc-27e">
         <name>.const:g_pui32GPIOBaseAddrs</name>
         <load_address>0x1efc</load_address>
         <run_address>0x1efc</run_address>
         <size>0x90</size>
         <input_file_ref idref="fl-d0"/>
      </object_component>
      <object_component id="oc-25f">
         <name>.const:g_pui32Xtals</name>
         <load_address>0x1f8c</load_address>
         <run_address>0x1f8c</run_address>
         <size>0x6c</size>
         <input_file_ref idref="fl-d5"/>
      </object_component>
      <object_component id="oc-334">
         <name>.const:g_ppui32TimerIntMap</name>
         <load_address>0x1ff8</load_address>
         <run_address>0x1ff8</run_address>
         <size>0x60</size>
         <input_file_ref idref="fl-d6"/>
      </object_component>
      <object_component id="oc-337">
         <name>.const:g_ppui32TimerIntMapSnowflake</name>
         <load_address>0x2058</load_address>
         <run_address>0x2058</run_address>
         <size>0x40</size>
         <input_file_ref idref="fl-d6"/>
      </object_component>
      <object_component id="oc-340">
         <name>.const:g_pui32EnRegs</name>
         <load_address>0x2098</load_address>
         <run_address>0x2098</run_address>
         <size>0x14</size>
         <input_file_ref idref="fl-d2"/>
      </object_component>
      <object_component id="oc-3b5">
         <name>__TI_handler_table</name>
         <load_address>0x20b0</load_address>
         <run_address>0x20b0</run_address>
         <size>0xc</size>
      </object_component>
      <object_component id="oc-3b8">
         <name>.cinit..data.load</name>
         <load_address>0x20bc</load_address>
         <run_address>0x20bc</run_address>
         <size>0x9</size>
      </object_component>
      <object_component id="oc-3b9">
         <name>.cinit..bss.load</name>
         <load_address>0x20c8</load_address>
         <run_address>0x20c8</run_address>
         <size>0x8</size>
      </object_component>
      <object_component id="oc-3b7">
         <name>.cinit..vtable.load</name>
         <load_address>0x20d0</load_address>
         <run_address>0x20d0</run_address>
         <size>0x8</size>
      </object_component>
      <object_component id="oc-3b6">
         <name>__TI_cinit_table</name>
         <load_address>0x20d8</load_address>
         <run_address>0x20d8</run_address>
         <size>0x18</size>
      </object_component>
      <object_component id="oc-33b">
         <name>.vtable</name>
         <uninitialized>true</uninitialized>
         <run_address>0x20000000</run_address>
         <size>0x26c</size>
         <input_file_ref idref="fl-d2"/>
      </object_component>
      <object_component id="oc-20a">
         <name>.data:responseESP</name>
         <load_address>0x20000470</load_address>
         <run_address>0x20000470</run_address>
         <size>0xfa</size>
         <input_file_ref idref="fl-1"/>
      </object_component>
      <object_component id="oc-1f5">
         <name>.data</name>
         <load_address>0x20000580</load_address>
         <run_address>0x20000580</run_address>
         <size>0x1</size>
         <input_file_ref idref="fl-1"/>
      </object_component>
      <object_component id="oc-207">
         <name>.data:gateway</name>
         <load_address>0x2000056a</load_address>
         <run_address>0x2000056a</run_address>
         <size>0x10</size>
         <input_file_ref idref="fl-1"/>
      </object_component>
      <object_component id="oc-204">
         <name>.data:adcVals</name>
         <load_address>0x2000057a</load_address>
         <run_address>0x2000057a</run_address>
         <size>0x6</size>
         <input_file_ref idref="fl-1"/>
      </object_component>
      <object_component id="oc-196">
         <name>.common:ui32Load</name>
         <uninitialized>true</uninitialized>
         <run_address>0x20000584</run_address>
         <size>0x4</size>
      </object_component>
      <object_component id="oc-195">
         <name>.common:ui32PWMClock</name>
         <uninitialized>true</uninitialized>
         <run_address>0x20000588</run_address>
         <size>0x4</size>
      </object_component>
      <object_component id="oc-1e5">
         <name>.common:ui8Adjust1</name>
         <uninitialized>true</uninitialized>
         <run_address>0x2000058c</run_address>
         <size>0x4</size>
      </object_component>
      <object_component id="oc-1e6">
         <name>.common:ui8Adjust2</name>
         <uninitialized>true</uninitialized>
         <run_address>0x20000590</run_address>
         <size>0x4</size>
      </object_component>
      <object_component id="oc-1e7">
         <name>.common:ui8Adjust3</name>
         <uninitialized>true</uninitialized>
         <run_address>0x20000594</run_address>
         <size>0x4</size>
      </object_component>
      <object_component id="oc-1e8">
         <name>.common:ui8Adjust4</name>
         <uninitialized>true</uninitialized>
         <run_address>0x20000598</run_address>
         <size>0x4</size>
      </object_component>
      <object_component id="oc-24">
         <name>.stack</name>
         <uninitialized>true</uninitialized>
         <run_address>0x20000270</run_address>
         <size>0x4</size>
         <input_file_ref idref="fl-c6"/>
      </object_component>
      <object_component id="oc-3bb">
         <name>.stack</name>
         <uninitialized>true</uninitialized>
         <run_address>0x20000270</run_address>
         <size>0x0</size>
      </object_component>
      <object_component id="oc-b7">
         <name>.debug_info</name>
         <load_address>0x0</load_address>
         <run_address>0x0</run_address>
         <size>0xf5f</size>
         <input_file_ref idref="fl-1"/>
      </object_component>
      <object_component id="oc-20b">
         <name>.debug_info</name>
         <load_address>0xf5f</load_address>
         <run_address>0xf5f</run_address>
         <size>0xda</size>
         <input_file_ref idref="fl-1"/>
      </object_component>
      <object_component id="oc-1f6">
         <name>.debug_info</name>
         <load_address>0x1039</load_address>
         <run_address>0x1039</run_address>
         <size>0xdc</size>
         <input_file_ref idref="fl-1"/>
      </object_component>
      <object_component id="oc-208">
         <name>.debug_info</name>
         <load_address>0x1115</load_address>
         <run_address>0x1115</run_address>
         <size>0xd2</size>
         <input_file_ref idref="fl-1"/>
      </object_component>
      <object_component id="oc-205">
         <name>.debug_info</name>
         <load_address>0x11e7</load_address>
         <run_address>0x11e7</run_address>
         <size>0xd2</size>
         <input_file_ref idref="fl-1"/>
      </object_component>
      <object_component id="oc-9c">
         <name>.debug_info</name>
         <load_address>0x12b9</load_address>
         <run_address>0x12b9</run_address>
         <size>0x2277</size>
         <input_file_ref idref="fl-1"/>
      </object_component>
      <object_component id="oc-70">
         <name>.debug_info</name>
         <load_address>0x3530</load_address>
         <run_address>0x3530</run_address>
         <size>0x26b</size>
         <input_file_ref idref="fl-1"/>
      </object_component>
      <object_component id="oc-b2">
         <name>.debug_info</name>
         <load_address>0x379b</load_address>
         <run_address>0x379b</run_address>
         <size>0x8b</size>
         <input_file_ref idref="fl-1"/>
      </object_component>
      <object_component id="oc-ad">
         <name>.debug_info</name>
         <load_address>0x3826</load_address>
         <run_address>0x3826</run_address>
         <size>0x2a4</size>
         <input_file_ref idref="fl-1"/>
      </object_component>
      <object_component id="oc-75">
         <name>.debug_info</name>
         <load_address>0x3aca</load_address>
         <run_address>0x3aca</run_address>
         <size>0xbb</size>
         <input_file_ref idref="fl-1"/>
      </object_component>
      <object_component id="oc-c0">
         <name>.debug_info</name>
         <load_address>0x3b85</load_address>
         <run_address>0x3b85</run_address>
         <size>0x2c</size>
         <input_file_ref idref="fl-1"/>
      </object_component>
      <object_component id="oc-25a">
         <name>.debug_info</name>
         <load_address>0x3bb1</load_address>
         <run_address>0x3bb1</run_address>
         <size>0x35</size>
         <input_file_ref idref="fl-1"/>
      </object_component>
      <object_component id="oc-2f">
         <name>.debug_info</name>
         <load_address>0x3be6</load_address>
         <run_address>0x3be6</run_address>
         <size>0x2b0</size>
         <input_file_ref idref="fl-2"/>
      </object_component>
      <object_component id="oc-13">
         <name>.debug_info</name>
         <load_address>0x3e96</load_address>
         <run_address>0x3e96</run_address>
         <size>0xef</size>
         <input_file_ref idref="fl-2"/>
      </object_component>
      <object_component id="oc-28">
         <name>.debug_info</name>
         <load_address>0x3f85</load_address>
         <run_address>0x3f85</run_address>
         <size>0x26b</size>
         <input_file_ref idref="fl-2"/>
      </object_component>
      <object_component id="oc-36">
         <name>.debug_info</name>
         <load_address>0x41f0</load_address>
         <run_address>0x41f0</run_address>
         <size>0x84</size>
         <input_file_ref idref="fl-2"/>
      </object_component>
      <object_component id="oc-d1">
         <name>.debug_info</name>
         <load_address>0x4274</load_address>
         <run_address>0x4274</run_address>
         <size>0x134</size>
         <input_file_ref idref="fl-bd"/>
      </object_component>
      <object_component id="oc-8e">
         <name>.debug_info</name>
         <load_address>0x43a8</load_address>
         <run_address>0x43a8</run_address>
         <size>0x2d4</size>
         <input_file_ref idref="fl-be"/>
      </object_component>
      <object_component id="oc-48">
         <name>.debug_info</name>
         <load_address>0x467c</load_address>
         <run_address>0x467c</run_address>
         <size>0x1d2</size>
         <input_file_ref idref="fl-be"/>
      </object_component>
      <object_component id="oc-89">
         <name>.debug_info</name>
         <load_address>0x484e</load_address>
         <run_address>0x484e</run_address>
         <size>0x46</size>
         <input_file_ref idref="fl-be"/>
      </object_component>
      <object_component id="oc-46">
         <name>.debug_info</name>
         <load_address>0x4894</load_address>
         <run_address>0x4894</run_address>
         <size>0x2a8</size>
         <input_file_ref idref="fl-bf"/>
      </object_component>
      <object_component id="oc-1c">
         <name>.debug_info</name>
         <load_address>0x4b3c</load_address>
         <run_address>0x4b3c</run_address>
         <size>0x1ea</size>
         <input_file_ref idref="fl-bf"/>
      </object_component>
      <object_component id="oc-41">
         <name>.debug_info</name>
         <load_address>0x4d26</load_address>
         <run_address>0x4d26</run_address>
         <size>0x46</size>
         <input_file_ref idref="fl-bf"/>
      </object_component>
      <object_component id="oc-81">
         <name>.debug_info</name>
         <load_address>0x4d6c</load_address>
         <run_address>0x4d6c</run_address>
         <size>0x2c</size>
         <input_file_ref idref="fl-bf"/>
      </object_component>
      <object_component id="oc-7f">
         <name>.debug_info</name>
         <load_address>0x4d98</load_address>
         <run_address>0x4d98</run_address>
         <size>0x29e</size>
         <input_file_ref idref="fl-c0"/>
      </object_component>
      <object_component id="oc-16">
         <name>.debug_info</name>
         <load_address>0x5036</load_address>
         <run_address>0x5036</run_address>
         <size>0x250</size>
         <input_file_ref idref="fl-c0"/>
      </object_component>
      <object_component id="oc-31">
         <name>.debug_info</name>
         <load_address>0x5286</load_address>
         <run_address>0x5286</run_address>
         <size>0x60</size>
         <input_file_ref idref="fl-c0"/>
      </object_component>
      <object_component id="oc-b9">
         <name>.debug_info</name>
         <load_address>0x52e6</load_address>
         <run_address>0x52e6</run_address>
         <size>0x46</size>
         <input_file_ref idref="fl-c0"/>
      </object_component>
      <object_component id="oc-7a">
         <name>.debug_info</name>
         <load_address>0x532c</load_address>
         <run_address>0x532c</run_address>
         <size>0x39</size>
         <input_file_ref idref="fl-c0"/>
      </object_component>
      <object_component id="oc-2d5">
         <name>.debug_info</name>
         <load_address>0x5365</load_address>
         <run_address>0x5365</run_address>
         <size>0x2b9</size>
         <input_file_ref idref="fl-c1"/>
      </object_component>
      <object_component id="oc-1f0">
         <name>.debug_info</name>
         <load_address>0x561e</load_address>
         <run_address>0x561e</run_address>
         <size>0x17c</size>
         <input_file_ref idref="fl-c1"/>
      </object_component>
      <object_component id="oc-348">
         <name>.debug_info</name>
         <load_address>0x579a</load_address>
         <run_address>0x579a</run_address>
         <size>0xf9</size>
         <input_file_ref idref="fl-c2"/>
      </object_component>
      <object_component id="oc-2d2">
         <name>.debug_info</name>
         <load_address>0x5893</load_address>
         <run_address>0x5893</run_address>
         <size>0x105</size>
         <input_file_ref idref="fl-c2"/>
      </object_component>
      <object_component id="oc-2d9">
         <name>.debug_info</name>
         <load_address>0x5998</load_address>
         <run_address>0x5998</run_address>
         <size>0x29a</size>
         <input_file_ref idref="fl-c3"/>
      </object_component>
      <object_component id="oc-1f9">
         <name>.debug_info</name>
         <load_address>0x5c32</load_address>
         <run_address>0x5c32</run_address>
         <size>0x262</size>
         <input_file_ref idref="fl-c3"/>
      </object_component>
      <object_component id="oc-2db">
         <name>.debug_info</name>
         <load_address>0x5e94</load_address>
         <run_address>0x5e94</run_address>
         <size>0x2af</size>
         <input_file_ref idref="fl-c4"/>
      </object_component>
      <object_component id="oc-1ff">
         <name>.debug_info</name>
         <load_address>0x6143</load_address>
         <run_address>0x6143</run_address>
         <size>0x277</size>
         <input_file_ref idref="fl-c4"/>
      </object_component>
      <object_component id="oc-2d0">
         <name>.debug_info</name>
         <load_address>0x63ba</load_address>
         <run_address>0x63ba</run_address>
         <size>0x295</size>
         <input_file_ref idref="fl-c5"/>
      </object_component>
      <object_component id="oc-1ea">
         <name>.debug_info</name>
         <load_address>0x664f</load_address>
         <run_address>0x664f</run_address>
         <size>0x1d1</size>
         <input_file_ref idref="fl-c5"/>
      </object_component>
      <object_component id="oc-25">
         <name>.debug_info</name>
         <load_address>0x6820</load_address>
         <run_address>0x6820</run_address>
         <size>0x10b</size>
         <input_file_ref idref="fl-c6"/>
      </object_component>
      <object_component id="oc-5a">
         <name>.debug_info</name>
         <load_address>0x692b</load_address>
         <run_address>0x692b</run_address>
         <size>0x1a9</size>
         <input_file_ref idref="fl-c6"/>
      </object_component>
      <object_component id="oc-269">
         <name>.debug_info</name>
         <load_address>0x6ad4</load_address>
         <run_address>0x6ad4</run_address>
         <size>0x115</size>
         <input_file_ref idref="fl-c7"/>
      </object_component>
      <object_component id="oc-3c">
         <name>.debug_info</name>
         <load_address>0x6be9</load_address>
         <run_address>0x6be9</run_address>
         <size>0x119</size>
         <input_file_ref idref="fl-c8"/>
      </object_component>
      <object_component id="oc-2f5">
         <name>.debug_info</name>
         <load_address>0x6d02</load_address>
         <run_address>0x6d02</run_address>
         <size>0x4b3</size>
         <input_file_ref idref="fl-ca"/>
      </object_component>
      <object_component id="oc-227">
         <name>.debug_info</name>
         <load_address>0x71b5</load_address>
         <run_address>0x71b5</run_address>
         <size>0x1a6</size>
         <input_file_ref idref="fl-ca"/>
      </object_component>
      <object_component id="oc-360">
         <name>.debug_info</name>
         <load_address>0x735b</load_address>
         <run_address>0x735b</run_address>
         <size>0x39</size>
         <input_file_ref idref="fl-ca"/>
      </object_component>
      <object_component id="oc-380">
         <name>.debug_info</name>
         <load_address>0x7394</load_address>
         <run_address>0x7394</run_address>
         <size>0x39</size>
         <input_file_ref idref="fl-ca"/>
      </object_component>
      <object_component id="oc-365">
         <name>.debug_info</name>
         <load_address>0x73cd</load_address>
         <run_address>0x73cd</run_address>
         <size>0x39</size>
         <input_file_ref idref="fl-ca"/>
      </object_component>
      <object_component id="oc-36a">
         <name>.debug_info</name>
         <load_address>0x7406</load_address>
         <run_address>0x7406</run_address>
         <size>0xcd</size>
         <input_file_ref idref="fl-ca"/>
      </object_component>
      <object_component id="oc-96">
         <name>.debug_info</name>
         <load_address>0x74d3</load_address>
         <run_address>0x74d3</run_address>
         <size>0x153</size>
         <input_file_ref idref="fl-cb"/>
      </object_component>
      <object_component id="oc-21b">
         <name>.debug_info</name>
         <load_address>0x7626</load_address>
         <run_address>0x7626</run_address>
         <size>0x122</size>
         <input_file_ref idref="fl-cd"/>
      </object_component>
      <object_component id="oc-27b">
         <name>.debug_info</name>
         <load_address>0x7748</load_address>
         <run_address>0x7748</run_address>
         <size>0x3e4</size>
         <input_file_ref idref="fl-d0"/>
      </object_component>
      <object_component id="oc-27f">
         <name>.debug_info</name>
         <load_address>0x7b2c</load_address>
         <run_address>0x7b2c</run_address>
         <size>0x164</size>
         <input_file_ref idref="fl-d0"/>
      </object_component>
      <object_component id="oc-dc">
         <name>.debug_info</name>
         <load_address>0x7c90</load_address>
         <run_address>0x7c90</run_address>
         <size>0x2ac</size>
         <input_file_ref idref="fl-d0"/>
      </object_component>
      <object_component id="oc-275">
         <name>.debug_info</name>
         <load_address>0x7f3c</load_address>
         <run_address>0x7f3c</run_address>
         <size>0x2bc</size>
         <input_file_ref idref="fl-d0"/>
      </object_component>
      <object_component id="oc-26f">
         <name>.debug_info</name>
         <load_address>0x81f8</load_address>
         <run_address>0x81f8</run_address>
         <size>0x31f</size>
         <input_file_ref idref="fl-d0"/>
      </object_component>
      <object_component id="oc-198">
         <name>.debug_info</name>
         <load_address>0x8517</load_address>
         <run_address>0x8517</run_address>
         <size>0x29b</size>
         <input_file_ref idref="fl-d0"/>
      </object_component>
      <object_component id="oc-14e">
         <name>.debug_info</name>
         <load_address>0x87b2</load_address>
         <run_address>0x87b2</run_address>
         <size>0x299</size>
         <input_file_ref idref="fl-d0"/>
      </object_component>
      <object_component id="oc-148">
         <name>.debug_info</name>
         <load_address>0x8a4b</load_address>
         <run_address>0x8a4b</run_address>
         <size>0x299</size>
         <input_file_ref idref="fl-d0"/>
      </object_component>
      <object_component id="oc-ee">
         <name>.debug_info</name>
         <load_address>0x8ce4</load_address>
         <run_address>0x8ce4</run_address>
         <size>0x29f</size>
         <input_file_ref idref="fl-d0"/>
      </object_component>
      <object_component id="oc-f4">
         <name>.debug_info</name>
         <load_address>0x8f83</load_address>
         <run_address>0x8f83</run_address>
         <size>0x299</size>
         <input_file_ref idref="fl-d0"/>
      </object_component>
      <object_component id="oc-d6">
         <name>.debug_info</name>
         <load_address>0x921c</load_address>
         <run_address>0x921c</run_address>
         <size>0x2c0</size>
         <input_file_ref idref="fl-d0"/>
      </object_component>
      <object_component id="oc-106">
         <name>.debug_info</name>
         <load_address>0x94dc</load_address>
         <run_address>0x94dc</run_address>
         <size>0x2a5</size>
         <input_file_ref idref="fl-d0"/>
      </object_component>
      <object_component id="oc-e2">
         <name>.debug_info</name>
         <load_address>0x9781</load_address>
         <run_address>0x9781</run_address>
         <size>0x284</size>
         <input_file_ref idref="fl-d0"/>
      </object_component>
      <object_component id="oc-e8">
         <name>.debug_info</name>
         <load_address>0x9a05</load_address>
         <run_address>0x9a05</run_address>
         <size>0x289</size>
         <input_file_ref idref="fl-d0"/>
      </object_component>
      <object_component id="oc-316">
         <name>.debug_info</name>
         <load_address>0x9c8e</load_address>
         <run_address>0x9c8e</run_address>
         <size>0x26b</size>
         <input_file_ref idref="fl-d0"/>
      </object_component>
      <object_component id="oc-30c">
         <name>.debug_info</name>
         <load_address>0x9ef9</load_address>
         <run_address>0x9ef9</run_address>
         <size>0x297</size>
         <input_file_ref idref="fl-d0"/>
      </object_component>
      <object_component id="oc-323">
         <name>.debug_info</name>
         <load_address>0xa190</load_address>
         <run_address>0xa190</run_address>
         <size>0xef</size>
         <input_file_ref idref="fl-d0"/>
      </object_component>
      <object_component id="oc-263">
         <name>.debug_info</name>
         <load_address>0xa27f</load_address>
         <run_address>0xa27f</run_address>
         <size>0xbb</size>
         <input_file_ref idref="fl-d0"/>
      </object_component>
      <object_component id="oc-290">
         <name>.debug_info</name>
         <load_address>0xa33a</load_address>
         <run_address>0xa33a</run_address>
         <size>0x3d5</size>
         <input_file_ref idref="fl-d1"/>
      </object_component>
      <object_component id="oc-118">
         <name>.debug_info</name>
         <load_address>0xa70f</load_address>
         <run_address>0xa70f</run_address>
         <size>0x2d7</size>
         <input_file_ref idref="fl-d1"/>
      </object_component>
      <object_component id="oc-28a">
         <name>.debug_info</name>
         <load_address>0xa9e6</load_address>
         <run_address>0xa9e6</run_address>
         <size>0x257</size>
         <input_file_ref idref="fl-d1"/>
      </object_component>
      <object_component id="oc-112">
         <name>.debug_info</name>
         <load_address>0xac3d</load_address>
         <run_address>0xac3d</run_address>
         <size>0x2f1</size>
         <input_file_ref idref="fl-d1"/>
      </object_component>
      <object_component id="oc-130">
         <name>.debug_info</name>
         <load_address>0xaf2e</load_address>
         <run_address>0xaf2e</run_address>
         <size>0x272</size>
         <input_file_ref idref="fl-d1"/>
      </object_component>
      <object_component id="oc-11e">
         <name>.debug_info</name>
         <load_address>0xb1a0</load_address>
         <run_address>0xb1a0</run_address>
         <size>0x287</size>
         <input_file_ref idref="fl-d1"/>
      </object_component>
      <object_component id="oc-136">
         <name>.debug_info</name>
         <load_address>0xb427</load_address>
         <run_address>0xb427</run_address>
         <size>0x25d</size>
         <input_file_ref idref="fl-d1"/>
      </object_component>
      <object_component id="oc-124">
         <name>.debug_info</name>
         <load_address>0xb684</load_address>
         <run_address>0xb684</run_address>
         <size>0x287</size>
         <input_file_ref idref="fl-d1"/>
      </object_component>
      <object_component id="oc-12a">
         <name>.debug_info</name>
         <load_address>0xb90b</load_address>
         <run_address>0xb90b</run_address>
         <size>0x257</size>
         <input_file_ref idref="fl-d1"/>
      </object_component>
      <object_component id="oc-33f">
         <name>.debug_info</name>
         <load_address>0xbb62</load_address>
         <run_address>0xbb62</run_address>
         <size>0x3b7</size>
         <input_file_ref idref="fl-d2"/>
      </object_component>
      <object_component id="oc-341">
         <name>.debug_info</name>
         <load_address>0xbf19</load_address>
         <run_address>0xbf19</run_address>
         <size>0x15b</size>
         <input_file_ref idref="fl-d2"/>
      </object_component>
      <object_component id="oc-33c">
         <name>.debug_info</name>
         <load_address>0xc074</load_address>
         <run_address>0xc074</run_address>
         <size>0x160</size>
         <input_file_ref idref="fl-d2"/>
      </object_component>
      <object_component id="oc-2be">
         <name>.debug_info</name>
         <load_address>0xc1d4</load_address>
         <run_address>0xc1d4</run_address>
         <size>0x2ca</size>
         <input_file_ref idref="fl-d2"/>
      </object_component>
      <object_component id="oc-214">
         <name>.debug_info</name>
         <load_address>0xc49e</load_address>
         <run_address>0xc49e</run_address>
         <size>0x247</size>
         <input_file_ref idref="fl-d2"/>
      </object_component>
      <object_component id="oc-2c4">
         <name>.debug_info</name>
         <load_address>0xc6e5</load_address>
         <run_address>0xc6e5</run_address>
         <size>0x271</size>
         <input_file_ref idref="fl-d2"/>
      </object_component>
      <object_component id="oc-2a3">
         <name>.debug_info</name>
         <load_address>0xc956</load_address>
         <run_address>0xc956</run_address>
         <size>0x396</size>
         <input_file_ref idref="fl-d3"/>
      </object_component>
      <object_component id="oc-184">
         <name>.debug_info</name>
         <load_address>0xccec</load_address>
         <run_address>0xccec</run_address>
         <size>0x2ff</size>
         <input_file_ref idref="fl-d3"/>
      </object_component>
      <object_component id="oc-18a">
         <name>.debug_info</name>
         <load_address>0xcfeb</load_address>
         <run_address>0xcfeb</run_address>
         <size>0x2cd</size>
         <input_file_ref idref="fl-d3"/>
      </object_component>
      <object_component id="oc-17e">
         <name>.debug_info</name>
         <load_address>0xd2b8</load_address>
         <run_address>0xd2b8</run_address>
         <size>0x2bf</size>
         <input_file_ref idref="fl-d3"/>
      </object_component>
      <object_component id="oc-190">
         <name>.debug_info</name>
         <load_address>0xd577</load_address>
         <run_address>0xd577</run_address>
         <size>0x27f</size>
         <input_file_ref idref="fl-d3"/>
      </object_component>
      <object_component id="oc-178">
         <name>.debug_info</name>
         <load_address>0xd7f6</load_address>
         <run_address>0xd7f6</run_address>
         <size>0x2bc</size>
         <input_file_ref idref="fl-d3"/>
      </object_component>
      <object_component id="oc-29c">
         <name>.debug_info</name>
         <load_address>0xdab2</load_address>
         <run_address>0xdab2</run_address>
         <size>0x391</size>
         <input_file_ref idref="fl-d4"/>
      </object_component>
      <object_component id="oc-16c">
         <name>.debug_info</name>
         <load_address>0xde43</load_address>
         <run_address>0xde43</run_address>
         <size>0x25b</size>
         <input_file_ref idref="fl-d4"/>
      </object_component>
      <object_component id="oc-166">
         <name>.debug_info</name>
         <load_address>0xe09e</load_address>
         <run_address>0xe09e</run_address>
         <size>0x294</size>
         <input_file_ref idref="fl-d4"/>
      </object_component>
      <object_component id="oc-15a">
         <name>.debug_info</name>
         <load_address>0xe332</load_address>
         <run_address>0xe332</run_address>
         <size>0x257</size>
         <input_file_ref idref="fl-d4"/>
      </object_component>
      <object_component id="oc-160">
         <name>.debug_info</name>
         <load_address>0xe589</load_address>
         <run_address>0xe589</run_address>
         <size>0x29b</size>
         <input_file_ref idref="fl-d4"/>
      </object_component>
      <object_component id="oc-172">
         <name>.debug_info</name>
         <load_address>0xe824</load_address>
         <run_address>0xe824</run_address>
         <size>0x248</size>
         <input_file_ref idref="fl-d4"/>
      </object_component>
      <object_component id="oc-154">
         <name>.debug_info</name>
         <load_address>0xea6c</load_address>
         <run_address>0xea6c</run_address>
         <size>0x2d6</size>
         <input_file_ref idref="fl-d4"/>
      </object_component>
      <object_component id="oc-285">
         <name>.debug_info</name>
         <load_address>0xed42</load_address>
         <run_address>0xed42</run_address>
         <size>0x441</size>
         <input_file_ref idref="fl-d5"/>
      </object_component>
      <object_component id="oc-260">
         <name>.debug_info</name>
         <load_address>0xf183</load_address>
         <run_address>0xf183</run_address>
         <size>0x156</size>
         <input_file_ref idref="fl-d5"/>
      </object_component>
      <object_component id="oc-10c">
         <name>.debug_info</name>
         <load_address>0xf2d9</load_address>
         <run_address>0xf2d9</run_address>
         <size>0x29e</size>
         <input_file_ref idref="fl-d5"/>
      </object_component>
      <object_component id="oc-100">
         <name>.debug_info</name>
         <load_address>0xf577</load_address>
         <run_address>0xf577</run_address>
         <size>0x288</size>
         <input_file_ref idref="fl-d5"/>
      </object_component>
      <object_component id="oc-fa">
         <name>.debug_info</name>
         <load_address>0xf7ff</load_address>
         <run_address>0xf7ff</run_address>
         <size>0x286</size>
         <input_file_ref idref="fl-d5"/>
      </object_component>
      <object_component id="oc-13c">
         <name>.debug_info</name>
         <load_address>0xfa85</load_address>
         <run_address>0xfa85</run_address>
         <size>0x26c</size>
         <input_file_ref idref="fl-d5"/>
      </object_component>
      <object_component id="oc-142">
         <name>.debug_info</name>
         <load_address>0xfcf1</load_address>
         <run_address>0xfcf1</run_address>
         <size>0x236</size>
         <input_file_ref idref="fl-d5"/>
      </object_component>
      <object_component id="oc-20e">
         <name>.debug_info</name>
         <load_address>0xff27</load_address>
         <run_address>0xff27</run_address>
         <size>0x2e4</size>
         <input_file_ref idref="fl-d5"/>
      </object_component>
      <object_component id="oc-ca">
         <name>.debug_info</name>
         <load_address>0x1020b</load_address>
         <run_address>0x1020b</run_address>
         <size>0x2be</size>
         <input_file_ref idref="fl-d5"/>
      </object_component>
      <object_component id="oc-31f">
         <name>.debug_info</name>
         <load_address>0x104c9</load_address>
         <run_address>0x104c9</run_address>
         <size>0x51</size>
         <input_file_ref idref="fl-d5"/>
      </object_component>
      <object_component id="oc-2b4">
         <name>.debug_info</name>
         <load_address>0x1051a</load_address>
         <run_address>0x1051a</run_address>
         <size>0x3c7</size>
         <input_file_ref idref="fl-d6"/>
      </object_component>
      <object_component id="oc-335">
         <name>.debug_info</name>
         <load_address>0x108e1</load_address>
         <run_address>0x108e1</run_address>
         <size>0x163</size>
         <input_file_ref idref="fl-d6"/>
      </object_component>
      <object_component id="oc-338">
         <name>.debug_info</name>
         <load_address>0x10a44</load_address>
         <run_address>0x10a44</run_address>
         <size>0x175</size>
         <input_file_ref idref="fl-d6"/>
      </object_component>
      <object_component id="oc-1bc">
         <name>.debug_info</name>
         <load_address>0x10bb9</load_address>
         <run_address>0x10bb9</run_address>
         <size>0x2c3</size>
         <input_file_ref idref="fl-d6"/>
      </object_component>
      <object_component id="oc-2b8">
         <name>.debug_info</name>
         <load_address>0x10e7c</load_address>
         <run_address>0x10e7c</run_address>
         <size>0x2f4</size>
         <input_file_ref idref="fl-d6"/>
      </object_component>
      <object_component id="oc-1c2">
         <name>.debug_info</name>
         <load_address>0x11170</load_address>
         <run_address>0x11170</run_address>
         <size>0x2ed</size>
         <input_file_ref idref="fl-d6"/>
      </object_component>
      <object_component id="oc-1c8">
         <name>.debug_info</name>
         <load_address>0x1145d</load_address>
         <run_address>0x1145d</run_address>
         <size>0x29d</size>
         <input_file_ref idref="fl-d6"/>
      </object_component>
      <object_component id="oc-1b0">
         <name>.debug_info</name>
         <load_address>0x116fa</load_address>
         <run_address>0x116fa</run_address>
         <size>0x29b</size>
         <input_file_ref idref="fl-d6"/>
      </object_component>
      <object_component id="oc-1ce">
         <name>.debug_info</name>
         <load_address>0x11995</load_address>
         <run_address>0x11995</run_address>
         <size>0x288</size>
         <input_file_ref idref="fl-d6"/>
      </object_component>
      <object_component id="oc-1e0">
         <name>.debug_info</name>
         <load_address>0x11c1d</load_address>
         <run_address>0x11c1d</run_address>
         <size>0x28a</size>
         <input_file_ref idref="fl-d6"/>
      </object_component>
      <object_component id="oc-1b6">
         <name>.debug_info</name>
         <load_address>0x11ea7</load_address>
         <run_address>0x11ea7</run_address>
         <size>0x295</size>
         <input_file_ref idref="fl-d6"/>
      </object_component>
      <object_component id="oc-2b0">
         <name>.debug_info</name>
         <load_address>0x1213c</load_address>
         <run_address>0x1213c</run_address>
         <size>0x3cb</size>
         <input_file_ref idref="fl-d7"/>
      </object_component>
      <object_component id="oc-1a4">
         <name>.debug_info</name>
         <load_address>0x12507</load_address>
         <run_address>0x12507</run_address>
         <size>0x250</size>
         <input_file_ref idref="fl-d7"/>
      </object_component>
      <object_component id="oc-2aa">
         <name>.debug_info</name>
         <load_address>0x12757</load_address>
         <run_address>0x12757</run_address>
         <size>0x252</size>
         <input_file_ref idref="fl-d7"/>
      </object_component>
      <object_component id="oc-19e">
         <name>.debug_info</name>
         <load_address>0x129a9</load_address>
         <run_address>0x129a9</run_address>
         <size>0x32f</size>
         <input_file_ref idref="fl-d7"/>
      </object_component>
      <object_component id="oc-1d4">
         <name>.debug_info</name>
         <load_address>0x12cd8</load_address>
         <run_address>0x12cd8</run_address>
         <size>0x25c</size>
         <input_file_ref idref="fl-d7"/>
      </object_component>
      <object_component id="oc-1aa">
         <name>.debug_info</name>
         <load_address>0x12f34</load_address>
         <run_address>0x12f34</run_address>
         <size>0x27c</size>
         <input_file_ref idref="fl-d7"/>
      </object_component>
      <object_component id="oc-1da">
         <name>.debug_info</name>
         <load_address>0x131b0</load_address>
         <run_address>0x131b0</run_address>
         <size>0x26c</size>
         <input_file_ref idref="fl-d7"/>
      </object_component>
      <object_component id="oc-2e4">
         <name>.debug_info</name>
         <load_address>0x1341c</load_address>
         <run_address>0x1341c</run_address>
         <size>0x21b</size>
         <input_file_ref idref="fl-d8"/>
      </object_component>
      <object_component id="oc-3bc">
         <name>.debug_info</name>
         <load_address>0x13637</load_address>
         <run_address>0x13637</run_address>
         <size>0xa2</size>
      </object_component>
      <object_component id="oc-259">
         <name>.debug_line</name>
         <load_address>0x0</load_address>
         <run_address>0x0</run_address>
         <size>0x2dc</size>
         <input_file_ref idref="fl-1"/>
      </object_component>
      <object_component id="oc-2e1">
         <name>.debug_line</name>
         <load_address>0x2dc</load_address>
         <run_address>0x2dc</run_address>
         <size>0x2d</size>
         <input_file_ref idref="fl-1"/>
      </object_component>
      <object_component id="oc-2d7">
         <name>.debug_line</name>
         <load_address>0x309</load_address>
         <run_address>0x309</run_address>
         <size>0x2d</size>
         <input_file_ref idref="fl-1"/>
      </object_component>
      <object_component id="oc-2df">
         <name>.debug_line</name>
         <load_address>0x336</load_address>
         <run_address>0x336</run_address>
         <size>0x2d</size>
         <input_file_ref idref="fl-1"/>
      </object_component>
      <object_component id="oc-2dd">
         <name>.debug_line</name>
         <load_address>0x363</load_address>
         <run_address>0x363</run_address>
         <size>0x2d</size>
         <input_file_ref idref="fl-1"/>
      </object_component>
      <object_component id="oc-9f">
         <name>.debug_line</name>
         <load_address>0x390</load_address>
         <run_address>0x390</run_address>
         <size>0x476</size>
         <input_file_ref idref="fl-1"/>
      </object_component>
      <object_component id="oc-73">
         <name>.debug_line</name>
         <load_address>0x806</load_address>
         <run_address>0x806</run_address>
         <size>0x79</size>
         <input_file_ref idref="fl-1"/>
      </object_component>
      <object_component id="oc-b5">
         <name>.debug_line</name>
         <load_address>0x87f</load_address>
         <run_address>0x87f</run_address>
         <size>0x20</size>
         <input_file_ref idref="fl-1"/>
      </object_component>
      <object_component id="oc-b0">
         <name>.debug_line</name>
         <load_address>0x89f</load_address>
         <run_address>0x89f</run_address>
         <size>0x7d</size>
         <input_file_ref idref="fl-1"/>
      </object_component>
      <object_component id="oc-78">
         <name>.debug_line</name>
         <load_address>0x91c</load_address>
         <run_address>0x91c</run_address>
         <size>0x7a</size>
         <input_file_ref idref="fl-1"/>
      </object_component>
      <object_component id="oc-c3">
         <name>.debug_line</name>
         <load_address>0x996</load_address>
         <run_address>0x996</run_address>
         <size>0x75</size>
         <input_file_ref idref="fl-1"/>
      </object_component>
      <object_component id="oc-25d">
         <name>.debug_line</name>
         <load_address>0xa0b</load_address>
         <run_address>0xa0b</run_address>
         <size>0x7e</size>
         <input_file_ref idref="fl-1"/>
      </object_component>
      <object_component id="oc-6f">
         <name>.debug_line</name>
         <load_address>0xa89</load_address>
         <run_address>0xa89</run_address>
         <size>0x41</size>
         <input_file_ref idref="fl-2"/>
      </object_component>
      <object_component id="oc-2e">
         <name>.debug_line</name>
         <load_address>0xaca</load_address>
         <run_address>0xaca</run_address>
         <size>0x41</size>
         <input_file_ref idref="fl-2"/>
      </object_component>
      <object_component id="oc-2b">
         <name>.debug_line</name>
         <load_address>0xb0b</load_address>
         <run_address>0xb0b</run_address>
         <size>0xa1</size>
         <input_file_ref idref="fl-2"/>
      </object_component>
      <object_component id="oc-39">
         <name>.debug_line</name>
         <load_address>0xbac</load_address>
         <run_address>0xbac</run_address>
         <size>0x20</size>
         <input_file_ref idref="fl-2"/>
      </object_component>
      <object_component id="oc-d4">
         <name>.debug_line</name>
         <load_address>0xbcc</load_address>
         <run_address>0xbcc</run_address>
         <size>0x81</size>
         <input_file_ref idref="fl-bd"/>
      </object_component>
      <object_component id="oc-c6">
         <name>.debug_line</name>
         <load_address>0xc4d</load_address>
         <run_address>0xc4d</run_address>
         <size>0x92</size>
         <input_file_ref idref="fl-be"/>
      </object_component>
      <object_component id="oc-4b">
         <name>.debug_line</name>
         <load_address>0xcdf</load_address>
         <run_address>0xcdf</run_address>
         <size>0x4c</size>
         <input_file_ref idref="fl-be"/>
      </object_component>
      <object_component id="oc-8c">
         <name>.debug_line</name>
         <load_address>0xd2b</load_address>
         <run_address>0xd2b</run_address>
         <size>0x34</size>
         <input_file_ref idref="fl-be"/>
      </object_component>
      <object_component id="oc-87">
         <name>.debug_line</name>
         <load_address>0xd5f</load_address>
         <run_address>0xd5f</run_address>
         <size>0x20</size>
         <input_file_ref idref="fl-bf"/>
      </object_component>
      <object_component id="oc-1f">
         <name>.debug_line</name>
         <load_address>0xd7f</load_address>
         <run_address>0xd7f</run_address>
         <size>0x55</size>
         <input_file_ref idref="fl-bf"/>
      </object_component>
      <object_component id="oc-44">
         <name>.debug_line</name>
         <load_address>0xdd4</load_address>
         <run_address>0xdd4</run_address>
         <size>0x3a</size>
         <input_file_ref idref="fl-bf"/>
      </object_component>
      <object_component id="oc-84">
         <name>.debug_line</name>
         <load_address>0xe0e</load_address>
         <run_address>0xe0e</run_address>
         <size>0x92</size>
         <input_file_ref idref="fl-bf"/>
      </object_component>
      <object_component id="oc-bf">
         <name>.debug_line</name>
         <load_address>0xea0</load_address>
         <run_address>0xea0</run_address>
         <size>0x20</size>
         <input_file_ref idref="fl-c0"/>
      </object_component>
      <object_component id="oc-19">
         <name>.debug_line</name>
         <load_address>0xec0</load_address>
         <run_address>0xec0</run_address>
         <size>0xa9</size>
         <input_file_ref idref="fl-c0"/>
      </object_component>
      <object_component id="oc-34">
         <name>.debug_line</name>
         <load_address>0xf69</load_address>
         <run_address>0xf69</run_address>
         <size>0x3a</size>
         <input_file_ref idref="fl-c0"/>
      </object_component>
      <object_component id="oc-bc">
         <name>.debug_line</name>
         <load_address>0xfa3</load_address>
         <run_address>0xfa3</run_address>
         <size>0x9a</size>
         <input_file_ref idref="fl-c0"/>
      </object_component>
      <object_component id="oc-7d">
         <name>.debug_line</name>
         <load_address>0x103d</load_address>
         <run_address>0x103d</run_address>
         <size>0x96</size>
         <input_file_ref idref="fl-c0"/>
      </object_component>
      <object_component id="oc-34a">
         <name>.debug_line</name>
         <load_address>0x10d3</load_address>
         <run_address>0x10d3</run_address>
         <size>0x91</size>
         <input_file_ref idref="fl-c1"/>
      </object_component>
      <object_component id="oc-1f3">
         <name>.debug_line</name>
         <load_address>0x1164</load_address>
         <run_address>0x1164</run_address>
         <size>0x62</size>
         <input_file_ref idref="fl-c1"/>
      </object_component>
      <object_component id="oc-37c">
         <name>.debug_line</name>
         <load_address>0x11c6</load_address>
         <run_address>0x11c6</run_address>
         <size>0x20</size>
         <input_file_ref idref="fl-c2"/>
      </object_component>
      <object_component id="oc-347">
         <name>.debug_line</name>
         <load_address>0x11e6</load_address>
         <run_address>0x11e6</run_address>
         <size>0x2b</size>
         <input_file_ref idref="fl-c2"/>
      </object_component>
      <object_component id="oc-34c">
         <name>.debug_line</name>
         <load_address>0x1211</load_address>
         <run_address>0x1211</run_address>
         <size>0x20</size>
         <input_file_ref idref="fl-c3"/>
      </object_component>
      <object_component id="oc-1fc">
         <name>.debug_line</name>
         <load_address>0x1231</load_address>
         <run_address>0x1231</run_address>
         <size>0xb0</size>
         <input_file_ref idref="fl-c3"/>
      </object_component>
      <object_component id="oc-34e">
         <name>.debug_line</name>
         <load_address>0x12e1</load_address>
         <run_address>0x12e1</run_address>
         <size>0x20</size>
         <input_file_ref idref="fl-c4"/>
      </object_component>
      <object_component id="oc-202">
         <name>.debug_line</name>
         <load_address>0x1301</load_address>
         <run_address>0x1301</run_address>
         <size>0xb7</size>
         <input_file_ref idref="fl-c4"/>
      </object_component>
      <object_component id="oc-345">
         <name>.debug_line</name>
         <load_address>0x13b8</load_address>
         <run_address>0x13b8</run_address>
         <size>0x20</size>
         <input_file_ref idref="fl-c5"/>
      </object_component>
      <object_component id="oc-1ed">
         <name>.debug_line</name>
         <load_address>0x13d8</load_address>
         <run_address>0x13d8</run_address>
         <size>0x5a</size>
         <input_file_ref idref="fl-c5"/>
      </object_component>
      <object_component id="oc-6c">
         <name>.debug_line</name>
         <load_address>0x1432</load_address>
         <run_address>0x1432</run_address>
         <size>0x33</size>
         <input_file_ref idref="fl-c6"/>
      </object_component>
      <object_component id="oc-5d">
         <name>.debug_line</name>
         <load_address>0x1465</load_address>
         <run_address>0x1465</run_address>
         <size>0x45</size>
         <input_file_ref idref="fl-c6"/>
      </object_component>
      <object_component id="oc-26c">
         <name>.debug_line</name>
         <load_address>0x14aa</load_address>
         <run_address>0x14aa</run_address>
         <size>0x37</size>
         <input_file_ref idref="fl-c7"/>
      </object_component>
      <object_component id="oc-3f">
         <name>.debug_line</name>
         <load_address>0x14e1</load_address>
         <run_address>0x14e1</run_address>
         <size>0x88</size>
         <input_file_ref idref="fl-c8"/>
      </object_component>
      <object_component id="oc-35f">
         <name>.debug_line</name>
         <load_address>0x1569</load_address>
         <run_address>0x1569</run_address>
         <size>0xbf</size>
         <input_file_ref idref="fl-ca"/>
      </object_component>
      <object_component id="oc-22a">
         <name>.debug_line</name>
         <load_address>0x1628</load_address>
         <run_address>0x1628</run_address>
         <size>0x6f</size>
         <input_file_ref idref="fl-ca"/>
      </object_component>
      <object_component id="oc-363">
         <name>.debug_line</name>
         <load_address>0x1697</load_address>
         <run_address>0x1697</run_address>
         <size>0x2e</size>
         <input_file_ref idref="fl-ca"/>
      </object_component>
      <object_component id="oc-383">
         <name>.debug_line</name>
         <load_address>0x16c5</load_address>
         <run_address>0x16c5</run_address>
         <size>0x9a</size>
         <input_file_ref idref="fl-ca"/>
      </object_component>
      <object_component id="oc-368">
         <name>.debug_line</name>
         <load_address>0x175f</load_address>
         <run_address>0x175f</run_address>
         <size>0x97</size>
         <input_file_ref idref="fl-ca"/>
      </object_component>
      <object_component id="oc-36d">
         <name>.debug_line</name>
         <load_address>0x17f6</load_address>
         <run_address>0x17f6</run_address>
         <size>0x93</size>
         <input_file_ref idref="fl-ca"/>
      </object_component>
      <object_component id="oc-99">
         <name>.debug_line</name>
         <load_address>0x1889</load_address>
         <run_address>0x1889</run_address>
         <size>0x40</size>
         <input_file_ref idref="fl-cb"/>
      </object_component>
      <object_component id="oc-21e">
         <name>.debug_line</name>
         <load_address>0x18c9</load_address>
         <run_address>0x18c9</run_address>
         <size>0x3c</size>
         <input_file_ref idref="fl-cd"/>
      </object_component>
      <object_component id="oc-315">
         <name>.debug_line</name>
         <load_address>0x1905</load_address>
         <run_address>0x1905</run_address>
         <size>0x82</size>
         <input_file_ref idref="fl-d0"/>
      </object_component>
      <object_component id="oc-31c">
         <name>.debug_line</name>
         <load_address>0x1987</load_address>
         <run_address>0x1987</run_address>
         <size>0x7d</size>
         <input_file_ref idref="fl-d0"/>
      </object_component>
      <object_component id="oc-df">
         <name>.debug_line</name>
         <load_address>0x1a04</load_address>
         <run_address>0x1a04</run_address>
         <size>0x92</size>
         <input_file_ref idref="fl-d0"/>
      </object_component>
      <object_component id="oc-278">
         <name>.debug_line</name>
         <load_address>0x1a96</load_address>
         <run_address>0x1a96</run_address>
         <size>0x95</size>
         <input_file_ref idref="fl-d0"/>
      </object_component>
      <object_component id="oc-272">
         <name>.debug_line</name>
         <load_address>0x1b2b</load_address>
         <run_address>0x1b2b</run_address>
         <size>0xc4</size>
         <input_file_ref idref="fl-d0"/>
      </object_component>
      <object_component id="oc-19b">
         <name>.debug_line</name>
         <load_address>0x1bef</load_address>
         <run_address>0x1bef</run_address>
         <size>0x99</size>
         <input_file_ref idref="fl-d0"/>
      </object_component>
      <object_component id="oc-151">
         <name>.debug_line</name>
         <load_address>0x1c88</load_address>
         <run_address>0x1c88</run_address>
         <size>0x99</size>
[...]
            <run_size>0x18</run_size>
            <compression>zero_init</compression>
         </cprec>
         <cprec>
            <name>.vtable</name>
            <load_address>0x20d0</load_address>
            <load_size>0x8</load_size>
            <run_address>0x20000000</run_address>
            <run_size>0x26c</run_size>
            <compression>zero_init</compression>
         </cprec>
      </cptbl>
   </cptbl_list>
   <handler_table>
      <handler_table_name>__TI_handler_table</handler_table_name>
      <handler>
         <index>0x0</index>
         <name>__TI_zero_init</name>
      </handler>
      <handler>
         <index>0x1</index>
         <name>__TI_decompress_lzss</name>
      </handler>
      <handler>
         <index>0x2</index>
         <name>__TI_decompress_none</name>
      </handler>
   </handler_table>
   <symbol_table>
      <symbol id="sm-1">
         <name>__STACK_TOP</name>
         <value>0x20000470</value>
      </symbol>
      <symbol id="sm-2">
         <name>__start___llvm_prf_cnts</name>
         <value>0x20000000</value>
      </symbol>
      <symbol id="sm-3">
         <name>__stop___llvm_prf_cnts</name>
         <value>0x20000000</value>
      </symbol>
      <symbol id="sm-4">
         <name>__TI_CINIT_Base</name>
         <value>0x20d8</value>
      </symbol>
      <symbol id="sm-5">
         <name>__TI_CINIT_Limit</name>
         <value>0x20f0</value>
      </symbol>
      <symbol id="sm-6">
         <name>__TI_Handler_Table_Base</name>
         <value>0x20b0</value>
      </symbol>
      <symbol id="sm-7">
         <name>__TI_Handler_Table_Limit</name>
         <value>0x20bc</value>
      </symbol>
      <symbol id="sm-8">
         <name>binit</name>
         <value>0xffffffff</value>
      </symbol>
      <symbol id="sm-9">
         <name>__binit__</name>
         <value>0xffffffff</value>
      </symbol>
      <symbol id="sm-a">
         <name>__STACK_SIZE</name>
         <value>0x200</value>
      </symbol>
      <symbol id="sm-b">
         <name>__STACK_END</name>
         <value>0x20000470</value>
      </symbol>
      <symbol id="sm-c">
         <name>__c_args__</name>
         <value>0xffffffff</value>
      </symbol>
      <symbol id="sm-d">
         <name>__TI_pprof_out_hndl</name>
         <value>0xffffffff</value>
      </symbol>
      <symbol id="sm-e">
         <name>__TI_prof_data_start</name>
         <value>0xffffffff</value>
      </symbol>
      <symbol id="sm-f">
         <name>__TI_prof_data_size</name>
         <value>0xffffffff</value>
      </symbol>
      <symbol id="sm-136">
         <name>ui32Load</name>
         <value>0x20000584</value>
      </symbol>
      <symbol id="sm-137">
         <name>ui32PWMClock</name>
         <value>0x20000588</value>
      </symbol>
      <symbol id="sm-138">
         <name>ui8Adjust1</name>
         <value>0x2000058c</value>
      </symbol>
      <symbol id="sm-139">
         <name>ui8Adjust2</name>
         <value>0x20000590</value>
      </symbol>
      <symbol id="sm-13a">
         <name>ui8Adjust3</name>
         <value>0x20000594</value>
      </symbol>
      <symbol id="sm-13b">
         <name>ui8Adjust4</name>
         <value>0x20000598</value>
      </symbol>
      <symbol id="sm-13c">
         <name>recover_i2c_bus</name>
         <value>0x2b5</value>
         <object_component_ref idref="oc-9b"/>
      </symbol>
      <symbol id="sm-13d">
         <name>Timer0A_Handler</name>
         <value>0xa41</value>
         <object_component_ref idref="oc-9b"/>
      </symbol>
      <symbol id="sm-13e">
         <name>UART0_PrintString</name>
         <value>0x9c5</value>
         <object_component_ref idref="oc-9b"/>
      </symbol>
      <symbol id="sm-13f">
         <name>delay_us</name>
         <value>0x28d</value>
         <object_component_ref idref="oc-9b"/>
      </symbol>
      <symbol id="sm-140">
         <name>wheel_setSpeed</name>
         <value>0x7f5</value>
         <object_component_ref idref="oc-9b"/>
      </symbol>
      <symbol id="sm-141">
         <name>gateway</name>
         <value>0x2000056a</value>
         <object_component_ref idref="oc-207"/>
      </symbol>
      <symbol id="sm-142">
         <name>ESP01_extractADCVals</name>
         <value>0xb71</value>
         <object_component_ref idref="oc-9b"/>
      </symbol>
      <symbol id="sm-143">
         <name>ESP01_checkResponse</name>
         <value>0xb27</value>
         <object_component_ref idref="oc-9b"/>
      </symbol>
      <symbol id="sm-144">
         <name>mpu9250_readBytes</name>
         <value>0x3cb</value>
         <object_component_ref idref="oc-9b"/>
      </symbol>
      <symbol id="sm-145">
         <name>adcVals</name>
         <value>0x2000057a</value>
         <object_component_ref idref="oc-204"/>
      </symbol>
      <symbol id="sm-146">
         <name>main</name>
         <value>0xebd</value>
         <object_component_ref idref="oc-9b"/>
      </symbol>
      <symbol id="sm-147">
         <name>ESP01_Setup</name>
         <value>0xc19</value>
         <object_component_ref idref="oc-9b"/>
      </symbol>
      <symbol id="sm-148">
         <name>ESP01_sendATCommand</name>
         <value>0x9fd</value>
         <object_component_ref idref="oc-9b"/>
      </symbol>
      <symbol id="sm-149">
         <name>Timer0_Init</name>
         <value>0xa5d</value>
         <object_component_ref idref="oc-9b"/>
      </symbol>
      <symbol id="sm-14a">
         <name>mpu9250_init</name>
         <value>0x36f</value>
         <object_component_ref idref="oc-9b"/>
      </symbol>
      <symbol id="sm-14b">
         <name>wheels_init</name>
         <value>0x58d</value>
         <object_component_ref idref="oc-9b"/>
      </symbol>
      <symbol id="sm-14c">
         <name>ESP01_readResponse</name>
         <value>0xaa3</value>
         <object_component_ref idref="oc-9b"/>
      </symbol>
      <symbol id="sm-14d">
         <name>timerExpired</name>
         <value>0x20000580</value>
         <object_component_ref idref="oc-1f5"/>
      </symbol>
      <symbol id="sm-14e">
         <name>ESP01_fetchData</name>
         <value>0xde1</value>
         <object_component_ref idref="oc-9b"/>
      </symbol>
      <symbol id="sm-14f">
         <name>delay_ms</name>
         <value>0x26d</value>
         <object_component_ref idref="oc-9b"/>
      </symbol>
      <symbol id="sm-150">
         <name>UART0_Init</name>
         <value>0x94d</value>
         <object_component_ref idref="oc-9b"/>
      </symbol>
      <symbol id="sm-151">
         <name>mpu9250_readAcceleration</name>
         <value>0x4b7</value>
         <object_component_ref idref="oc-9b"/>
      </symbol>
      <symbol id="sm-152">
         <name>responseESP</name>
         <value>0x20000470</value>
         <object_component_ref idref="oc-20a"/>
      </symbol>
      <symbol id="sm-173">
         <name>ResetISR</name>
         <value>0x1d73</value>
         <object_component_ref idref="oc-27"/>
      </symbol>
      <symbol id="sm-174">
         <name>g_pfnVectors</name>
         <value>0x0</value>
         <object_component_ref idref="oc-12"/>
      </symbol>
      <symbol id="sm-181">
         <name>__aeabi_uldivmod</name>
         <value>0x15cd</value>
         <object_component_ref idref="oc-d0"/>
      </symbol>
      <symbol id="sm-195">
         <name>__TI_zero_init_nomemset</name>
         <value>0x1b6f</value>
         <object_component_ref idref="oc-47"/>
      </symbol>
      <symbol id="sm-1ac">
         <name>__TI_decompress_none</name>
         <value>0x1d41</value>
         <object_component_ref idref="oc-1b"/>
      </symbol>
      <symbol id="sm-1cf">
         <name>__TI_decompress_lzss</name>
         <value>0x16cd</value>
         <object_component_ref idref="oc-15"/>
      </symbol>
      <symbol id="sm-1e5">
         <name>atoi</name>
         <value>0x18c9</value>
         <object_component_ref idref="oc-1ef"/>
      </symbol>
      <symbol id="sm-1f0">
         <name>_ctypes_</name>
         <value>0x1df8</value>
         <object_component_ref idref="oc-2d1"/>
      </symbol>
      <symbol id="sm-200">
         <name>strchr</name>
         <value>0x1c87</value>
         <object_component_ref idref="oc-1f8"/>
      </symbol>
      <symbol id="sm-210">
         <name>strncpy</name>
         <value>0x19d9</value>
         <object_component_ref idref="oc-1fe"/>
      </symbol>
      <symbol id="sm-223">
         <name>strstr</name>
         <value>0x1aad</value>
         <object_component_ref idref="oc-1e9"/>
      </symbol>
      <symbol id="sm-236">
         <name>__stack</name>
         <value>0x20000270</value>
         <object_component_ref idref="oc-24"/>
      </symbol>
      <symbol id="sm-237">
         <name>_c_int00_noargs</name>
         <value>0x1a79</value>
         <object_component_ref idref="oc-59"/>
      </symbol>
      <symbol id="sm-241">
         <name>__aeabi_idiv0</name>
         <value>0x1663</value>
         <object_component_ref idref="oc-268"/>
      </symbol>
      <symbol id="sm-242">
         <name>__aeabi_ldiv0</name>
         <value>0x1663</value>
         <object_component_ref idref="oc-268"/>
      </symbol>
      <symbol id="sm-25d">
         <name>memcpy</name>
         <value>0x1531</value>
         <object_component_ref idref="oc-3b"/>
      </symbol>
      <symbol id="sm-25e">
         <name>__aeabi_memcpy</name>
         <value>0x1531</value>
         <object_component_ref idref="oc-3b"/>
      </symbol>
      <symbol id="sm-25f">
         <name>__aeabi_memcpy8</name>
         <value>0x1531</value>
         <object_component_ref idref="oc-3b"/>
      </symbol>
      <symbol id="sm-260">
         <name>__aeabi_memcpy4</name>
         <value>0x1531</value>
         <object_component_ref idref="oc-3b"/>
      </symbol>
      <symbol id="sm-289">
         <name>__TI_auto_init_nobinit_nopinit</name>
         <value>0x195d</value>
         <object_component_ref idref="oc-226"/>
      </symbol>
      <symbol id="sm-293">
         <name>_system_pre_init</name>
         <value>0x1def</value>
         <object_component_ref idref="oc-95"/>
      </symbol>
      <symbol id="sm-29f">
         <name>C$$EXIT</name>
         <value>0x1df3</value>
         <object_component_ref idref="oc-21a"/>
      </symbol>
      <symbol id="sm-2a0">
         <name>abort</name>
         <value>0x1df3</value>
         <object_component_ref idref="oc-21a"/>
      </symbol>
      <symbol id="sm-330">
         <name>GPIOPinTypePWM</name>
         <value>0x1c2f</value>
         <object_component_ref idref="oc-147"/>
      </symbol>
      <symbol id="sm-331">
         <name>GPIOPinConfigure</name>
         <value>0x17e5</value>
         <object_component_ref idref="oc-e7"/>
      </symbol>
      <symbol id="sm-332">
         <name>GPIOPinTypeI2CSCL</name>
         <value>0x1c19</value>
         <object_component_ref idref="oc-ed"/>
      </symbol>
      <symbol id="sm-333">
         <name>GPIOPinTypeI2C</name>
         <value>0x1c03</value>
         <object_component_ref idref="oc-f3"/>
      </symbol>
      <symbol id="sm-334">
         <name>GPIOPinTypeGPIOInput</name>
         <value>0x1bed</value>
         <object_component_ref idref="oc-105"/>
      </symbol>
      <symbol id="sm-335">
         <name>GPIOPinTypeUART</name>
         <value>0x1c5b</value>
         <object_component_ref idref="oc-197"/>
      </symbol>
      <symbol id="sm-336">
         <name>GPIOPinTypeGPIOOutput</name>
         <value>0x1b8b</value>
         <object_component_ref idref="oc-d5"/>
      </symbol>
      <symbol id="sm-337">
         <name>GPIOPinRead</name>
         <value>0x1dc9</value>
         <object_component_ref idref="oc-e1"/>
      </symbol>
      <symbol id="sm-338">
         <name>GPIODirModeSet</name>
         <value>0x1ae1</value>
         <object_component_ref idref="oc-274"/>
      </symbol>
      <symbol id="sm-339">
         <name>GPIOPinTypeQEI</name>
         <value>0x1c45</value>
         <object_component_ref idref="oc-14d"/>
      </symbol>
      <symbol id="sm-33a">
         <name>GPIOPinWrite</name>
         <value>0x1dcf</value>
         <object_component_ref idref="oc-db"/>
      </symbol>
      <symbol id="sm-33b">
         <name>GPIOPadConfigSet</name>
         <value>0x11b9</value>
         <object_component_ref idref="oc-26e"/>
      </symbol>
      <symbol id="sm-387">
         <name>I2CMasterDataPut</name>
         <value>0x1de3</value>
         <object_component_ref idref="oc-11d"/>
      </symbol>
      <symbol id="sm-388">
         <name>I2CMasterInitExpClk</name>
         <value>0x1831</value>
         <object_component_ref idref="oc-111"/>
      </symbol>
      <symbol id="sm-389">
         <name>I2CMasterSlaveAddrSet</name>
         <value>0x1db9</value>
         <object_component_ref idref="oc-117"/>
      </symbol>
      <symbol id="sm-38a">
         <name>I2CMasterDataGet</name>
         <value>0x1ddf</value>
         <object_component_ref idref="oc-135"/>
      </symbol>
      <symbol id="sm-38b">
         <name>I2CMasterErr</name>
         <value>0x1c71</value>
         <object_component_ref idref="oc-12f"/>
      </symbol>
      <symbol id="sm-38c">
         <name>I2CMasterControl</name>
         <value>0x1ddb</value>
         <object_component_ref idref="oc-123"/>
      </symbol>
      <symbol id="sm-38d">
         <name>I2CMasterBusy</name>
         <value>0x1db1</value>
         <object_component_ref idref="oc-129"/>
      </symbol>
      <symbol id="sm-38e">
         <name>I2CMasterEnable</name>
         <value>0x1d7f</value>
         <object_component_ref idref="oc-289"/>
      </symbol>
      <symbol id="sm-3c8">
         <name>IntEnable</name>
         <value>0x1665</value>
         <object_component_ref idref="oc-2c3"/>
      </symbol>
      <symbol id="sm-3c9">
         <name>IntRegister</name>
         <value>0x1a11</value>
         <object_component_ref idref="oc-2bd"/>
      </symbol>
      <symbol id="sm-3ca">
         <name>g_pfnRAMVectors</name>
         <value>0x20000000</value>
         <object_component_ref idref="oc-33b"/>
      </symbol>
      <symbol id="sm-3cb">
         <name>IntMasterEnable</name>
         <value>0x1ce9</value>
         <object_component_ref idref="oc-213"/>
      </symbol>
      <symbol id="sm-3f8">
         <name>PWMGenPeriodSet</name>
         <value>0x1cf9</value>
         <object_component_ref idref="oc-17d"/>
      </symbol>
      <symbol id="sm-3f9">
         <name>PWMPulseWidthSet</name>
         <value>0x1b51</value>
         <object_component_ref idref="oc-183"/>
      </symbol>
      <symbol id="sm-3fa">
         <name>PWMOutputState</name>
         <value>0x1cc5</value>
         <object_component_ref idref="oc-189"/>
      </symbol>
      <symbol id="sm-3fb">
         <name>PWMGenEnable</name>
         <value>0x1d5b</value>
         <object_component_ref idref="oc-18f"/>
      </symbol>
      <symbol id="sm-3fc">
         <name>PWMGenConfigure</name>
         <value>0x1b0d</value>
         <object_component_ref idref="oc-177"/>
      </symbol>
      <symbol id="sm-431">
         <name>QEIFilterConfigure</name>
         <value>0x1d67</value>
         <object_component_ref idref="oc-15f"/>
      </symbol>
      <symbol id="sm-432">
         <name>QEIFilterEnable</name>
         <value>0x1d93</value>
         <object_component_ref idref="oc-159"/>
      </symbol>
      <symbol id="sm-433">
         <name>QEIEnable</name>
         <value>0x1d89</value>
         <object_component_ref idref="oc-171"/>
      </symbol>
      <symbol id="sm-434">
         <name>QEIPositionSet</name>
         <value>0x1de7</value>
         <object_component_ref idref="oc-165"/>
      </symbol>
      <symbol id="sm-435">
         <name>QEIVelocityEnable</name>
         <value>0x1d9d</value>
         <object_component_ref idref="oc-16b"/>
      </symbol>
      <symbol id="sm-436">
         <name>QEIConfigure</name>
         <value>0x1d09</value>
         <object_component_ref idref="oc-153"/>
      </symbol>
      <symbol id="sm-4b4">
         <name>SysCtlClockSet</name>
         <value>0x143d</value>
         <object_component_ref idref="oc-20d"/>
      </symbol>
      <symbol id="sm-4b5">
         <name>SysCtlPWMClockGet</name>
         <value>0x1ba5</value>
         <object_component_ref idref="oc-141"/>
      </symbol>
      <symbol id="sm-4b6">
         <name>SysCtlDelay</name>
         <value>0x1dd5</value>
         <object_component_ref idref="oc-cf"/>
      </symbol>
      <symbol id="sm-4b7">
         <name>SysCtlPeripheralEnable</name>
         <value>0x1a45</value>
         <object_component_ref idref="oc-f9"/>
      </symbol>
      <symbol id="sm-4b8">
         <name>SysCtlClockGet</name>
         <value>0x1325</value>
         <object_component_ref idref="oc-c9"/>
      </symbol>
      <symbol id="sm-4b9">
         <name>SysCtlPWMClockSet</name>
         <value>0x1c9d</value>
         <object_component_ref idref="oc-13b"/>
      </symbol>
      <symbol id="sm-4ba">
         <name>SysCtlPeripheralReady</name>
         <value>0x19a1</value>
         <object_component_ref idref="oc-ff"/>
      </symbol>
      <symbol id="sm-4bb">
         <name>SysCtlPeripheralReset</name>
         <value>0x1795</value>
         <object_component_ref idref="oc-10b"/>
      </symbol>
      <symbol id="sm-520">
         <name>TimerLoadSet</name>
         <value>0x1cd7</value>
         <object_component_ref idref="oc-1bb"/>
      </symbol>
      <symbol id="sm-521">
         <name>TimerDisable</name>
         <value>0x1bbd</value>
         <object_component_ref idref="oc-1df"/>
      </symbol>
      <symbol id="sm-522">
         <name>TimerIntRegister</name>
         <value>0x1bd5</value>
         <object_component_ref idref="oc-1c1"/>
      </symbol>
      <symbol id="sm-523">
         <name>TimerEnable</name>
         <value>0x1d17</value>
         <object_component_ref idref="oc-1cd"/>
      </symbol>
      <symbol id="sm-524">
         <name>TimerIntEnable</name>
         <value>0x1dc1</value>
         <object_component_ref idref="oc-1c7"/>
      </symbol>
      <symbol id="sm-525">
         <name>TimerConfigure</name>
         <value>0x1735</value>
         <object_component_ref idref="oc-1b5"/>
      </symbol>
      <symbol id="sm-526">
         <name>TimerIntClear</name>
         <value>0x1deb</value>
         <object_component_ref idref="oc-1af"/>
      </symbol>
      <symbol id="sm-560">
         <name>UARTConfigSetExpClk</name>
         <value>0x1915</value>
         <object_component_ref idref="oc-19d"/>
      </symbol>
      <symbol id="sm-561">
         <name>UARTDisable</name>
         <value>0x1b31</value>
         <object_component_ref idref="oc-2a9"/>
      </symbol>
      <symbol id="sm-562">
         <name>UARTCharsAvail</name>
         <value>0x1d33</value>
         <object_component_ref idref="oc-1d3"/>
      </symbol>
      <symbol id="sm-563">
         <name>UARTCharGetNonBlocking</name>
         <value>0x1d25</value>
         <object_component_ref idref="oc-1d9"/>
      </symbol>
      <symbol id="sm-564">
         <name>UARTCharPut</name>
         <value>0x1da7</value>
         <object_component_ref idref="oc-1a9"/>
      </symbol>
      <symbol id="sm-565">
         <name>UARTEnable</name>
         <value>0x1cb1</value>
         <object_component_ref idref="oc-1a3"/>
      </symbol>
      <symbol id="sm-56f">
         <name>CPUcpsie</name>
         <value>0x1d4f</value>
         <object_component_ref idref="oc-2e3"/>
      </symbol>
      <symbol id="sm-570">
         <name>__TI_static_base__</name>
         <value>0x0</value>
      </symbol>
      <symbol id="sm-573">
         <name>__mpu_init</name>
         <value>0x0</value>
      </symbol>
      <symbol id="sm-574">
         <name>_system_post_cinit</name>
         <value>0x0</value>
      </symbol>
   </symbol_table>
   <title>Link successful</title>
</link_info>
