******************************************************************************
                  TI ARM Linker Unix v20.2.7                   
******************************************************************************
>> Linked Tue Nov 18 02:13:51 2025

OUTPUT FILE NAME:   <TWSBR_test_bench.out>
ENTRY POINT SYMBOL: "_c_int00_noargs"  address: 00001a79


MEMORY CONFIGURATION

         name            origin    length      used     unused   attr    fill
----------------------  --------  ---------  --------  --------  ----  --------
  FLASH                 00000000   00040000  000020ea  0003df16  R  X
  SRAM                  20000000   00008000  00000595  00007a6b  RW X


SEGMENT ALLOCATION MAP

run origin  load origin   length   init length attrs members
----------  ----------- ---------- ----------- ----- -------
00000000    00000000    000020f0   000020f0    r-x
  00000000    00000000    0000026c   0000026c    r-- .intvecs
  0000026c    0000026c    00001b8a   00001b8a    r-x .text
  00001df8    00001df8    000002b4   000002b4    r-- .const
  000020b0    000020b0    00000040   00000040    r-- .cinit
20000000    20000000    0000059c   00000000    rw-
  20000000    20000000    0000026c   00000000    rw- .vtable
  20000270    20000270    00000200   00000000    rw- .stack
  20000470    20000470    00000111   00000000    rw- .data
  20000584    20000584    00000018   00000000    rw- .bss


SECTION ALLOCATION MAP

 output                                  attributes/
section   page    origin      length       input sections
--------  ----  ----------  ----------   ----------------
.intvecs   0    00000000    0000026c     
                  00000000    0000026c     tm4c123gh6pm_startup_ccs.obj (.intvecs)

.text      0    0000026c    00001b8a     
                  0000026c    00000f4c     main.obj (.text)
                  000011b8    0000016c     driverlib.lib : gpio.obj (.text:GPIOPadConfigSet)
                  00001324    00000118                   : sysctl.obj (.text:SysCtlClockGet)
                  0000143c    000000f4                   : sysctl.obj (.text:SysCtlClockSet)
                  00001530    0000009c     rtsv7M4_T_le_v4SPD16_eabi.lib : memcpy_t2.asm.obj (.text)
                  000015cc    00000096                                   : ull_div_t2.asm.obj (.text)
                  00001662    00000002                                   : div0.asm.obj (.text)
                  00001664    00000068     driverlib.lib : interrupt.obj (.text:IntEnable)
                  000016cc    00000068     rtsv7M4_T_le_v4SPD16_eabi.lib : copy_decompress_lzss.c.obj (.text:decompress:lzss:__TI_decompress_lzss)
                  00001734    00000060     driverlib.lib : timer.obj (.text:TimerConfigure)
                  00001794    00000050                   : sysctl.obj (.text:SysCtlPeripheralReset)
                  000017e4    0000004c                   : gpio.obj (.text:GPIOPinConfigure)
                  00001830    0000004c                   : i2c.obj (.text:I2CMasterInitExpClk)
                  0000187c    0000004c                   : timer.obj (.text:_TimerIntNumberGet)
                  000018c8    0000004c     rtsv7M4_T_le_v4SPD16_eabi.lib : atoi.c.obj (.text:atoi)
                  00001914    00000046     driverlib.lib : uart.obj (.text:UARTConfigSetExpClk)
                  0000195a    00000002     --HOLE-- [fill = 0]
                  0000195c    00000044     rtsv7M4_T_le_v4SPD16_eabi.lib : autoinit.c.obj (.text:__TI_auto_init_nobinit_nopinit:__TI_auto_init_nobinit_nopinit)
                  000019a0    00000038     driverlib.lib : sysctl.obj (.text:SysCtlPeripheralReady)
                  000019d8    00000036     rtsv7M4_T_le_v4SPD16_eabi.lib : strncpy.c.obj (.text:strncpy)
                  00001a0e    00000002     --HOLE-- [fill = 0]
                  00001a10    00000034     driverlib.lib : interrupt.obj (.text:IntRegister)
                  00001a44    00000034                   : sysctl.obj (.text:SysCtlPeripheralEnable)
                  00001a78    00000034     rtsv7M4_T_le_v4SPD16_eabi.lib : boot_cortex_m.c.obj (.text:_c_int00_noargs:_c_int00_noargs)
                  00001aac    00000034                                   : strstr.c.obj (.text:strstr)
                  00001ae0    0000002c     driverlib.lib : gpio.obj (.text:GPIODirModeSet)
                  00001b0c    00000022                   : pwm.obj (.text:PWMGenConfigure)
                  00001b2e    00000002     --HOLE-- [fill = 0]
                  00001b30    00000020                   : uart.obj (.text:UARTDisable)
                  00001b50    0000001e                   : pwm.obj (.text:PWMPulseWidthSet)
                  00001b6e    0000001c     rtsv7M4_T_le_v4SPD16_eabi.lib : copy_zero_init.c.obj (.text:decompress:ZI:__TI_zero_init_nomemset:__TI_zero_init_nomemset)
                  00001b8a    0000001a     driverlib.lib : gpio.obj (.text:GPIOPinTypeGPIOOutput)
                  00001ba4    00000018                   : sysctl.obj (.text:SysCtlPWMClockGet)
                  00001bbc    00000018                   : timer.obj (.text:TimerDisable)
                  00001bd4    00000018                   : timer.obj (.text:TimerIntRegister)
                  00001bec    00000016                   : gpio.obj (.text:GPIOPinTypeGPIOInput)
                  00001c02    00000016                   : gpio.obj (.text:GPIOPinTypeI2C)
                  00001c18    00000016                   : gpio.obj (.text:GPIOPinTypeI2CSCL)
                  00001c2e    00000016                   : gpio.obj (.text:GPIOPinTypePWM)
                  00001c44    00000016                   : gpio.obj (.text:GPIOPinTypeQEI)
                  00001c5a    00000016                   : gpio.obj (.text:GPIOPinTypeUART)
                  00001c70    00000016                   : i2c.obj (.text:I2CMasterErr)
                  00001c86    00000016     rtsv7M4_T_le_v4SPD16_eabi.lib : strchr.c.obj (.text:strchr)
                  00001c9c    00000014     driverlib.lib : sysctl.obj (.text:SysCtlPWMClockSet)
                  00001cb0    00000014                   : uart.obj (.text:UARTEnable)
                  00001cc4    00000012                   : pwm.obj (.text:PWMOutputState)
                  00001cd6    00000012                   : timer.obj (.text:TimerLoadSet)
                  00001ce8    00000010                   : interrupt.obj (.text:IntMasterEnable)
                  00001cf8    00000010                   : pwm.obj (.text:PWMGenPeriodSet)
                  00001d08    0000000e                   : qei.obj (.text:QEIConfigure)
                  00001d16    0000000e                   : timer.obj (.text:TimerEnable)
                  00001d24    0000000e                   : uart.obj (.text:UARTCharGetNonBlocking)
                  00001d32    0000000e                   : uart.obj (.text:UARTCharsAvail)
                  00001d40    0000000e     rtsv7M4_T_le_v4SPD16_eabi.lib : copy_decompress_none.c.obj (.text:decompress:none:__TI_decompress_none)
                  00001d4e    0000000c     driverlib.lib : cpu.obj (.text:CPUcpsie)
                  00001d5a    0000000c                   : pwm.obj (.text:PWMGenEnable)
                  00001d66    0000000c                   : qei.obj (.text:QEIFilterConfigure)
                  00001d72    0000000c     tm4c123gh6pm_startup_ccs.obj (.text)
                  00001d7e    0000000a     driverlib.lib : i2c.obj (.text:I2CMasterEnable)
                  00001d88    0000000a                   : qei.obj (.text:QEIEnable)
                  00001d92    0000000a                   : qei.obj (.text:QEIFilterEnable)
                  00001d9c    0000000a                   : qei.obj (.text:QEIVelocityEnable)
                  00001da6    0000000a                   : uart.obj (.text:UARTCharPut)
                  00001db0    00000008                   : i2c.obj (.text:I2CMasterBusy)
                  00001db8    00000008                   : i2c.obj (.text:I2CMasterSlaveAddrSet)
                  00001dc0    00000008                   : timer.obj (.text:TimerIntEnable)
                  00001dc8    00000006                   : gpio.obj (.text:GPIOPinRead)
                  00001dce    00000006                   : gpio.obj (.text:GPIOPinWrite)
                  00001dd4    00000006                   : sysctl.obj (.text:SysCtlDelay)
                  00001dda    00000004                   : i2c.obj (.text:I2CMasterControl)
                  00001dde    00000004                   : i2c.obj (.text:I2CMasterDataGet)
                  00001de2    00000004                   : i2c.obj (.text:I2CMasterDataPut)
                  00001de6    00000004                   : qei.obj (.text:QEIPositionSet)
                  00001dea    00000004                   : timer.obj (.text:TimerIntClear)
                  00001dee    00000004     rtsv7M4_T_le_v4SPD16_eabi.lib : pre_init.c.obj (.text:_system_pre_init)
                  00001df2    00000004                                   : exit.c.obj (.text:abort:abort)

.const     0    00001df8    000002b4     
                  00001df8    00000101     rtsv7M4_T_le_v4SPD16_eabi.lib : ctype.c.obj (.const:.string:_ctypes_)
                  00001ef9    00000003     --HOLE-- [fill = 0]
                  00001efc    00000090     driverlib.lib : gpio.obj (.const:g_pui32GPIOBaseAddrs)
                  00001f8c    0000006c                   : sysctl.obj (.const:g_pui32Xtals)
                  00001ff8    00000060                   : timer.obj (.const:g_ppui32TimerIntMap)
                  00002058    00000040                   : timer.obj (.const:g_ppui32TimerIntMapSnowflake)
                  00002098    00000014                   : interrupt.obj (.const:g_pui32EnRegs)

.cinit     0    000020b0    00000040     
                  000020b0    0000000c     (__TI_handler_table)
                  000020bc    00000009     (.cinit..data.load) [load image, compression = lzss]
                  000020c5    00000003     --HOLE-- [fill = 0]
                  000020c8    00000008     (.cinit..bss.load) [load image, compression = zero_init]
                  000020d0    00000008     (.cinit..vtable.load) [load image, compression = zero_init]
                  000020d8    00000018     (__TI_cinit_table)

.init_array 
*          0    00000000    00000000     UNINITIALIZED

.vtable    0    20000000    0000026c     UNINITIALIZED
                  20000000    0000026c     driverlib.lib : interrupt.obj (.vtable)

.data      0    20000470    00000111     UNINITIALIZED
                  20000470    000000fa     main.obj (.data:responseESP)
                  2000056a    00000010     main.obj (.data:gateway)
                  2000057a    00000006     main.obj (.data:adcVals)
                  20000580    00000001     main.obj (.data)

.bss       0    20000584    00000018     UNINITIALIZED
                  20000584    00000004     (.common:ui32Load)
                  20000588    00000004     (.common:ui32PWMClock)
                  2000058c    00000004     (.common:ui8Adjust1)
                  20000590    00000004     (.common:ui8Adjust2)
                  20000594    00000004     (.common:ui8Adjust3)
                  20000598    00000004     (.common:ui8Adjust4)

.stack     0    20000270    00000200     UNINITIALIZED
                  20000270    00000004     rtsv7M4_T_le_v4SPD16_eabi.lib : boot_cortex_m.c.obj (.stack)
                  20000274    000001fc     --HOLE--

__llvm_prf_cnts 
*          0    20000000    00000000     UNINITIALIZED

MODULE SUMMARY

       Module                         code   ro data   rw data
       ------                         ----   -------   -------
    ./
       main.obj                       3916   0         297    
       tm4c123gh6pm_startup_ccs.obj   12     620       0      
    +--+------------------------------+------+---------+---------+
       Total:                         3928   620       297    
                                                              
    /home/akshat/ti/TivaWare_C_Series-2.2.0.295/driverlib/ccs/Debug/driverlib.lib
       sysctl.obj                     762    108       0      
       interrupt.obj                  172    20        620    
       gpio.obj                       654    144       0      
       timer.obj                      264    160       0      
       uart.obj                       160    0         0      
       i2c.obj                        136    0         0      
       pwm.obj                        110    0         0      
       qei.obj                        60     0         0      
       cpu.obj                        12     0         0      
    +--+------------------------------+------+---------+---------+
       Total:                         2330   432       620    
                                                              
    /home/akshat/ti/ccs1110/ccs/tools/compiler/ti-cgt-arm_20.2.7.LTS/lib/rtsv7M4_T_le_v4SPD16_eabi.lib
       ctype.c.obj                    0      257       0      
       memcpy_t2.asm.obj              156    0         0      
       ull_div_t2.asm.obj             150    0         0      
       copy_decompress_lzss.c.obj     104    0         0      
       atoi.c.obj                     76     0         0      
       autoinit.c.obj                 68     0         0      
       strncpy.c.obj                  54     0         0      
       boot_cortex_m.c.obj            52     0         0      
       strstr.c.obj                   52     0         0      
       copy_zero_init.c.obj           28     0         0      
       strchr.c.obj                   22     0         0      
       copy_decompress_none.c.obj     14     0         0      
       exit.c.obj                     4      0         0      
       pre_init.c.obj                 4      0         0      
       div0.asm.obj                   2      0         0      
    +--+------------------------------+------+---------+---------+
       Total:                         786    257       0      
                                                              
       Stack:                         0      0         512    
       Linker Generated:              0      61        0      
    +--+------------------------------+------+---------+---------+
       Grand Total:                   7044   1370      1429   


LINKER GENERATED COPY TABLES

__TI_cinit_table @ 000020d8 records: 3, size/record: 8, table size: 24
	.data: load addr=000020bc, load size=00000009 bytes, run addr=20000470, run size=00000111 bytes, compression=lzss
	.bss: load addr=000020c8, load size=00000008 bytes, run addr=20000584, run size=00000018 bytes, compression=zero_init
	.vtable: load addr=000020d0, load size=00000008 bytes, run addr=20000000, run size=0000026c bytes, compression=zero_init


LINKER GENERATED HANDLER TABLE

__TI_handler_table @ 000020b0 records: 3, size/record: 4, table size: 12
	index: 0, handler: __TI_zero_init
	index: 1, handler: __TI_decompress_lzss
	index: 2, handler: __TI_decompress_none


GLOBAL SYMBOLS: SORTED ALPHABETICALLY BY Name 

address   name                          
-------   ----                          
00001df3  C$$EXIT                       
00001d4f  CPUcpsie                      
00000c19  ESP01_Setup                   
00000b27  ESP01_checkResponse           
00000b71  ESP01_extractADCVals          
00000de1  ESP01_fetchData               
00000aa3  ESP01_readResponse            
000009fd  ESP01_sendATCommand           
00001ae1  GPIODirModeSet                
000011b9  GPIOPadConfigSet              
000017e5  GPIOPinConfigure              
00001dc9  GPIOPinRead                   
00001bed  GPIOPinTypeGPIOInput          
00001b8b  GPIOPinTypeGPIOOutput         
00001c03  GPIOPinTypeI2C                
00001c19  GPIOPinTypeI2CSCL             
00001c2f  GPIOPinTypePWM                
00001c45  GPIOPinTypeQEI                
00001c5b  GPIOPinTypeUART               
00001dcf  GPIOPinWrite                  
00001db1  I2CMasterBusy                 
00001ddb  I2CMasterControl              
00001ddf  I2CMasterDataGet              
00001de3  I2CMasterDataPut              
00001d7f  I2CMasterEnable               
00001c71  I2CMasterErr                  
00001831  I2CMasterInitExpClk           
00001db9  I2CMasterSlaveAddrSet         
00001665  IntEnable                     
00001ce9  IntMasterEnable               
00001a11  IntRegister                   
00001b0d  PWMGenConfigure               
00001d5b  PWMGenEnable                  
00001cf9  PWMGenPeriodSet               
00001cc5  PWMOutputState                
00001b51  PWMPulseWidthSet              
00001d09  QEIConfigure                  
00001d89  QEIEnable                     
00001d67  QEIFilterConfigure            
00001d93  QEIFilterEnable               
00001de7  QEIPositionSet                
00001d9d  QEIVelocityEnable             
00001d73  ResetISR                      
00001325  SysCtlClockGet                
0000143d  SysCtlClockSet                
00001dd5  SysCtlDelay                   
00001ba5  SysCtlPWMClockGet             
00001c9d  SysCtlPWMClockSet             
00001a45  SysCtlPeripheralEnable        
000019a1  SysCtlPeripheralReady         
00001795  SysCtlPeripheralReset         
00000a41  Timer0A_Handler               
00000a5d  Timer0_Init                   
00001735  TimerConfigure                
00001bbd  TimerDisable                  
00001d17  TimerEnable                   
00001deb  TimerIntClear                 
00001dc1  TimerIntEnable                
00001bd5  TimerIntRegister              
00001cd7  TimerLoadSet                  
0000094d  UART0_Init                    
000009c5  UART0_PrintString             
00001d25  UARTCharGetNonBlocking        
00001da7  UARTCharPut                   
00001d33  UARTCharsAvail                
00001915  UARTConfigSetExpClk           
00001b31  UARTDisable                   
00001cb1  UARTEnable                    
20000470  __STACK_END                   
00000200  __STACK_SIZE                  
20000470  __STACK_TOP                   
000020d8  __TI_CINIT_Base               
000020f0  __TI_CINIT_Limit              
000020b0  __TI_Handler_Table_Base       
000020bc  __TI_Handler_Table_Limit      
0000195d  __TI_auto_init_nobinit_nopinit
000016cd  __TI_decompress_lzss          
00001d41  __TI_decompress_none          
ffffffff  __TI_pprof_out_hndl           
ffffffff  __TI_prof_data_size           
ffffffff  __TI_prof_data_start          
00000000  __TI_static_base__            
00001b6f  __TI_zero_init_nomemset       
00001663  __aeabi_idiv0                 
00001663  __aeabi_ldiv0                 
00001531  __aeabi_memcpy                
00001531  __aeabi_memcpy4               
00001531  __aeabi_memcpy8               
000015cd  __aeabi_uldivmod              
ffffffff  __binit__                     
ffffffff  __c_args__                    
UNDEFED   __mpu_init                    
20000270  __stack                       
20000000  __start___llvm_prf_cnts       
20000000  __stop___llvm_prf_cnts        
00001a79  _c_int00_noargs               
00001df8  _ctypes_                      
UNDEFED   _system_post_cinit            
00001def  _system_pre_init              
00001df3  abort                         
2000057a  adcVals                       
000018c9  atoi                          
ffffffff  binit                         
0000026d  delay_ms                      
0000028d  delay_us                      
20000000  g_pfnRAMVectors               
00000000  g_pfnVectors                  
2000056a  gateway                       
00000ebd  main                          
00001531  memcpy                        
0000036f  mpu9250_init                  
000004b7  mpu9250_readAcceleration      
000003cb  mpu9250_readBytes             
000002b5  recover_i2c_bus               
20000470  responseESP                   
00001c87  strchr                        
000019d9  strncpy                       
00001aad  strstr                        
20000580  timerExpired                  
20000584  ui32Load                      
20000588  ui32PWMClock                  
2000058c  ui8Adjust1                    
20000590  ui8Adjust2                    
20000594  ui8Adjust3                    
20000598  ui8Adjust4                    
000007f5  wheel_setSpeed                
0000058d  wheels_init                   


GLOBAL SYMBOLS: SORTED BY Symbol Address 

address   name                          
-------   ----                          
00000000  __TI_static_base__            
00000000  g_pfnVectors                  
00000200  __STACK_SIZE                  
0000026d  delay_ms                      
0000028d  delay_us                      
000002b5  recover_i2c_bus               
0000036f  mpu9250_init                  
000003cb  mpu9250_readBytes             
000004b7  mpu9250_readAcceleration      
0000058d  wheels_init                   
000007f5  wheel_setSpeed                
0000094d  UART0_Init                    
000009c5  UART0_PrintString             
000009fd  ESP01_sendATCommand           
00000a41  Timer0A_Handler               
00000a5d  Timer0_Init                   
00000aa3  ESP01_readResponse            
00000b27  ESP01_checkResponse           
00000b71  ESP01_extractADCVals          
00000c19  ESP01_Setup                   
00000de1  ESP01_fetchData               
00000ebd  main                          
000011b9  GPIOPadConfigSet              
00001325  SysCtlClockGet                
0000143d  SysCtlClockSet                
00001531  __aeabi_memcpy                
00001531  __aeabi_memcpy4               
00001531  __aeabi_memcpy8               
00001531  memcpy                        
000015cd  __aeabi_uldivmod              
00001663  __aeabi_idiv0                 
00001663  __aeabi_ldiv0                 
00001665  IntEnable                     
000016cd  __TI_decompress_lzss          
00001735  TimerConfigure                
00001795  SysCtlPeripheralReset         
000017e5  GPIOPinConfigure              
00001831  I2CMasterInitExpClk           
000018c9  atoi                          
00001915  UARTConfigSetExpClk           
0000195d  __TI_auto_init_nobinit_nopinit
000019a1  SysCtlPeripheralReady         
000019d9  strncpy                       
00001a11  IntRegister                   
00001a45  SysCtlPeripheralEnable        
00001a79  _c_int00_noargs               
00001aad  strstr                        
00001ae1  GPIODirModeSet                
00001b0d  PWMGenConfigure               
00001b31  UARTDisable                   
00001b51  PWMPulseWidthSet              
00001b6f  __TI_zero_init_nomemset       
00001b8b  GPIOPinTypeGPIOOutput         
00001ba5  SysCtlPWMClockGet             
00001bbd  TimerDisable                  
00001bd5  TimerIntRegister              
00001bed  GPIOPinTypeGPIOInput          
00001c03  GPIOPinTypeI2C                
00001c19  GPIOPinTypeI2CSCL             
00001c2f  GPIOPinTypePWM                
00001c45  GPIOPinTypeQEI                
00001c5b  GPIOPinTypeUART               
00001c71  I2CMasterErr                  
00001c87  strchr                        
00001c9d  SysCtlPWMClockSet             
00001cb1  UARTEnable                    
00001cc5  PWMOutputState                
00001cd7  TimerLoadSet                  
00001ce9  IntMasterEnable               
00001cf9  PWMGenPeriodSet               
00001d09  QEIConfigure                  
00001d17  TimerEnable                   
00001d25  UARTCharGetNonBlocking        
00001d33  UARTCharsAvail                
00001d41  __TI_decompress_none          
00001d4f  CPUcpsie                      
00001d5b  PWMGenEnable                  
00001d67  QEIFilterConfigure            
00001d73  ResetISR                      
00001d7f  I2CMasterEnable               
00001d89  QEIEnable                     
00001d93  QEIFilterEnable               
00001d9d  QEIVelocityEnable             
00001da7  UARTCharPut                   
00001db1  I2CMasterBusy                 
00001db9  I2CMasterSlaveAddrSet         
00001dc1  TimerIntEnable                
00001dc9  GPIOPinRead                   
00001dcf  GPIOPinWrite                  
00001dd5  SysCtlDelay                   
00001ddb  I2CMasterControl              
00001ddf  I2CMasterDataGet              
00001de3  I2CMasterDataPut              
00001de7  QEIPositionSet                
00001deb  TimerIntClear                 
00001def  _system_pre_init              
00001df3  C$$EXIT                       
00001df3  abort                         
00001df8  _ctypes_                      
000020b0  __TI_Handler_Table_Base       
000020bc  __TI_Handler_Table_Limit      
000020d8  __TI_CINIT_Base               
000020f0  __TI_CINIT_Limit              
20000000  __start___llvm_prf_cnts       
20000000  __stop___llvm_prf_cnts        
20000000  g_pfnRAMVectors               
20000270  __stack                       
20000470  __STACK_END                   
20000470  __STACK_TOP                   
20000470  responseESP                   
2000056a  gateway                       
2000057a  adcVals                       
20000580  timerExpired                  
20000584  ui32Load                      
20000588  ui32PWMClock                  
2000058c  ui8Adjust1                    
20000590  ui8Adjust2                    
20000594  ui8Adjust3                    
20000598  ui8Adjust4                    
ffffffff  __TI_pprof_out_hndl           
ffffffff  __TI_prof_data_size           
ffffffff  __TI_prof_data_start          
ffffffff  __binit__                     
ffffffff  __c_args__                    
ffffffff  binit                         
UNDEFED   __mpu_init                    
UNDEFED   _system_post_cinit            

[127 symbols]
